[Mon Aug 11 15:06:06 2025] >> 
[Mon Aug 11 15:06:06 2025] >> PROGRAM START
[Mon Aug 11 15:06:06 2025] >> TRAIN FLAG: False
[Mon Aug 11 15:06:06 2025] >> DATA SET: Cifar10
[Mon Aug 11 15:06:06 2025] >> default_manipulate_range: 
[]
[Mon Aug 11 15:06:06 2025] >> error_in_time: 
[0.0, 0.0, 0.0, 0.0, 0.0, 0.0, 0.0, 0.0, 0.0, 0.0, 0.0, 0.0, 0.0, 0.0, 0.0, 0.0, 0.0, 0.0, 0.0, 0.0, 0.0, 0.0, 0.0, 0.0, 0.0, 0.0, 0.0, 0.0, 0.0, 0.0, 0.0, 0.0, 0.0, 0.0, 0.0, 0.0, 0.0, 0.0, 0.0, 0.0, 0.0, 0.0, 0.0, 0.0, 0.0, 0.0, 0.0, 0.0, 0.0, 0.0, 0.0, 0.0, 0.0, 0.0, 0.0, 0.0, 0.0, 0.0, 0.0, 0.0, 0.0, 0.0, 0.0, 0.0, 0.0, 0.0, 0.0, 0.0, 0.0, 0.0, 0.0, 0.0, 0.0, 0.0, 0.0, 0.0, 0.0, 0.0, 0.0, 0.0, 0.0, 0.0, 0.0, 0.0, 0.0, 0.0, 0.0, 0.0, 0.0, 0.0, 0.0, 0.0, 0.0, 0.0, 0.0, 0.0, 0.0, 0.0, 0.0, 0.0, 0.0, 0.0, 0.0, 0.0, 0.0, 0.0, 0.0, 0.0, 0.0, 0.0, 0.0007, 0.0007, 0.0007, 0.0007, 0.0012, 0.0012, 0.0012, 0.002, 0.0039, 0.0039, 0.0039, 0.0039, 0.0051, 0.0051, 0.0051, 0.0054, 0.0061, 0.0061, 0.0061, 0.0061, 0.0066, 0.0071, 0.0071, 0.0085, 0.0093, 0.0093, 0.0093, 0.0098, 0.0098, 0.01, 0.011, 0.011, 0.011, 0.012, 0.0127, 0.0127, 0.0127, 0.0132, 0.0132, 0.0149, 0.0149, 0.0149, 0.0159, 0.0159, 0.0159, 0.0193, 0.0193, 0.0193, 0.0193, 0.0193, 0.02, 0.0205, 0.0212, 0.0227, 0.0242, 0.0247, 0.0251, 0.0256, 0.0266, 0.0266, 0.0266, 0.0276, 0.0281, 0.0288, 0.0288, 0.0293, 0.0293, 0.0298, 0.0308, 0.0308, 0.0317, 0.032, 0.0322, 0.0322, 0.0322, 0.0327, 0.0327, 0.0332, 0.0332, 0.0334, 0.0337, 0.0337, 0.0354, 0.0356, 0.0356, 0.0356, 0.0361, 0.0361, 0.0364, 0.0364]
[Mon Aug 11 15:06:06 2025] >> ---MAIN INFERENCE---
[Mon Aug 11 15:06:06 2025] >> network: darknetManiCifar10
[Mon Aug 11 15:06:08 2025] >> testing accuracy: 0.8203
[Mon Aug 11 15:06:08 2025] >> testing accuracy: 0.8203
[Mon Aug 11 15:06:08 2025] >> testing accuracy: 0.8203
[Mon Aug 11 15:06:08 2025] >> testing accuracy: 0.8203
[Mon Aug 11 15:06:08 2025] >> testing accuracy: 0.8203
[Mon Aug 11 15:06:08 2025] >> testing accuracy: 0.8203
[Mon Aug 11 15:06:08 2025] >> testing accuracy: 0.8203
[Mon Aug 11 15:06:08 2025] >> testing accuracy: 0.8203
[Mon Aug 11 15:06:08 2025] >> testing accuracy: 0.8203
[Mon Aug 11 15:06:08 2025] >> testing accuracy: 0.8203
[Mon Aug 11 15:06:08 2025] >> testing accuracy: 0.8203
[Mon Aug 11 15:06:08 2025] >> testing accuracy: 0.8203
[Mon Aug 11 15:06:08 2025] >> testing accuracy: 0.8203
[Mon Aug 11 15:06:08 2025] >> testing accuracy: 0.8203
[Mon Aug 11 15:06:08 2025] >> testing accuracy: 0.8203
[Mon Aug 11 15:06:08 2025] >> testing accuracy: 0.8203
[Mon Aug 11 15:06:08 2025] >> testing accuracy: 0.8203
[Mon Aug 11 15:06:08 2025] >> testing accuracy: 0.8203
[Mon Aug 11 15:06:08 2025] >> testing accuracy: 0.8203
[Mon Aug 11 15:06:08 2025] >> testing accuracy: 0.8203
[Mon Aug 11 15:06:08 2025] >> testing accuracy: 0.8203
[Mon Aug 11 15:06:08 2025] >> testing accuracy: 0.8203
[Mon Aug 11 15:06:08 2025] >> testing accuracy: 0.8203
[Mon Aug 11 15:06:08 2025] >> testing accuracy: 0.8203
[Mon Aug 11 15:06:08 2025] >> testing accuracy: 0.8203
[Mon Aug 11 15:06:08 2025] >> testing accuracy: 0.8203
[Mon Aug 11 15:06:08 2025] >> testing accuracy: 0.8203
[Mon Aug 11 15:06:08 2025] >> testing accuracy: 0.8203
[Mon Aug 11 15:06:08 2025] >> testing accuracy: 0.8203
[Mon Aug 11 15:06:08 2025] >> testing accuracy: 0.8203
[Mon Aug 11 15:06:08 2025] >> testing accuracy: 0.8203
[Mon Aug 11 15:06:08 2025] >> testing accuracy: 0.8203
[Mon Aug 11 15:06:08 2025] >> testing accuracy: 0.8203
[Mon Aug 11 15:06:08 2025] >> testing accuracy: 0.8203
[Mon Aug 11 15:06:08 2025] >> testing accuracy: 0.8203
[Mon Aug 11 15:06:08 2025] >> testing accuracy: 0.8203
[Mon Aug 11 15:06:08 2025] >> testing accuracy: 0.8203
[Mon Aug 11 15:06:08 2025] >> testing accuracy: 0.8203
[Mon Aug 11 15:06:08 2025] >> testing accuracy: 0.8203
[Mon Aug 11 15:06:08 2025] >> testing accuracy: 0.8203
[Mon Aug 11 15:06:08 2025] >> testing accuracy: 0.8203
[Mon Aug 11 15:06:08 2025] >> testing accuracy: 0.8203
[Mon Aug 11 15:06:08 2025] >> testing accuracy: 0.8203
[Mon Aug 11 15:06:08 2025] >> testing accuracy: 0.8203
[Mon Aug 11 15:06:08 2025] >> testing accuracy: 0.8203
[Mon Aug 11 15:06:08 2025] >> testing accuracy: 0.8203
[Mon Aug 11 15:06:08 2025] >> testing accuracy: 0.8203
[Mon Aug 11 15:06:08 2025] >> testing accuracy: 0.8203
[Mon Aug 11 15:06:08 2025] >> testing accuracy: 0.8203
[Mon Aug 11 15:06:08 2025] >> testing accuracy: 0.8203
[Mon Aug 11 15:06:08 2025] >> testing accuracy: 0.8203
[Mon Aug 11 15:06:08 2025] >> testing accuracy: 0.8203
[Mon Aug 11 15:06:08 2025] >> testing accuracy: 0.8203
[Mon Aug 11 15:06:08 2025] >> testing accuracy: 0.8203
[Mon Aug 11 15:06:08 2025] >> testing accuracy: 0.8203
[Mon Aug 11 15:06:08 2025] >> testing accuracy: 0.8203
[Mon Aug 11 15:06:08 2025] >> testing accuracy: 0.8203
[Mon Aug 11 15:06:08 2025] >> testing accuracy: 0.8203
[Mon Aug 11 15:06:08 2025] >> testing accuracy: 0.8203
[Mon Aug 11 15:06:08 2025] >> testing accuracy: 0.8203
[Mon Aug 11 15:06:08 2025] >> testing accuracy: 0.8203
[Mon Aug 11 15:06:08 2025] >> testing accuracy: 0.8203
[Mon Aug 11 15:06:08 2025] >> testing accuracy: 0.8203
[Mon Aug 11 15:06:08 2025] >> testing accuracy: 0.8203
[Mon Aug 11 15:06:08 2025] >> testing accuracy: 0.8203
[Mon Aug 11 15:06:08 2025] >> testing accuracy: 0.8203
[Mon Aug 11 15:06:08 2025] >> testing accuracy: 0.8203
[Mon Aug 11 15:06:08 2025] >> testing accuracy: 0.8203
[Mon Aug 11 15:06:08 2025] >> testing accuracy: 0.8203
[Mon Aug 11 15:06:08 2025] >> testing accuracy: 0.8203
[Mon Aug 11 15:06:08 2025] >> testing accuracy: 0.8203
[Mon Aug 11 15:06:08 2025] >> testing accuracy: 0.8203
[Mon Aug 11 15:06:08 2025] >> testing accuracy: 0.8203
[Mon Aug 11 15:06:08 2025] >> testing accuracy: 0.8203
[Mon Aug 11 15:06:08 2025] >> testing accuracy: 0.8203
[Mon Aug 11 15:06:08 2025] >> testing accuracy: 0.8203
[Mon Aug 11 15:06:08 2025] >> testing accuracy: 0.8203
[Mon Aug 11 15:06:08 2025] >> testing accuracy: 0.8203
[Mon Aug 11 15:06:08 2025] >> testing accuracy: 0.8203
[Mon Aug 11 15:06:08 2025] >> testing accuracy: 0.8203
[Mon Aug 11 15:06:08 2025] >> testing accuracy: 0.8203
[Mon Aug 11 15:06:08 2025] >> testing accuracy: 0.8203
[Mon Aug 11 15:06:08 2025] >> testing accuracy: 0.8203
[Mon Aug 11 15:06:08 2025] >> testing accuracy: 0.8203
[Mon Aug 11 15:06:08 2025] >> testing accuracy: 0.8203
[Mon Aug 11 15:06:08 2025] >> testing accuracy: 0.8203
[Mon Aug 11 15:06:08 2025] >> testing accuracy: 0.8203
[Mon Aug 11 15:06:08 2025] >> testing accuracy: 0.8203
[Mon Aug 11 15:06:08 2025] >> testing accuracy: 0.8203
[Mon Aug 11 15:06:08 2025] >> testing accuracy: 0.8203
[Mon Aug 11 15:06:08 2025] >> testing accuracy: 0.8203
[Mon Aug 11 15:06:08 2025] >> testing accuracy: 0.8203
[Mon Aug 11 15:06:08 2025] >> testing accuracy: 0.8203
[Mon Aug 11 15:06:08 2025] >> testing accuracy: 0.8203
[Mon Aug 11 15:06:08 2025] >> testing accuracy: 0.8203
[Mon Aug 11 15:06:08 2025] >> testing accuracy: 0.8203
[Mon Aug 11 15:06:08 2025] >> testing accuracy: 0.8203
[Mon Aug 11 15:06:08 2025] >> testing accuracy: 0.8203
[Mon Aug 11 15:06:08 2025] >> testing accuracy: 0.8203
[Mon Aug 11 15:06:08 2025] >> testing accuracy: 0.8203
[Mon Aug 11 15:06:08 2025] >> testing accuracy: 0.8203
[Mon Aug 11 15:06:08 2025] >> testing accuracy: 0.8203
[Mon Aug 11 15:06:08 2025] >> testing accuracy: 0.8203
[Mon Aug 11 15:06:08 2025] >> testing accuracy: 0.8203
[Mon Aug 11 15:06:08 2025] >> testing accuracy: 0.8203
[Mon Aug 11 15:06:08 2025] >> testing accuracy: 0.8203
[Mon Aug 11 15:06:08 2025] >> testing accuracy: 0.8203
[Mon Aug 11 15:06:08 2025] >> testing accuracy: 0.8203
[Mon Aug 11 15:06:08 2025] >> testing accuracy: 0.8203
[Mon Aug 11 15:06:08 2025] >> testing accuracy: 0.8203
[Mon Aug 11 15:06:11 2025] >> testing accuracy: 0.8039
[Mon Aug 11 15:06:11 2025] >> testing accuracy: 0.8039
[Mon Aug 11 15:06:11 2025] >> testing accuracy: 0.8039
[Mon Aug 11 15:06:11 2025] >> testing accuracy: 0.8039
[Mon Aug 11 15:06:13 2025] >> testing accuracy: 0.7904
[Mon Aug 11 15:06:13 2025] >> testing accuracy: 0.7904
[Mon Aug 11 15:06:13 2025] >> testing accuracy: 0.7904
[Mon Aug 11 15:06:16 2025] >> testing accuracy: 0.7656
[Mon Aug 11 15:06:18 2025] >> testing accuracy: 0.6671
[Mon Aug 11 15:06:18 2025] >> testing accuracy: 0.6671
[Mon Aug 11 15:06:18 2025] >> testing accuracy: 0.6671
[Mon Aug 11 15:06:18 2025] >> testing accuracy: 0.6671
[Mon Aug 11 15:06:21 2025] >> testing accuracy: 0.6169
[Mon Aug 11 15:06:21 2025] >> testing accuracy: 0.6169
[Mon Aug 11 15:06:21 2025] >> testing accuracy: 0.6169
[Mon Aug 11 15:06:24 2025] >> testing accuracy: 0.6070
[Mon Aug 11 15:06:26 2025] >> testing accuracy: 0.5660
[Mon Aug 11 15:06:26 2025] >> testing accuracy: 0.5660
[Mon Aug 11 15:06:26 2025] >> testing accuracy: 0.5660
[Mon Aug 11 15:06:26 2025] >> testing accuracy: 0.5660
[Mon Aug 11 15:06:29 2025] >> testing accuracy: 0.5446
[Mon Aug 11 15:06:31 2025] >> testing accuracy: 0.4565
[Mon Aug 11 15:06:31 2025] >> testing accuracy: 0.4565
[Mon Aug 11 15:06:34 2025] >> testing accuracy: 0.2404
[Mon Aug 11 15:06:37 2025] >> testing accuracy: 0.2117
[Mon Aug 11 15:06:37 2025] >> testing accuracy: 0.2117
[Mon Aug 11 15:06:37 2025] >> testing accuracy: 0.2117
[Mon Aug 11 15:06:39 2025] >> testing accuracy: 0.1854
[Mon Aug 11 15:06:39 2025] >> testing accuracy: 0.1854
[Mon Aug 11 15:06:42 2025] >> testing accuracy: 0.1686
[Mon Aug 11 15:06:45 2025] >> testing accuracy: 0.1560
[Mon Aug 11 15:06:45 2025] >> testing accuracy: 0.1560
[Mon Aug 11 15:06:45 2025] >> testing accuracy: 0.1560
[Mon Aug 11 15:06:47 2025] >> testing accuracy: 0.1511
[Mon Aug 11 15:06:50 2025] >> testing accuracy: 0.1452
[Mon Aug 11 15:06:50 2025] >> testing accuracy: 0.1452
[Mon Aug 11 15:06:50 2025] >> testing accuracy: 0.1452
[Mon Aug 11 15:06:53 2025] >> testing accuracy: 0.1434
[Mon Aug 11 15:06:53 2025] >> testing accuracy: 0.1434
[Mon Aug 11 15:06:56 2025] >> testing accuracy: 0.1407
[Mon Aug 11 15:06:56 2025] >> testing accuracy: 0.1407
[Mon Aug 11 15:06:56 2025] >> testing accuracy: 0.1407
[Mon Aug 11 15:06:58 2025] >> testing accuracy: 0.1425
[Mon Aug 11 15:06:58 2025] >> testing accuracy: 0.1425
[Mon Aug 11 15:06:58 2025] >> testing accuracy: 0.1425
[Mon Aug 11 15:07:01 2025] >> testing accuracy: 0.1413
[Mon Aug 11 15:07:01 2025] >> testing accuracy: 0.1413
[Mon Aug 11 15:07:01 2025] >> testing accuracy: 0.1413
[Mon Aug 11 15:07:01 2025] >> testing accuracy: 0.1413
[Mon Aug 11 15:07:01 2025] >> testing accuracy: 0.1413
[Mon Aug 11 15:07:04 2025] >> testing accuracy: 0.1449
[Mon Aug 11 15:07:07 2025] >> testing accuracy: 0.1459
[Mon Aug 11 15:07:09 2025] >> testing accuracy: 0.1469
[Mon Aug 11 15:07:12 2025] >> testing accuracy: 0.1430
[Mon Aug 11 15:07:15 2025] >> testing accuracy: 0.1477
[Mon Aug 11 15:07:18 2025] >> testing accuracy: 0.1404
[Mon Aug 11 15:07:21 2025] >> testing accuracy: 0.1457
[Mon Aug 11 15:07:23 2025] >> testing accuracy: 0.1410
[Mon Aug 11 15:07:26 2025] >> testing accuracy: 0.1430
[Mon Aug 11 15:07:26 2025] >> testing accuracy: 0.1430
[Mon Aug 11 15:07:26 2025] >> testing accuracy: 0.1430
[Mon Aug 11 15:07:29 2025] >> testing accuracy: 0.1456
[Mon Aug 11 15:07:32 2025] >> testing accuracy: 0.1400
[Mon Aug 11 15:07:35 2025] >> testing accuracy: 0.1437
[Mon Aug 11 15:07:35 2025] >> testing accuracy: 0.1437
[Mon Aug 11 15:07:38 2025] >> testing accuracy: 0.1414
[Mon Aug 11 15:07:38 2025] >> testing accuracy: 0.1414
[Mon Aug 11 15:07:41 2025] >> testing accuracy: 0.1491
[Mon Aug 11 15:07:44 2025] >> testing accuracy: 0.1486
[Mon Aug 11 15:07:44 2025] >> testing accuracy: 0.1486
[Mon Aug 11 15:07:47 2025] >> testing accuracy: 0.1451
[Mon Aug 11 15:07:50 2025] >> testing accuracy: 0.1432
[Mon Aug 11 15:07:52 2025] >> testing accuracy: 0.1448
[Mon Aug 11 15:07:52 2025] >> testing accuracy: 0.1448
[Mon Aug 11 15:07:52 2025] >> testing accuracy: 0.1448
[Mon Aug 11 15:07:55 2025] >> testing accuracy: 0.1480
[Mon Aug 11 15:07:55 2025] >> testing accuracy: 0.1480
[Mon Aug 11 15:07:58 2025] >> testing accuracy: 0.1443
[Mon Aug 11 15:07:58 2025] >> testing accuracy: 0.1443
[Mon Aug 11 15:08:01 2025] >> testing accuracy: 0.1484
[Mon Aug 11 15:08:04 2025] >> testing accuracy: 0.1481
[Mon Aug 11 15:08:04 2025] >> testing accuracy: 0.1481
[Mon Aug 11 15:08:07 2025] >> testing accuracy: 0.1515
[Mon Aug 11 15:08:10 2025] >> testing accuracy: 0.1522
[Mon Aug 11 15:08:10 2025] >> testing accuracy: 0.1522
[Mon Aug 11 15:08:10 2025] >> testing accuracy: 0.1522
[Mon Aug 11 15:08:13 2025] >> testing accuracy: 0.1466
[Mon Aug 11 15:08:13 2025] >> testing accuracy: 0.1466
[Mon Aug 11 15:08:16 2025] >> testing accuracy: 0.1457
[Mon Aug 11 15:08:16 2025] >> testing accuracy: 0.1457
[Mon Aug 11 15:08:16 2025] >> 
[Mon Aug 11 15:08:16 2025] >> network: squeezenetManiCifar10
[Mon Aug 11 15:08:19 2025] >> testing accuracy: 0.8079
[Mon Aug 11 15:08:19 2025] >> testing accuracy: 0.8079
[Mon Aug 11 15:08:19 2025] >> testing accuracy: 0.8079
[Mon Aug 11 15:08:19 2025] >> testing accuracy: 0.8079
[Mon Aug 11 15:08:19 2025] >> testing accuracy: 0.8079
[Mon Aug 11 15:08:19 2025] >> testing accuracy: 0.8079
[Mon Aug 11 15:08:19 2025] >> testing accuracy: 0.8079
[Mon Aug 11 15:08:19 2025] >> testing accuracy: 0.8079
[Mon Aug 11 15:08:19 2025] >> testing accuracy: 0.8079
[Mon Aug 11 15:08:19 2025] >> testing accuracy: 0.8079
[Mon Aug 11 15:08:19 2025] >> testing accuracy: 0.8079
[Mon Aug 11 15:08:19 2025] >> testing accuracy: 0.8079
[Mon Aug 11 15:08:19 2025] >> testing accuracy: 0.8079
[Mon Aug 11 15:08:19 2025] >> testing accuracy: 0.8079
[Mon Aug 11 15:08:19 2025] >> testing accuracy: 0.8079
[Mon Aug 11 15:08:19 2025] >> testing accuracy: 0.8079
[Mon Aug 11 15:08:19 2025] >> testing accuracy: 0.8079
[Mon Aug 11 15:08:19 2025] >> testing accuracy: 0.8079
[Mon Aug 11 15:08:19 2025] >> testing accuracy: 0.8079
[Mon Aug 11 15:08:19 2025] >> testing accuracy: 0.8079
[Mon Aug 11 15:08:19 2025] >> testing accuracy: 0.8079
[Mon Aug 11 15:08:19 2025] >> testing accuracy: 0.8079
[Mon Aug 11 15:08:19 2025] >> testing accuracy: 0.8079
[Mon Aug 11 15:08:19 2025] >> testing accuracy: 0.8079
[Mon Aug 11 15:08:19 2025] >> testing accuracy: 0.8079
[Mon Aug 11 15:08:19 2025] >> testing accuracy: 0.8079
[Mon Aug 11 15:08:19 2025] >> testing accuracy: 0.8079
[Mon Aug 11 15:08:19 2025] >> testing accuracy: 0.8079
[Mon Aug 11 15:08:19 2025] >> testing accuracy: 0.8079
[Mon Aug 11 15:08:19 2025] >> testing accuracy: 0.8079
[Mon Aug 11 15:08:19 2025] >> testing accuracy: 0.8079
[Mon Aug 11 15:08:19 2025] >> testing accuracy: 0.8079
[Mon Aug 11 15:08:19 2025] >> testing accuracy: 0.8079
[Mon Aug 11 15:08:19 2025] >> testing accuracy: 0.8079
[Mon Aug 11 15:08:19 2025] >> testing accuracy: 0.8079
[Mon Aug 11 15:08:19 2025] >> testing accuracy: 0.8079
[Mon Aug 11 15:08:19 2025] >> testing accuracy: 0.8079
[Mon Aug 11 15:08:19 2025] >> testing accuracy: 0.8079
[Mon Aug 11 15:08:19 2025] >> testing accuracy: 0.8079
[Mon Aug 11 15:08:19 2025] >> testing accuracy: 0.8079
[Mon Aug 11 15:08:19 2025] >> testing accuracy: 0.8079
[Mon Aug 11 15:08:19 2025] >> testing accuracy: 0.8079
[Mon Aug 11 15:08:19 2025] >> testing accuracy: 0.8079
[Mon Aug 11 15:08:19 2025] >> testing accuracy: 0.8079
[Mon Aug 11 15:08:19 2025] >> testing accuracy: 0.8079
[Mon Aug 11 15:08:19 2025] >> testing accuracy: 0.8079
[Mon Aug 11 15:08:19 2025] >> testing accuracy: 0.8079
[Mon Aug 11 15:08:19 2025] >> testing accuracy: 0.8079
[Mon Aug 11 15:08:19 2025] >> testing accuracy: 0.8079
[Mon Aug 11 15:08:19 2025] >> testing accuracy: 0.8079
[Mon Aug 11 15:08:19 2025] >> testing accuracy: 0.8079
[Mon Aug 11 15:08:19 2025] >> testing accuracy: 0.8079
[Mon Aug 11 15:08:19 2025] >> testing accuracy: 0.8079
[Mon Aug 11 15:08:19 2025] >> testing accuracy: 0.8079
[Mon Aug 11 15:08:19 2025] >> testing accuracy: 0.8079
[Mon Aug 11 15:08:19 2025] >> testing accuracy: 0.8079
[Mon Aug 11 15:08:19 2025] >> testing accuracy: 0.8079
[Mon Aug 11 15:08:19 2025] >> testing accuracy: 0.8079
[Mon Aug 11 15:08:19 2025] >> testing accuracy: 0.8079
[Mon Aug 11 15:08:19 2025] >> testing accuracy: 0.8079
[Mon Aug 11 15:08:19 2025] >> testing accuracy: 0.8079
[Mon Aug 11 15:08:19 2025] >> testing accuracy: 0.8079
[Mon Aug 11 15:08:19 2025] >> testing accuracy: 0.8079
[Mon Aug 11 15:08:19 2025] >> testing accuracy: 0.8079
[Mon Aug 11 15:08:19 2025] >> testing accuracy: 0.8079
[Mon Aug 11 15:08:19 2025] >> testing accuracy: 0.8079
[Mon Aug 11 15:08:19 2025] >> testing accuracy: 0.8079
[Mon Aug 11 15:08:19 2025] >> testing accuracy: 0.8079
[Mon Aug 11 15:08:19 2025] >> testing accuracy: 0.8079
[Mon Aug 11 15:08:19 2025] >> testing accuracy: 0.8079
[Mon Aug 11 15:08:19 2025] >> testing accuracy: 0.8079
[Mon Aug 11 15:08:19 2025] >> testing accuracy: 0.8079
[Mon Aug 11 15:08:19 2025] >> testing accuracy: 0.8079
[Mon Aug 11 15:08:19 2025] >> testing accuracy: 0.8079
[Mon Aug 11 15:08:19 2025] >> testing accuracy: 0.8079
[Mon Aug 11 15:08:19 2025] >> testing accuracy: 0.8079
[Mon Aug 11 15:08:19 2025] >> testing accuracy: 0.8079
[Mon Aug 11 15:08:19 2025] >> testing accuracy: 0.8079
[Mon Aug 11 15:08:19 2025] >> testing accuracy: 0.8079
[Mon Aug 11 15:08:19 2025] >> testing accuracy: 0.8079
[Mon Aug 11 15:08:19 2025] >> testing accuracy: 0.8079
[Mon Aug 11 15:08:19 2025] >> testing accuracy: 0.8079
[Mon Aug 11 15:08:19 2025] >> testing accuracy: 0.8079
[Mon Aug 11 15:08:19 2025] >> testing accuracy: 0.8079
[Mon Aug 11 15:08:19 2025] >> testing accuracy: 0.8079
[Mon Aug 11 15:08:19 2025] >> testing accuracy: 0.8079
[Mon Aug 11 15:08:19 2025] >> testing accuracy: 0.8079
[Mon Aug 11 15:08:19 2025] >> testing accuracy: 0.8079
[Mon Aug 11 15:08:19 2025] >> testing accuracy: 0.8079
[Mon Aug 11 15:08:19 2025] >> testing accuracy: 0.8079
[Mon Aug 11 15:08:19 2025] >> testing accuracy: 0.8079
[Mon Aug 11 15:08:19 2025] >> testing accuracy: 0.8079
[Mon Aug 11 15:08:19 2025] >> testing accuracy: 0.8079
[Mon Aug 11 15:08:19 2025] >> testing accuracy: 0.8079
[Mon Aug 11 15:08:19 2025] >> testing accuracy: 0.8079
[Mon Aug 11 15:08:19 2025] >> testing accuracy: 0.8079
[Mon Aug 11 15:08:19 2025] >> testing accuracy: 0.8079
[Mon Aug 11 15:08:19 2025] >> testing accuracy: 0.8079
[Mon Aug 11 15:08:19 2025] >> testing accuracy: 0.8079
[Mon Aug 11 15:08:19 2025] >> testing accuracy: 0.8079
[Mon Aug 11 15:08:19 2025] >> testing accuracy: 0.8079
[Mon Aug 11 15:08:19 2025] >> testing accuracy: 0.8079
[Mon Aug 11 15:08:19 2025] >> testing accuracy: 0.8079
[Mon Aug 11 15:08:19 2025] >> testing accuracy: 0.8079
[Mon Aug 11 15:08:19 2025] >> testing accuracy: 0.8079
[Mon Aug 11 15:08:19 2025] >> testing accuracy: 0.8079
[Mon Aug 11 15:08:19 2025] >> testing accuracy: 0.8079
[Mon Aug 11 15:08:19 2025] >> testing accuracy: 0.8079
[Mon Aug 11 15:08:19 2025] >> testing accuracy: 0.8079
[Mon Aug 11 15:08:19 2025] >> testing accuracy: 0.8079
[Mon Aug 11 15:08:22 2025] >> testing accuracy: 0.2813
[Mon Aug 11 15:08:22 2025] >> testing accuracy: 0.2813
[Mon Aug 11 15:08:22 2025] >> testing accuracy: 0.2813
[Mon Aug 11 15:08:22 2025] >> testing accuracy: 0.2813
[Mon Aug 11 15:08:25 2025] >> testing accuracy: 0.1297
[Mon Aug 11 15:08:25 2025] >> testing accuracy: 0.1297
[Mon Aug 11 15:08:25 2025] >> testing accuracy: 0.1297
[Mon Aug 11 15:08:28 2025] >> testing accuracy: 0.1085
[Mon Aug 11 15:08:31 2025] >> testing accuracy: 0.1038
[Mon Aug 11 15:08:31 2025] >> testing accuracy: 0.1038
[Mon Aug 11 15:08:31 2025] >> testing accuracy: 0.1038
[Mon Aug 11 15:08:31 2025] >> testing accuracy: 0.1038
[Mon Aug 11 15:08:34 2025] >> testing accuracy: 0.1052
[Mon Aug 11 15:08:34 2025] >> testing accuracy: 0.1052
[Mon Aug 11 15:08:34 2025] >> testing accuracy: 0.1052
[Mon Aug 11 15:08:37 2025] >> testing accuracy: 0.1042
[Mon Aug 11 15:08:40 2025] >> testing accuracy: 0.1045
[Mon Aug 11 15:08:40 2025] >> testing accuracy: 0.1045
[Mon Aug 11 15:08:40 2025] >> testing accuracy: 0.1045
[Mon Aug 11 15:08:40 2025] >> testing accuracy: 0.1045
[Mon Aug 11 15:08:43 2025] >> testing accuracy: 0.1087
[Mon Aug 11 15:08:46 2025] >> testing accuracy: 0.1054
[Mon Aug 11 15:08:46 2025] >> testing accuracy: 0.1054
[Mon Aug 11 15:08:49 2025] >> testing accuracy: 0.1047
[Mon Aug 11 15:08:52 2025] >> testing accuracy: 0.1102
[Mon Aug 11 15:08:52 2025] >> testing accuracy: 0.1102
[Mon Aug 11 15:08:52 2025] >> testing accuracy: 0.1102
[Mon Aug 11 15:08:55 2025] >> testing accuracy: 0.1098
[Mon Aug 11 15:08:55 2025] >> testing accuracy: 0.1098
[Mon Aug 11 15:08:58 2025] >> testing accuracy: 0.1065
[Mon Aug 11 15:09:02 2025] >> testing accuracy: 0.1051
[Mon Aug 11 15:09:02 2025] >> testing accuracy: 0.1051
[Mon Aug 11 15:09:02 2025] >> testing accuracy: 0.1051
[Mon Aug 11 15:09:05 2025] >> testing accuracy: 0.1083
[Mon Aug 11 15:09:08 2025] >> testing accuracy: 0.1092
[Mon Aug 11 15:09:08 2025] >> testing accuracy: 0.1092
[Mon Aug 11 15:09:08 2025] >> testing accuracy: 0.1092
[Mon Aug 11 15:09:11 2025] >> testing accuracy: 0.1052
[Mon Aug 11 15:09:11 2025] >> testing accuracy: 0.1052
[Mon Aug 11 15:09:15 2025] >> testing accuracy: 0.1105
[Mon Aug 11 15:09:15 2025] >> testing accuracy: 0.1105
[Mon Aug 11 15:09:15 2025] >> testing accuracy: 0.1105
[Mon Aug 11 15:09:18 2025] >> testing accuracy: 0.1075
[Mon Aug 11 15:09:18 2025] >> testing accuracy: 0.1075
[Mon Aug 11 15:09:18 2025] >> testing accuracy: 0.1075
[Mon Aug 11 15:09:22 2025] >> testing accuracy: 0.1092
[Mon Aug 11 15:09:22 2025] >> testing accuracy: 0.1092
[Mon Aug 11 15:09:22 2025] >> testing accuracy: 0.1092
[Mon Aug 11 15:09:22 2025] >> testing accuracy: 0.1092
[Mon Aug 11 15:09:22 2025] >> testing accuracy: 0.1092
[Mon Aug 11 15:09:25 2025] >> testing accuracy: 0.1141
[Mon Aug 11 15:09:29 2025] >> testing accuracy: 0.1091
[Mon Aug 11 15:09:33 2025] >> testing accuracy: 0.1121
[Mon Aug 11 15:09:37 2025] >> testing accuracy: 0.1098
[Mon Aug 11 15:09:40 2025] >> testing accuracy: 0.1093
[Mon Aug 11 15:09:44 2025] >> testing accuracy: 0.1129
[Mon Aug 11 15:09:48 2025] >> testing accuracy: 0.1146
[Mon Aug 11 15:09:52 2025] >> testing accuracy: 0.1135
[Mon Aug 11 15:09:56 2025] >> testing accuracy: 0.1134
[Mon Aug 11 15:09:56 2025] >> testing accuracy: 0.1134
[Mon Aug 11 15:09:56 2025] >> testing accuracy: 0.1134
[Mon Aug 11 15:10:00 2025] >> testing accuracy: 0.1180
[Mon Aug 11 15:10:04 2025] >> testing accuracy: 0.1151
[Mon Aug 11 15:10:08 2025] >> testing accuracy: 0.1200
[Mon Aug 11 15:10:08 2025] >> testing accuracy: 0.1200
[Mon Aug 11 15:10:12 2025] >> testing accuracy: 0.1214
[Mon Aug 11 15:10:12 2025] >> testing accuracy: 0.1214
[Mon Aug 11 15:10:16 2025] >> testing accuracy: 0.1199
[Mon Aug 11 15:10:20 2025] >> testing accuracy: 0.1278
[Mon Aug 11 15:10:20 2025] >> testing accuracy: 0.1278
[Mon Aug 11 15:10:24 2025] >> testing accuracy: 0.1213
[Mon Aug 11 15:10:29 2025] >> testing accuracy: 0.1249
[Mon Aug 11 15:10:33 2025] >> testing accuracy: 0.1234
[Mon Aug 11 15:10:33 2025] >> testing accuracy: 0.1234
[Mon Aug 11 15:10:33 2025] >> testing accuracy: 0.1234
[Mon Aug 11 15:10:37 2025] >> testing accuracy: 0.1211
[Mon Aug 11 15:10:37 2025] >> testing accuracy: 0.1211
[Mon Aug 11 15:10:41 2025] >> testing accuracy: 0.1208
[Mon Aug 11 15:10:41 2025] >> testing accuracy: 0.1208
[Mon Aug 11 15:10:46 2025] >> testing accuracy: 0.1242
[Mon Aug 11 15:10:50 2025] >> testing accuracy: 0.1227
[Mon Aug 11 15:10:50 2025] >> testing accuracy: 0.1227
[Mon Aug 11 15:10:54 2025] >> testing accuracy: 0.1222
[Mon Aug 11 15:10:59 2025] >> testing accuracy: 0.1251
[Mon Aug 11 15:10:59 2025] >> testing accuracy: 0.1251
[Mon Aug 11 15:10:59 2025] >> testing accuracy: 0.1251
[Mon Aug 11 15:11:03 2025] >> testing accuracy: 0.1217
[Mon Aug 11 15:11:03 2025] >> testing accuracy: 0.1217
[Mon Aug 11 15:11:07 2025] >> testing accuracy: 0.1282
[Mon Aug 11 15:11:07 2025] >> testing accuracy: 0.1282
[Mon Aug 11 15:11:07 2025] >> 
[Mon Aug 11 15:11:07 2025] >> network: resnet18ManiCifar10
[Mon Aug 11 15:11:09 2025] >> testing accuracy: 0.8474
[Mon Aug 11 15:11:09 2025] >> testing accuracy: 0.8474
[Mon Aug 11 15:11:09 2025] >> testing accuracy: 0.8474
[Mon Aug 11 15:11:09 2025] >> testing accuracy: 0.8474
[Mon Aug 11 15:11:09 2025] >> testing accuracy: 0.8474
[Mon Aug 11 15:11:09 2025] >> testing accuracy: 0.8474
[Mon Aug 11 15:11:09 2025] >> testing accuracy: 0.8474
[Mon Aug 11 15:11:09 2025] >> testing accuracy: 0.8474
[Mon Aug 11 15:11:09 2025] >> testing accuracy: 0.8474
[Mon Aug 11 15:11:09 2025] >> testing accuracy: 0.8474
[Mon Aug 11 15:11:09 2025] >> testing accuracy: 0.8474
[Mon Aug 11 15:11:09 2025] >> testing accuracy: 0.8474
[Mon Aug 11 15:11:09 2025] >> testing accuracy: 0.8474
[Mon Aug 11 15:11:09 2025] >> testing accuracy: 0.8474
[Mon Aug 11 15:11:09 2025] >> testing accuracy: 0.8474
[Mon Aug 11 15:11:09 2025] >> testing accuracy: 0.8474
[Mon Aug 11 15:11:09 2025] >> testing accuracy: 0.8474
[Mon Aug 11 15:11:09 2025] >> testing accuracy: 0.8474
[Mon Aug 11 15:11:09 2025] >> testing accuracy: 0.8474
[Mon Aug 11 15:11:09 2025] >> testing accuracy: 0.8474
[Mon Aug 11 15:11:09 2025] >> testing accuracy: 0.8474
[Mon Aug 11 15:11:09 2025] >> testing accuracy: 0.8474
[Mon Aug 11 15:11:09 2025] >> testing accuracy: 0.8474
[Mon Aug 11 15:11:09 2025] >> testing accuracy: 0.8474
[Mon Aug 11 15:11:09 2025] >> testing accuracy: 0.8474
[Mon Aug 11 15:11:09 2025] >> testing accuracy: 0.8474
[Mon Aug 11 15:11:09 2025] >> testing accuracy: 0.8474
[Mon Aug 11 15:11:09 2025] >> testing accuracy: 0.8474
[Mon Aug 11 15:11:09 2025] >> testing accuracy: 0.8474
[Mon Aug 11 15:11:09 2025] >> testing accuracy: 0.8474
[Mon Aug 11 15:11:09 2025] >> testing accuracy: 0.8474
[Mon Aug 11 15:11:09 2025] >> testing accuracy: 0.8474
[Mon Aug 11 15:11:09 2025] >> testing accuracy: 0.8474
[Mon Aug 11 15:11:09 2025] >> testing accuracy: 0.8474
[Mon Aug 11 15:11:09 2025] >> testing accuracy: 0.8474
[Mon Aug 11 15:11:09 2025] >> testing accuracy: 0.8474
[Mon Aug 11 15:11:09 2025] >> testing accuracy: 0.8474
[Mon Aug 11 15:11:09 2025] >> testing accuracy: 0.8474
[Mon Aug 11 15:11:09 2025] >> testing accuracy: 0.8474
[Mon Aug 11 15:11:09 2025] >> testing accuracy: 0.8474
[Mon Aug 11 15:11:09 2025] >> testing accuracy: 0.8474
[Mon Aug 11 15:11:09 2025] >> testing accuracy: 0.8474
[Mon Aug 11 15:11:09 2025] >> testing accuracy: 0.8474
[Mon Aug 11 15:11:09 2025] >> testing accuracy: 0.8474
[Mon Aug 11 15:11:09 2025] >> testing accuracy: 0.8474
[Mon Aug 11 15:11:09 2025] >> testing accuracy: 0.8474
[Mon Aug 11 15:11:09 2025] >> testing accuracy: 0.8474
[Mon Aug 11 15:11:09 2025] >> testing accuracy: 0.8474
[Mon Aug 11 15:11:09 2025] >> testing accuracy: 0.8474
[Mon Aug 11 15:11:09 2025] >> testing accuracy: 0.8474
[Mon Aug 11 15:11:09 2025] >> testing accuracy: 0.8474
[Mon Aug 11 15:11:09 2025] >> testing accuracy: 0.8474
[Mon Aug 11 15:11:09 2025] >> testing accuracy: 0.8474
[Mon Aug 11 15:11:09 2025] >> testing accuracy: 0.8474
[Mon Aug 11 15:11:09 2025] >> testing accuracy: 0.8474
[Mon Aug 11 15:11:09 2025] >> testing accuracy: 0.8474
[Mon Aug 11 15:11:09 2025] >> testing accuracy: 0.8474
[Mon Aug 11 15:11:09 2025] >> testing accuracy: 0.8474
[Mon Aug 11 15:11:09 2025] >> testing accuracy: 0.8474
[Mon Aug 11 15:11:09 2025] >> testing accuracy: 0.8474
[Mon Aug 11 15:11:09 2025] >> testing accuracy: 0.8474
[Mon Aug 11 15:11:09 2025] >> testing accuracy: 0.8474
[Mon Aug 11 15:11:09 2025] >> testing accuracy: 0.8474
[Mon Aug 11 15:11:09 2025] >> testing accuracy: 0.8474
[Mon Aug 11 15:11:09 2025] >> testing accuracy: 0.8474
[Mon Aug 11 15:11:09 2025] >> testing accuracy: 0.8474
[Mon Aug 11 15:11:09 2025] >> testing accuracy: 0.8474
[Mon Aug 11 15:11:09 2025] >> testing accuracy: 0.8474
[Mon Aug 11 15:11:09 2025] >> testing accuracy: 0.8474
[Mon Aug 11 15:11:09 2025] >> testing accuracy: 0.8474
[Mon Aug 11 15:11:09 2025] >> testing accuracy: 0.8474
[Mon Aug 11 15:11:09 2025] >> testing accuracy: 0.8474
[Mon Aug 11 15:11:09 2025] >> testing accuracy: 0.8474
[Mon Aug 11 15:11:09 2025] >> testing accuracy: 0.8474
[Mon Aug 11 15:11:09 2025] >> testing accuracy: 0.8474
[Mon Aug 11 15:11:09 2025] >> testing accuracy: 0.8474
[Mon Aug 11 15:11:09 2025] >> testing accuracy: 0.8474
[Mon Aug 11 15:11:09 2025] >> testing accuracy: 0.8474
[Mon Aug 11 15:11:09 2025] >> testing accuracy: 0.8474
[Mon Aug 11 15:11:09 2025] >> testing accuracy: 0.8474
[Mon Aug 11 15:11:09 2025] >> testing accuracy: 0.8474
[Mon Aug 11 15:11:09 2025] >> testing accuracy: 0.8474
[Mon Aug 11 15:11:09 2025] >> testing accuracy: 0.8474
[Mon Aug 11 15:11:09 2025] >> testing accuracy: 0.8474
[Mon Aug 11 15:11:09 2025] >> testing accuracy: 0.8474
[Mon Aug 11 15:11:09 2025] >> testing accuracy: 0.8474
[Mon Aug 11 15:11:09 2025] >> testing accuracy: 0.8474
[Mon Aug 11 15:11:09 2025] >> testing accuracy: 0.8474
[Mon Aug 11 15:11:09 2025] >> testing accuracy: 0.8474
[Mon Aug 11 15:11:09 2025] >> testing accuracy: 0.8474
[Mon Aug 11 15:11:09 2025] >> testing accuracy: 0.8474
[Mon Aug 11 15:11:09 2025] >> testing accuracy: 0.8474
[Mon Aug 11 15:11:09 2025] >> testing accuracy: 0.8474
[Mon Aug 11 15:11:09 2025] >> testing accuracy: 0.8474
[Mon Aug 11 15:11:09 2025] >> testing accuracy: 0.8474
[Mon Aug 11 15:11:09 2025] >> testing accuracy: 0.8474
[Mon Aug 11 15:11:09 2025] >> testing accuracy: 0.8474
[Mon Aug 11 15:11:09 2025] >> testing accuracy: 0.8474
[Mon Aug 11 15:11:09 2025] >> testing accuracy: 0.8474
[Mon Aug 11 15:11:09 2025] >> testing accuracy: 0.8474
[Mon Aug 11 15:11:09 2025] >> testing accuracy: 0.8474
[Mon Aug 11 15:11:09 2025] >> testing accuracy: 0.8474
[Mon Aug 11 15:11:09 2025] >> testing accuracy: 0.8474
[Mon Aug 11 15:11:09 2025] >> testing accuracy: 0.8474
[Mon Aug 11 15:11:09 2025] >> testing accuracy: 0.8474
[Mon Aug 11 15:11:09 2025] >> testing accuracy: 0.8474
[Mon Aug 11 15:11:09 2025] >> testing accuracy: 0.8474
[Mon Aug 11 15:11:09 2025] >> testing accuracy: 0.8474
[Mon Aug 11 15:11:09 2025] >> testing accuracy: 0.8474
[Mon Aug 11 15:11:09 2025] >> testing accuracy: 0.8474
[Mon Aug 11 15:11:12 2025] >> testing accuracy: 0.8374
[Mon Aug 11 15:11:12 2025] >> testing accuracy: 0.8374
[Mon Aug 11 15:11:12 2025] >> testing accuracy: 0.8374
[Mon Aug 11 15:11:12 2025] >> testing accuracy: 0.8374
[Mon Aug 11 15:11:15 2025] >> testing accuracy: 0.8185
[Mon Aug 11 15:11:15 2025] >> testing accuracy: 0.8185
[Mon Aug 11 15:11:15 2025] >> testing accuracy: 0.8185
[Mon Aug 11 15:11:17 2025] >> testing accuracy: 0.7905
[Mon Aug 11 15:11:20 2025] >> testing accuracy: 0.6957
[Mon Aug 11 15:11:20 2025] >> testing accuracy: 0.6957
[Mon Aug 11 15:11:20 2025] >> testing accuracy: 0.6957
[Mon Aug 11 15:11:20 2025] >> testing accuracy: 0.6957
[Mon Aug 11 15:11:22 2025] >> testing accuracy: 0.6061
[Mon Aug 11 15:11:22 2025] >> testing accuracy: 0.6061
[Mon Aug 11 15:11:22 2025] >> testing accuracy: 0.6061
[Mon Aug 11 15:11:25 2025] >> testing accuracy: 0.5768
[Mon Aug 11 15:11:27 2025] >> testing accuracy: 0.5197
[Mon Aug 11 15:11:27 2025] >> testing accuracy: 0.5197
[Mon Aug 11 15:11:27 2025] >> testing accuracy: 0.5197
[Mon Aug 11 15:11:27 2025] >> testing accuracy: 0.5197
[Mon Aug 11 15:11:30 2025] >> testing accuracy: 0.4782
[Mon Aug 11 15:11:33 2025] >> testing accuracy: 0.4435
[Mon Aug 11 15:11:33 2025] >> testing accuracy: 0.4435
[Mon Aug 11 15:11:35 2025] >> testing accuracy: 0.3544
[Mon Aug 11 15:11:38 2025] >> testing accuracy: 0.3170
[Mon Aug 11 15:11:38 2025] >> testing accuracy: 0.3170
[Mon Aug 11 15:11:38 2025] >> testing accuracy: 0.3170
[Mon Aug 11 15:11:41 2025] >> testing accuracy: 0.2939
[Mon Aug 11 15:11:41 2025] >> testing accuracy: 0.2939
[Mon Aug 11 15:11:43 2025] >> testing accuracy: 0.2820
[Mon Aug 11 15:11:46 2025] >> testing accuracy: 0.2577
[Mon Aug 11 15:11:46 2025] >> testing accuracy: 0.2577
[Mon Aug 11 15:11:46 2025] >> testing accuracy: 0.2577
[Mon Aug 11 15:11:49 2025] >> testing accuracy: 0.2189
[Mon Aug 11 15:11:52 2025] >> testing accuracy: 0.2116
[Mon Aug 11 15:11:52 2025] >> testing accuracy: 0.2116
[Mon Aug 11 15:11:52 2025] >> testing accuracy: 0.2116
[Mon Aug 11 15:11:55 2025] >> testing accuracy: 0.1952
[Mon Aug 11 15:11:55 2025] >> testing accuracy: 0.1952
[Mon Aug 11 15:11:58 2025] >> testing accuracy: 0.1782
[Mon Aug 11 15:11:58 2025] >> testing accuracy: 0.1782
[Mon Aug 11 15:11:58 2025] >> testing accuracy: 0.1782
[Mon Aug 11 15:12:00 2025] >> testing accuracy: 0.1583
[Mon Aug 11 15:12:00 2025] >> testing accuracy: 0.1583
[Mon Aug 11 15:12:00 2025] >> testing accuracy: 0.1583
[Mon Aug 11 15:12:03 2025] >> testing accuracy: 0.1403
[Mon Aug 11 15:12:03 2025] >> testing accuracy: 0.1403
[Mon Aug 11 15:12:03 2025] >> testing accuracy: 0.1403
[Mon Aug 11 15:12:03 2025] >> testing accuracy: 0.1403
[Mon Aug 11 15:12:03 2025] >> testing accuracy: 0.1403
[Mon Aug 11 15:12:06 2025] >> testing accuracy: 0.1443
[Mon Aug 11 15:12:09 2025] >> testing accuracy: 0.1430
[Mon Aug 11 15:12:12 2025] >> testing accuracy: 0.1376
[Mon Aug 11 15:12:15 2025] >> testing accuracy: 0.1356
[Mon Aug 11 15:12:18 2025] >> testing accuracy: 0.1339
[Mon Aug 11 15:12:21 2025] >> testing accuracy: 0.1319
[Mon Aug 11 15:12:24 2025] >> testing accuracy: 0.1363
[Mon Aug 11 15:12:27 2025] >> testing accuracy: 0.1331
[Mon Aug 11 15:12:30 2025] >> testing accuracy: 0.1372
[Mon Aug 11 15:12:30 2025] >> testing accuracy: 0.1372
[Mon Aug 11 15:12:30 2025] >> testing accuracy: 0.1372
[Mon Aug 11 15:12:33 2025] >> testing accuracy: 0.1277
[Mon Aug 11 15:12:36 2025] >> testing accuracy: 0.1300
[Mon Aug 11 15:12:39 2025] >> testing accuracy: 0.1299
[Mon Aug 11 15:12:39 2025] >> testing accuracy: 0.1299
[Mon Aug 11 15:12:42 2025] >> testing accuracy: 0.1334
[Mon Aug 11 15:12:42 2025] >> testing accuracy: 0.1334
[Mon Aug 11 15:12:46 2025] >> testing accuracy: 0.1298
[Mon Aug 11 15:12:49 2025] >> testing accuracy: 0.1316
[Mon Aug 11 15:12:49 2025] >> testing accuracy: 0.1316
[Mon Aug 11 15:12:52 2025] >> testing accuracy: 0.1296
[Mon Aug 11 15:12:55 2025] >> testing accuracy: 0.1291
[Mon Aug 11 15:12:58 2025] >> testing accuracy: 0.1279
[Mon Aug 11 15:12:58 2025] >> testing accuracy: 0.1279
[Mon Aug 11 15:12:58 2025] >> testing accuracy: 0.1279
[Mon Aug 11 15:13:02 2025] >> testing accuracy: 0.1333
[Mon Aug 11 15:13:02 2025] >> testing accuracy: 0.1333
[Mon Aug 11 15:13:05 2025] >> testing accuracy: 0.1296
[Mon Aug 11 15:13:05 2025] >> testing accuracy: 0.1296
[Mon Aug 11 15:13:08 2025] >> testing accuracy: 0.1300
[Mon Aug 11 15:13:11 2025] >> testing accuracy: 0.1324
[Mon Aug 11 15:13:11 2025] >> testing accuracy: 0.1324
[Mon Aug 11 15:13:15 2025] >> testing accuracy: 0.1260
[Mon Aug 11 15:13:18 2025] >> testing accuracy: 0.1302
[Mon Aug 11 15:13:18 2025] >> testing accuracy: 0.1302
[Mon Aug 11 15:13:18 2025] >> testing accuracy: 0.1302
[Mon Aug 11 15:13:21 2025] >> testing accuracy: 0.1330
[Mon Aug 11 15:13:21 2025] >> testing accuracy: 0.1330
[Mon Aug 11 15:13:24 2025] >> testing accuracy: 0.1297
[Mon Aug 11 15:13:24 2025] >> testing accuracy: 0.1297
[Mon Aug 11 15:13:24 2025] >> 
[Mon Aug 11 15:13:24 2025] >> network: vgg11ManiCifar10
[Mon Aug 11 15:13:26 2025] >> testing accuracy: 0.8231
[Mon Aug 11 15:13:26 2025] >> testing accuracy: 0.8231
[Mon Aug 11 15:13:26 2025] >> testing accuracy: 0.8231
[Mon Aug 11 15:13:26 2025] >> testing accuracy: 0.8231
[Mon Aug 11 15:13:26 2025] >> testing accuracy: 0.8231
[Mon Aug 11 15:13:26 2025] >> testing accuracy: 0.8231
[Mon Aug 11 15:13:26 2025] >> testing accuracy: 0.8231
[Mon Aug 11 15:13:26 2025] >> testing accuracy: 0.8231
[Mon Aug 11 15:13:26 2025] >> testing accuracy: 0.8231
[Mon Aug 11 15:13:26 2025] >> testing accuracy: 0.8231
[Mon Aug 11 15:13:26 2025] >> testing accuracy: 0.8231
[Mon Aug 11 15:13:26 2025] >> testing accuracy: 0.8231
[Mon Aug 11 15:13:26 2025] >> testing accuracy: 0.8231
[Mon Aug 11 15:13:26 2025] >> testing accuracy: 0.8231
[Mon Aug 11 15:13:26 2025] >> testing accuracy: 0.8231
[Mon Aug 11 15:13:26 2025] >> testing accuracy: 0.8231
[Mon Aug 11 15:13:26 2025] >> testing accuracy: 0.8231
[Mon Aug 11 15:13:26 2025] >> testing accuracy: 0.8231
[Mon Aug 11 15:13:26 2025] >> testing accuracy: 0.8231
[Mon Aug 11 15:13:26 2025] >> testing accuracy: 0.8231
[Mon Aug 11 15:13:26 2025] >> testing accuracy: 0.8231
[Mon Aug 11 15:13:26 2025] >> testing accuracy: 0.8231
[Mon Aug 11 15:13:26 2025] >> testing accuracy: 0.8231
[Mon Aug 11 15:13:26 2025] >> testing accuracy: 0.8231
[Mon Aug 11 15:13:26 2025] >> testing accuracy: 0.8231
[Mon Aug 11 15:13:26 2025] >> testing accuracy: 0.8231
[Mon Aug 11 15:13:26 2025] >> testing accuracy: 0.8231
[Mon Aug 11 15:13:26 2025] >> testing accuracy: 0.8231
[Mon Aug 11 15:13:26 2025] >> testing accuracy: 0.8231
[Mon Aug 11 15:13:26 2025] >> testing accuracy: 0.8231
[Mon Aug 11 15:13:26 2025] >> testing accuracy: 0.8231
[Mon Aug 11 15:13:26 2025] >> testing accuracy: 0.8231
[Mon Aug 11 15:13:26 2025] >> testing accuracy: 0.8231
[Mon Aug 11 15:13:26 2025] >> testing accuracy: 0.8231
[Mon Aug 11 15:13:26 2025] >> testing accuracy: 0.8231
[Mon Aug 11 15:13:26 2025] >> testing accuracy: 0.8231
[Mon Aug 11 15:13:26 2025] >> testing accuracy: 0.8231
[Mon Aug 11 15:13:26 2025] >> testing accuracy: 0.8231
[Mon Aug 11 15:13:26 2025] >> testing accuracy: 0.8231
[Mon Aug 11 15:13:26 2025] >> testing accuracy: 0.8231
[Mon Aug 11 15:13:26 2025] >> testing accuracy: 0.8231
[Mon Aug 11 15:13:26 2025] >> testing accuracy: 0.8231
[Mon Aug 11 15:13:26 2025] >> testing accuracy: 0.8231
[Mon Aug 11 15:13:26 2025] >> testing accuracy: 0.8231
[Mon Aug 11 15:13:26 2025] >> testing accuracy: 0.8231
[Mon Aug 11 15:13:26 2025] >> testing accuracy: 0.8231
[Mon Aug 11 15:13:26 2025] >> testing accuracy: 0.8231
[Mon Aug 11 15:13:26 2025] >> testing accuracy: 0.8231
[Mon Aug 11 15:13:26 2025] >> testing accuracy: 0.8231
[Mon Aug 11 15:13:26 2025] >> testing accuracy: 0.8231
[Mon Aug 11 15:13:26 2025] >> testing accuracy: 0.8231
[Mon Aug 11 15:13:26 2025] >> testing accuracy: 0.8231
[Mon Aug 11 15:13:26 2025] >> testing accuracy: 0.8231
[Mon Aug 11 15:13:26 2025] >> testing accuracy: 0.8231
[Mon Aug 11 15:13:26 2025] >> testing accuracy: 0.8231
[Mon Aug 11 15:13:26 2025] >> testing accuracy: 0.8231
[Mon Aug 11 15:13:26 2025] >> testing accuracy: 0.8231
[Mon Aug 11 15:13:26 2025] >> testing accuracy: 0.8231
[Mon Aug 11 15:13:26 2025] >> testing accuracy: 0.8231
[Mon Aug 11 15:13:26 2025] >> testing accuracy: 0.8231
[Mon Aug 11 15:13:26 2025] >> testing accuracy: 0.8231
[Mon Aug 11 15:13:26 2025] >> testing accuracy: 0.8231
[Mon Aug 11 15:13:26 2025] >> testing accuracy: 0.8231
[Mon Aug 11 15:13:26 2025] >> testing accuracy: 0.8231
[Mon Aug 11 15:13:26 2025] >> testing accuracy: 0.8231
[Mon Aug 11 15:13:26 2025] >> testing accuracy: 0.8231
[Mon Aug 11 15:13:26 2025] >> testing accuracy: 0.8231
[Mon Aug 11 15:13:26 2025] >> testing accuracy: 0.8231
[Mon Aug 11 15:13:26 2025] >> testing accuracy: 0.8231
[Mon Aug 11 15:13:26 2025] >> testing accuracy: 0.8231
[Mon Aug 11 15:13:26 2025] >> testing accuracy: 0.8231
[Mon Aug 11 15:13:26 2025] >> testing accuracy: 0.8231
[Mon Aug 11 15:13:26 2025] >> testing accuracy: 0.8231
[Mon Aug 11 15:13:26 2025] >> testing accuracy: 0.8231
[Mon Aug 11 15:13:26 2025] >> testing accuracy: 0.8231
[Mon Aug 11 15:13:26 2025] >> testing accuracy: 0.8231
[Mon Aug 11 15:13:26 2025] >> testing accuracy: 0.8231
[Mon Aug 11 15:13:26 2025] >> testing accuracy: 0.8231
[Mon Aug 11 15:13:26 2025] >> testing accuracy: 0.8231
[Mon Aug 11 15:13:26 2025] >> testing accuracy: 0.8231
[Mon Aug 11 15:13:26 2025] >> testing accuracy: 0.8231
[Mon Aug 11 15:13:26 2025] >> testing accuracy: 0.8231
[Mon Aug 11 15:13:26 2025] >> testing accuracy: 0.8231
[Mon Aug 11 15:13:26 2025] >> testing accuracy: 0.8231
[Mon Aug 11 15:13:26 2025] >> testing accuracy: 0.8231
[Mon Aug 11 15:13:26 2025] >> testing accuracy: 0.8231
[Mon Aug 11 15:13:26 2025] >> testing accuracy: 0.8231
[Mon Aug 11 15:13:26 2025] >> testing accuracy: 0.8231
[Mon Aug 11 15:13:26 2025] >> testing accuracy: 0.8231
[Mon Aug 11 15:13:26 2025] >> testing accuracy: 0.8231
[Mon Aug 11 15:13:26 2025] >> testing accuracy: 0.8231
[Mon Aug 11 15:13:26 2025] >> testing accuracy: 0.8231
[Mon Aug 11 15:13:26 2025] >> testing accuracy: 0.8231
[Mon Aug 11 15:13:26 2025] >> testing accuracy: 0.8231
[Mon Aug 11 15:13:26 2025] >> testing accuracy: 0.8231
[Mon Aug 11 15:13:26 2025] >> testing accuracy: 0.8231
[Mon Aug 11 15:13:26 2025] >> testing accuracy: 0.8231
[Mon Aug 11 15:13:26 2025] >> testing accuracy: 0.8231
[Mon Aug 11 15:13:26 2025] >> testing accuracy: 0.8231
[Mon Aug 11 15:13:26 2025] >> testing accuracy: 0.8231
[Mon Aug 11 15:13:26 2025] >> testing accuracy: 0.8231
[Mon Aug 11 15:13:26 2025] >> testing accuracy: 0.8231
[Mon Aug 11 15:13:26 2025] >> testing accuracy: 0.8231
[Mon Aug 11 15:13:26 2025] >> testing accuracy: 0.8231
[Mon Aug 11 15:13:26 2025] >> testing accuracy: 0.8231
[Mon Aug 11 15:13:26 2025] >> testing accuracy: 0.8231
[Mon Aug 11 15:13:26 2025] >> testing accuracy: 0.8231
[Mon Aug 11 15:13:26 2025] >> testing accuracy: 0.8231
[Mon Aug 11 15:13:26 2025] >> testing accuracy: 0.8231
[Mon Aug 11 15:13:26 2025] >> testing accuracy: 0.8231
[Mon Aug 11 15:13:29 2025] >> testing accuracy: 0.7915
[Mon Aug 11 15:13:29 2025] >> testing accuracy: 0.7915
[Mon Aug 11 15:13:29 2025] >> testing accuracy: 0.7915
[Mon Aug 11 15:13:29 2025] >> testing accuracy: 0.7915
[Mon Aug 11 15:13:31 2025] >> testing accuracy: 0.7653
[Mon Aug 11 15:13:31 2025] >> testing accuracy: 0.7653
[Mon Aug 11 15:13:31 2025] >> testing accuracy: 0.7653
[Mon Aug 11 15:13:33 2025] >> testing accuracy: 0.7243
[Mon Aug 11 15:13:35 2025] >> testing accuracy: 0.6750
[Mon Aug 11 15:13:35 2025] >> testing accuracy: 0.6750
[Mon Aug 11 15:13:35 2025] >> testing accuracy: 0.6750
[Mon Aug 11 15:13:35 2025] >> testing accuracy: 0.6750
[Mon Aug 11 15:13:38 2025] >> testing accuracy: 0.6456
[Mon Aug 11 15:13:38 2025] >> testing accuracy: 0.6456
[Mon Aug 11 15:13:38 2025] >> testing accuracy: 0.6456
[Mon Aug 11 15:13:40 2025] >> testing accuracy: 0.6413
[Mon Aug 11 15:13:42 2025] >> testing accuracy: 0.6263
[Mon Aug 11 15:13:42 2025] >> testing accuracy: 0.6263
[Mon Aug 11 15:13:42 2025] >> testing accuracy: 0.6263
[Mon Aug 11 15:13:42 2025] >> testing accuracy: 0.6263
[Mon Aug 11 15:13:44 2025] >> testing accuracy: 0.6230
[Mon Aug 11 15:13:47 2025] >> testing accuracy: 0.6094
[Mon Aug 11 15:13:47 2025] >> testing accuracy: 0.6094
[Mon Aug 11 15:13:49 2025] >> testing accuracy: 0.5929
[Mon Aug 11 15:13:51 2025] >> testing accuracy: 0.5834
[Mon Aug 11 15:13:51 2025] >> testing accuracy: 0.5834
[Mon Aug 11 15:13:51 2025] >> testing accuracy: 0.5834
[Mon Aug 11 15:13:53 2025] >> testing accuracy: 0.5619
[Mon Aug 11 15:13:53 2025] >> testing accuracy: 0.5619
[Mon Aug 11 15:13:56 2025] >> testing accuracy: 0.5587
[Mon Aug 11 15:13:58 2025] >> testing accuracy: 0.5320
[Mon Aug 11 15:13:58 2025] >> testing accuracy: 0.5320
[Mon Aug 11 15:13:58 2025] >> testing accuracy: 0.5320
[Mon Aug 11 15:14:01 2025] >> testing accuracy: 0.4981
[Mon Aug 11 15:14:03 2025] >> testing accuracy: 0.4723
[Mon Aug 11 15:14:03 2025] >> testing accuracy: 0.4723
[Mon Aug 11 15:14:03 2025] >> testing accuracy: 0.4723
[Mon Aug 11 15:14:05 2025] >> testing accuracy: 0.4670
[Mon Aug 11 15:14:05 2025] >> testing accuracy: 0.4670
[Mon Aug 11 15:14:08 2025] >> testing accuracy: 0.4273
[Mon Aug 11 15:14:08 2025] >> testing accuracy: 0.4273
[Mon Aug 11 15:14:08 2025] >> testing accuracy: 0.4273
[Mon Aug 11 15:14:10 2025] >> testing accuracy: 0.4091
[Mon Aug 11 15:14:10 2025] >> testing accuracy: 0.4091
[Mon Aug 11 15:14:10 2025] >> testing accuracy: 0.4091
[Mon Aug 11 15:14:13 2025] >> testing accuracy: 0.3530
[Mon Aug 11 15:14:13 2025] >> testing accuracy: 0.3530
[Mon Aug 11 15:14:13 2025] >> testing accuracy: 0.3530
[Mon Aug 11 15:14:13 2025] >> testing accuracy: 0.3530
[Mon Aug 11 15:14:13 2025] >> testing accuracy: 0.3530
[Mon Aug 11 15:14:15 2025] >> testing accuracy: 0.3526
[Mon Aug 11 15:14:17 2025] >> testing accuracy: 0.3339
[Mon Aug 11 15:14:20 2025] >> testing accuracy: 0.3317
[Mon Aug 11 15:14:23 2025] >> testing accuracy: 0.3099
[Mon Aug 11 15:14:25 2025] >> testing accuracy: 0.2908
[Mon Aug 11 15:14:28 2025] >> testing accuracy: 0.2910
[Mon Aug 11 15:14:30 2025] >> testing accuracy: 0.2813
[Mon Aug 11 15:14:33 2025] >> testing accuracy: 0.2766
[Mon Aug 11 15:14:36 2025] >> testing accuracy: 0.2648
[Mon Aug 11 15:14:36 2025] >> testing accuracy: 0.2648
[Mon Aug 11 15:14:36 2025] >> testing accuracy: 0.2648
[Mon Aug 11 15:14:38 2025] >> testing accuracy: 0.2546
[Mon Aug 11 15:14:41 2025] >> testing accuracy: 0.2553
[Mon Aug 11 15:14:44 2025] >> testing accuracy: 0.2565
[Mon Aug 11 15:14:44 2025] >> testing accuracy: 0.2565
[Mon Aug 11 15:14:46 2025] >> testing accuracy: 0.2434
[Mon Aug 11 15:14:46 2025] >> testing accuracy: 0.2434
[Mon Aug 11 15:14:49 2025] >> testing accuracy: 0.2548
[Mon Aug 11 15:14:52 2025] >> testing accuracy: 0.2444
[Mon Aug 11 15:14:52 2025] >> testing accuracy: 0.2444
[Mon Aug 11 15:14:55 2025] >> testing accuracy: 0.2432
[Mon Aug 11 15:14:57 2025] >> testing accuracy: 0.2424
[Mon Aug 11 15:15:00 2025] >> testing accuracy: 0.2343
[Mon Aug 11 15:15:00 2025] >> testing accuracy: 0.2343
[Mon Aug 11 15:15:00 2025] >> testing accuracy: 0.2343
[Mon Aug 11 15:15:03 2025] >> testing accuracy: 0.2381
[Mon Aug 11 15:15:03 2025] >> testing accuracy: 0.2381
[Mon Aug 11 15:15:06 2025] >> testing accuracy: 0.2358
[Mon Aug 11 15:15:06 2025] >> testing accuracy: 0.2358
[Mon Aug 11 15:15:09 2025] >> testing accuracy: 0.2304
[Mon Aug 11 15:15:12 2025] >> testing accuracy: 0.2389
[Mon Aug 11 15:15:12 2025] >> testing accuracy: 0.2389
[Mon Aug 11 15:15:15 2025] >> testing accuracy: 0.2315
[Mon Aug 11 15:15:18 2025] >> testing accuracy: 0.2248
[Mon Aug 11 15:15:18 2025] >> testing accuracy: 0.2248
[Mon Aug 11 15:15:18 2025] >> testing accuracy: 0.2248
[Mon Aug 11 15:15:21 2025] >> testing accuracy: 0.2274
[Mon Aug 11 15:15:21 2025] >> testing accuracy: 0.2274
[Mon Aug 11 15:15:24 2025] >> testing accuracy: 0.2238
[Mon Aug 11 15:15:24 2025] >> testing accuracy: 0.2238
[Mon Aug 11 15:15:24 2025] >> 
[Mon Aug 11 15:15:24 2025] >> network: vgg19ManiCifar10
[Mon Aug 11 15:15:27 2025] >> testing accuracy: 0.8859
[Mon Aug 11 15:15:27 2025] >> testing accuracy: 0.8859
[Mon Aug 11 15:15:27 2025] >> testing accuracy: 0.8859
[Mon Aug 11 15:15:27 2025] >> testing accuracy: 0.8859
[Mon Aug 11 15:15:27 2025] >> testing accuracy: 0.8859
[Mon Aug 11 15:15:27 2025] >> testing accuracy: 0.8859
[Mon Aug 11 15:15:27 2025] >> testing accuracy: 0.8859
[Mon Aug 11 15:15:27 2025] >> testing accuracy: 0.8859
[Mon Aug 11 15:15:27 2025] >> testing accuracy: 0.8859
[Mon Aug 11 15:15:27 2025] >> testing accuracy: 0.8859
[Mon Aug 11 15:15:27 2025] >> testing accuracy: 0.8859
[Mon Aug 11 15:15:27 2025] >> testing accuracy: 0.8859
[Mon Aug 11 15:15:27 2025] >> testing accuracy: 0.8859
[Mon Aug 11 15:15:27 2025] >> testing accuracy: 0.8859
[Mon Aug 11 15:15:27 2025] >> testing accuracy: 0.8859
[Mon Aug 11 15:15:27 2025] >> testing accuracy: 0.8859
[Mon Aug 11 15:15:27 2025] >> testing accuracy: 0.8859
[Mon Aug 11 15:15:27 2025] >> testing accuracy: 0.8859
[Mon Aug 11 15:15:27 2025] >> testing accuracy: 0.8859
[Mon Aug 11 15:15:27 2025] >> testing accuracy: 0.8859
[Mon Aug 11 15:15:27 2025] >> testing accuracy: 0.8859
[Mon Aug 11 15:15:27 2025] >> testing accuracy: 0.8859
[Mon Aug 11 15:15:27 2025] >> testing accuracy: 0.8859
[Mon Aug 11 15:15:27 2025] >> testing accuracy: 0.8859
[Mon Aug 11 15:15:27 2025] >> testing accuracy: 0.8859
[Mon Aug 11 15:15:27 2025] >> testing accuracy: 0.8859
[Mon Aug 11 15:15:27 2025] >> testing accuracy: 0.8859
[Mon Aug 11 15:15:27 2025] >> testing accuracy: 0.8859
[Mon Aug 11 15:15:27 2025] >> testing accuracy: 0.8859
[Mon Aug 11 15:15:27 2025] >> testing accuracy: 0.8859
[Mon Aug 11 15:15:27 2025] >> testing accuracy: 0.8859
[Mon Aug 11 15:15:27 2025] >> testing accuracy: 0.8859
[Mon Aug 11 15:15:27 2025] >> testing accuracy: 0.8859
[Mon Aug 11 15:15:27 2025] >> testing accuracy: 0.8859
[Mon Aug 11 15:15:27 2025] >> testing accuracy: 0.8859
[Mon Aug 11 15:15:27 2025] >> testing accuracy: 0.8859
[Mon Aug 11 15:15:27 2025] >> testing accuracy: 0.8859
[Mon Aug 11 15:15:27 2025] >> testing accuracy: 0.8859
[Mon Aug 11 15:15:27 2025] >> testing accuracy: 0.8859
[Mon Aug 11 15:15:27 2025] >> testing accuracy: 0.8859
[Mon Aug 11 15:15:27 2025] >> testing accuracy: 0.8859
[Mon Aug 11 15:15:27 2025] >> testing accuracy: 0.8859
[Mon Aug 11 15:15:27 2025] >> testing accuracy: 0.8859
[Mon Aug 11 15:15:27 2025] >> testing accuracy: 0.8859
[Mon Aug 11 15:15:27 2025] >> testing accuracy: 0.8859
[Mon Aug 11 15:15:27 2025] >> testing accuracy: 0.8859
[Mon Aug 11 15:15:27 2025] >> testing accuracy: 0.8859
[Mon Aug 11 15:15:27 2025] >> testing accuracy: 0.8859
[Mon Aug 11 15:15:27 2025] >> testing accuracy: 0.8859
[Mon Aug 11 15:15:27 2025] >> testing accuracy: 0.8859
[Mon Aug 11 15:15:27 2025] >> testing accuracy: 0.8859
[Mon Aug 11 15:15:27 2025] >> testing accuracy: 0.8859
[Mon Aug 11 15:15:27 2025] >> testing accuracy: 0.8859
[Mon Aug 11 15:15:27 2025] >> testing accuracy: 0.8859
[Mon Aug 11 15:15:27 2025] >> testing accuracy: 0.8859
[Mon Aug 11 15:15:27 2025] >> testing accuracy: 0.8859
[Mon Aug 11 15:15:27 2025] >> testing accuracy: 0.8859
[Mon Aug 11 15:15:27 2025] >> testing accuracy: 0.8859
[Mon Aug 11 15:15:27 2025] >> testing accuracy: 0.8859
[Mon Aug 11 15:15:27 2025] >> testing accuracy: 0.8859
[Mon Aug 11 15:15:27 2025] >> testing accuracy: 0.8859
[Mon Aug 11 15:15:27 2025] >> testing accuracy: 0.8859
[Mon Aug 11 15:15:27 2025] >> testing accuracy: 0.8859
[Mon Aug 11 15:15:27 2025] >> testing accuracy: 0.8859
[Mon Aug 11 15:15:27 2025] >> testing accuracy: 0.8859
[Mon Aug 11 15:15:27 2025] >> testing accuracy: 0.8859
[Mon Aug 11 15:15:27 2025] >> testing accuracy: 0.8859
[Mon Aug 11 15:15:27 2025] >> testing accuracy: 0.8859
[Mon Aug 11 15:15:27 2025] >> testing accuracy: 0.8859
[Mon Aug 11 15:15:27 2025] >> testing accuracy: 0.8859
[Mon Aug 11 15:15:27 2025] >> testing accuracy: 0.8859
[Mon Aug 11 15:15:27 2025] >> testing accuracy: 0.8859
[Mon Aug 11 15:15:27 2025] >> testing accuracy: 0.8859
[Mon Aug 11 15:15:27 2025] >> testing accuracy: 0.8859
[Mon Aug 11 15:15:27 2025] >> testing accuracy: 0.8859
[Mon Aug 11 15:15:27 2025] >> testing accuracy: 0.8859
[Mon Aug 11 15:15:27 2025] >> testing accuracy: 0.8859
[Mon Aug 11 15:15:27 2025] >> testing accuracy: 0.8859
[Mon Aug 11 15:15:27 2025] >> testing accuracy: 0.8859
[Mon Aug 11 15:15:27 2025] >> testing accuracy: 0.8859
[Mon Aug 11 15:15:27 2025] >> testing accuracy: 0.8859
[Mon Aug 11 15:15:27 2025] >> testing accuracy: 0.8859
[Mon Aug 11 15:15:27 2025] >> testing accuracy: 0.8859
[Mon Aug 11 15:15:27 2025] >> testing accuracy: 0.8859
[Mon Aug 11 15:15:27 2025] >> testing accuracy: 0.8859
[Mon Aug 11 15:15:27 2025] >> testing accuracy: 0.8859
[Mon Aug 11 15:15:27 2025] >> testing accuracy: 0.8859
[Mon Aug 11 15:15:27 2025] >> testing accuracy: 0.8859
[Mon Aug 11 15:15:27 2025] >> testing accuracy: 0.8859
[Mon Aug 11 15:15:27 2025] >> testing accuracy: 0.8859
[Mon Aug 11 15:15:27 2025] >> testing accuracy: 0.8859
[Mon Aug 11 15:15:27 2025] >> testing accuracy: 0.8859
[Mon Aug 11 15:15:27 2025] >> testing accuracy: 0.8859
[Mon Aug 11 15:15:27 2025] >> testing accuracy: 0.8859
[Mon Aug 11 15:15:27 2025] >> testing accuracy: 0.8859
[Mon Aug 11 15:15:27 2025] >> testing accuracy: 0.8859
[Mon Aug 11 15:15:27 2025] >> testing accuracy: 0.8859
[Mon Aug 11 15:15:27 2025] >> testing accuracy: 0.8859
[Mon Aug 11 15:15:27 2025] >> testing accuracy: 0.8859
[Mon Aug 11 15:15:27 2025] >> testing accuracy: 0.8859
[Mon Aug 11 15:15:27 2025] >> testing accuracy: 0.8859
[Mon Aug 11 15:15:27 2025] >> testing accuracy: 0.8859
[Mon Aug 11 15:15:27 2025] >> testing accuracy: 0.8859
[Mon Aug 11 15:15:27 2025] >> testing accuracy: 0.8859
[Mon Aug 11 15:15:27 2025] >> testing accuracy: 0.8859
[Mon Aug 11 15:15:27 2025] >> testing accuracy: 0.8859
[Mon Aug 11 15:15:27 2025] >> testing accuracy: 0.8859
[Mon Aug 11 15:15:27 2025] >> testing accuracy: 0.8859
[Mon Aug 11 15:15:27 2025] >> testing accuracy: 0.8859
[Mon Aug 11 15:15:27 2025] >> testing accuracy: 0.8859
[Mon Aug 11 15:15:30 2025] >> testing accuracy: 0.8771
[Mon Aug 11 15:15:30 2025] >> testing accuracy: 0.8771
[Mon Aug 11 15:15:30 2025] >> testing accuracy: 0.8771
[Mon Aug 11 15:15:30 2025] >> testing accuracy: 0.8771
[Mon Aug 11 15:15:33 2025] >> testing accuracy: 0.8746
[Mon Aug 11 15:15:33 2025] >> testing accuracy: 0.8746
[Mon Aug 11 15:15:33 2025] >> testing accuracy: 0.8746
[Mon Aug 11 15:15:36 2025] >> testing accuracy: 0.8696
[Mon Aug 11 15:15:39 2025] >> testing accuracy: 0.8537
[Mon Aug 11 15:15:39 2025] >> testing accuracy: 0.8537
[Mon Aug 11 15:15:39 2025] >> testing accuracy: 0.8537
[Mon Aug 11 15:15:39 2025] >> testing accuracy: 0.8537
[Mon Aug 11 15:15:43 2025] >> testing accuracy: 0.8427
[Mon Aug 11 15:15:43 2025] >> testing accuracy: 0.8427
[Mon Aug 11 15:15:43 2025] >> testing accuracy: 0.8427
[Mon Aug 11 15:15:46 2025] >> testing accuracy: 0.8410
[Mon Aug 11 15:15:49 2025] >> testing accuracy: 0.8318
[Mon Aug 11 15:15:49 2025] >> testing accuracy: 0.8318
[Mon Aug 11 15:15:49 2025] >> testing accuracy: 0.8318
[Mon Aug 11 15:15:49 2025] >> testing accuracy: 0.8318
[Mon Aug 11 15:15:52 2025] >> testing accuracy: 0.8253
[Mon Aug 11 15:15:56 2025] >> testing accuracy: 0.8179
[Mon Aug 11 15:15:56 2025] >> testing accuracy: 0.8179
[Mon Aug 11 15:15:59 2025] >> testing accuracy: 0.8070
[Mon Aug 11 15:16:02 2025] >> testing accuracy: 0.7963
[Mon Aug 11 15:16:02 2025] >> testing accuracy: 0.7963
[Mon Aug 11 15:16:02 2025] >> testing accuracy: 0.7963
[Mon Aug 11 15:16:06 2025] >> testing accuracy: 0.7859
[Mon Aug 11 15:16:06 2025] >> testing accuracy: 0.7859
[Mon Aug 11 15:16:09 2025] >> testing accuracy: 0.7895
[Mon Aug 11 15:16:13 2025] >> testing accuracy: 0.7700
[Mon Aug 11 15:16:13 2025] >> testing accuracy: 0.7700
[Mon Aug 11 15:16:13 2025] >> testing accuracy: 0.7700
[Mon Aug 11 15:16:16 2025] >> testing accuracy: 0.7552
[Mon Aug 11 15:16:20 2025] >> testing accuracy: 0.7549
[Mon Aug 11 15:16:20 2025] >> testing accuracy: 0.7549
[Mon Aug 11 15:16:20 2025] >> testing accuracy: 0.7549
[Mon Aug 11 15:16:23 2025] >> testing accuracy: 0.7472
[Mon Aug 11 15:16:23 2025] >> testing accuracy: 0.7472
[Mon Aug 11 15:16:27 2025] >> testing accuracy: 0.7288
[Mon Aug 11 15:16:27 2025] >> testing accuracy: 0.7288
[Mon Aug 11 15:16:27 2025] >> testing accuracy: 0.7288
[Mon Aug 11 15:16:30 2025] >> testing accuracy: 0.7111
[Mon Aug 11 15:16:30 2025] >> testing accuracy: 0.7111
[Mon Aug 11 15:16:30 2025] >> testing accuracy: 0.7111
[Mon Aug 11 15:16:34 2025] >> testing accuracy: 0.6717
[Mon Aug 11 15:16:34 2025] >> testing accuracy: 0.6717
[Mon Aug 11 15:16:34 2025] >> testing accuracy: 0.6717
[Mon Aug 11 15:16:34 2025] >> testing accuracy: 0.6717
[Mon Aug 11 15:16:34 2025] >> testing accuracy: 0.6717
[Mon Aug 11 15:16:37 2025] >> testing accuracy: 0.6564
[Mon Aug 11 15:16:41 2025] >> testing accuracy: 0.6414
[Mon Aug 11 15:16:45 2025] >> testing accuracy: 0.6188
[Mon Aug 11 15:16:49 2025] >> testing accuracy: 0.5976
[Mon Aug 11 15:16:52 2025] >> testing accuracy: 0.5574
[Mon Aug 11 15:16:56 2025] >> testing accuracy: 0.5475
[Mon Aug 11 15:17:00 2025] >> testing accuracy: 0.5390
[Mon Aug 11 15:17:04 2025] >> testing accuracy: 0.5307
[Mon Aug 11 15:17:08 2025] >> testing accuracy: 0.5041
[Mon Aug 11 15:17:08 2025] >> testing accuracy: 0.5041
[Mon Aug 11 15:17:08 2025] >> testing accuracy: 0.5041
[Mon Aug 11 15:17:12 2025] >> testing accuracy: 0.4812
[Mon Aug 11 15:17:16 2025] >> testing accuracy: 0.4645
[Mon Aug 11 15:17:20 2025] >> testing accuracy: 0.4539
[Mon Aug 11 15:17:20 2025] >> testing accuracy: 0.4539
[Mon Aug 11 15:17:24 2025] >> testing accuracy: 0.4408
[Mon Aug 11 15:17:24 2025] >> testing accuracy: 0.4408
[Mon Aug 11 15:17:28 2025] >> testing accuracy: 0.4308
[Mon Aug 11 15:17:32 2025] >> testing accuracy: 0.4146
[Mon Aug 11 15:17:32 2025] >> testing accuracy: 0.4146
[Mon Aug 11 15:17:36 2025] >> testing accuracy: 0.4011
[Mon Aug 11 15:17:40 2025] >> testing accuracy: 0.3912
[Mon Aug 11 15:17:44 2025] >> testing accuracy: 0.3933
[Mon Aug 11 15:17:44 2025] >> testing accuracy: 0.3933
[Mon Aug 11 15:17:44 2025] >> testing accuracy: 0.3933
[Mon Aug 11 15:17:48 2025] >> testing accuracy: 0.3918
[Mon Aug 11 15:17:48 2025] >> testing accuracy: 0.3918
[Mon Aug 11 15:17:52 2025] >> testing accuracy: 0.3728
[Mon Aug 11 15:17:52 2025] >> testing accuracy: 0.3728
[Mon Aug 11 15:17:56 2025] >> testing accuracy: 0.3770
[Mon Aug 11 15:18:01 2025] >> testing accuracy: 0.3700
[Mon Aug 11 15:18:01 2025] >> testing accuracy: 0.3700
[Mon Aug 11 15:18:05 2025] >> testing accuracy: 0.3579
[Mon Aug 11 15:18:09 2025] >> testing accuracy: 0.3495
[Mon Aug 11 15:18:09 2025] >> testing accuracy: 0.3495
[Mon Aug 11 15:18:09 2025] >> testing accuracy: 0.3495
[Mon Aug 11 15:18:13 2025] >> testing accuracy: 0.3541
[Mon Aug 11 15:18:13 2025] >> testing accuracy: 0.3541
[Mon Aug 11 15:18:17 2025] >> testing accuracy: 0.3439
[Mon Aug 11 15:18:17 2025] >> testing accuracy: 0.3439
[Mon Aug 11 15:18:17 2025] >> 
[Mon Aug 11 15:18:17 2025] >> PROGRAM FINISHED
