[Mon Aug 11 15:47:52 2025] >> 
[Mon Aug 11 15:47:52 2025] >> PROGRAM START
[Mon Aug 11 15:47:52 2025] >> TRAIN FLAG: False
[Mon Aug 11 15:47:52 2025] >> DATA SET: Cifar100
[Mon Aug 11 15:47:52 2025] >> default_manipulate_range: 
[]
[Mon Aug 11 15:47:52 2025] >> error_in_time: 
[0.0, 0.0, 0.0, 0.0, 0.0, 0.0, 0.0, 0.0, 0.0, 0.0, 0.0, 0.0, 0.0, 0.0, 0.0, 0.0, 0.0, 0.0, 0.0, 0.0, 0.0, 0.0, 0.0, 0.0, 0.0, 0.0, 0.0, 0.0, 0.0, 0.0, 0.0, 0.0, 0.0, 0.0, 0.0, 0.0, 0.0, 0.0, 0.0, 0.0, 0.0, 0.0, 0.0, 0.0, 0.0, 0.0, 0.0, 0.0, 0.0, 0.0, 0.0, 0.0, 0.0, 0.0, 0.0, 0.0, 0.0, 0.0, 0.0, 0.0, 0.0, 0.0, 0.0, 0.0, 0.0, 0.0, 0.0, 0.0, 0.0, 0.0, 0.0, 0.0, 0.0, 0.0, 0.0, 0.0, 0.0, 0.0, 0.0, 0.0, 0.0, 0.0, 0.0, 0.0, 0.0, 0.0, 0.0, 0.0, 0.0, 0.0, 0.0, 0.0, 0.0, 0.0, 0.0, 0.0, 0.0, 0.0, 0.0, 0.0, 0.0, 0.0, 0.0, 0.0001, 0.0001, 0.0001, 0.0002, 0.0004, 0.0008, 0.0008, 0.0009, 0.001, 0.0011, 0.0017, 0.0017, 0.0017, 0.002, 0.0022, 0.0024, 0.0026, 0.0028, 0.003, 0.0032, 0.0034, 0.0039, 0.0041, 0.0041, 0.0045, 0.0048, 0.0052, 0.0055, 0.0058, 0.0062, 0.0065, 0.0072, 0.0078, 0.0084, 0.009, 0.0094, 0.0095, 0.0099, 0.0101, 0.0111, 0.0118, 0.0125, 0.0127, 0.013, 0.0133, 0.0139, 0.0141, 0.0147, 0.0148, 0.0154, 0.0158, 0.016, 0.0165, 0.0167, 0.0174, 0.0178, 0.0183, 0.0185, 0.0193, 0.0197, 0.0204, 0.0207, 0.0209, 0.0213, 0.0217, 0.0223, 0.0225, 0.0231, 0.0236, 0.0244, 0.0247, 0.0248, 0.0253, 0.0257, 0.0259, 0.0265, 0.0273, 0.0279, 0.0283, 0.0289, 0.0291, 0.0293, 0.0298, 0.0303, 0.0309, 0.0311, 0.032, 0.0325, 0.033, 0.0335, 0.0337, 0.0344, 0.0349, 0.0355, 0.0365, 0.0371, 0.0373]
[Mon Aug 11 15:47:52 2025] >> ---MAIN INFERENCE---
[Mon Aug 11 15:47:52 2025] >> network: darknetManiCifar100
[Mon Aug 11 15:47:55 2025] >> testing accuracy: 0.5719
[Mon Aug 11 15:47:55 2025] >> testing accuracy: 0.5719
[Mon Aug 11 15:47:55 2025] >> testing accuracy: 0.5719
[Mon Aug 11 15:47:55 2025] >> testing accuracy: 0.5719
[Mon Aug 11 15:47:55 2025] >> testing accuracy: 0.5719
[Mon Aug 11 15:47:55 2025] >> testing accuracy: 0.5719
[Mon Aug 11 15:47:55 2025] >> testing accuracy: 0.5719
[Mon Aug 11 15:47:55 2025] >> testing accuracy: 0.5719
[Mon Aug 11 15:47:55 2025] >> testing accuracy: 0.5719
[Mon Aug 11 15:47:55 2025] >> testing accuracy: 0.5719
[Mon Aug 11 15:47:55 2025] >> testing accuracy: 0.5719
[Mon Aug 11 15:47:55 2025] >> testing accuracy: 0.5719
[Mon Aug 11 15:47:55 2025] >> testing accuracy: 0.5719
[Mon Aug 11 15:47:55 2025] >> testing accuracy: 0.5719
[Mon Aug 11 15:47:55 2025] >> testing accuracy: 0.5719
[Mon Aug 11 15:47:55 2025] >> testing accuracy: 0.5719
[Mon Aug 11 15:47:55 2025] >> testing accuracy: 0.5719
[Mon Aug 11 15:47:55 2025] >> testing accuracy: 0.5719
[Mon Aug 11 15:47:55 2025] >> testing accuracy: 0.5719
[Mon Aug 11 15:47:55 2025] >> testing accuracy: 0.5719
[Mon Aug 11 15:47:55 2025] >> testing accuracy: 0.5719
[Mon Aug 11 15:47:55 2025] >> testing accuracy: 0.5719
[Mon Aug 11 15:47:55 2025] >> testing accuracy: 0.5719
[Mon Aug 11 15:47:55 2025] >> testing accuracy: 0.5719
[Mon Aug 11 15:47:55 2025] >> testing accuracy: 0.5719
[Mon Aug 11 15:47:55 2025] >> testing accuracy: 0.5719
[Mon Aug 11 15:47:55 2025] >> testing accuracy: 0.5719
[Mon Aug 11 15:47:55 2025] >> testing accuracy: 0.5719
[Mon Aug 11 15:47:55 2025] >> testing accuracy: 0.5719
[Mon Aug 11 15:47:55 2025] >> testing accuracy: 0.5719
[Mon Aug 11 15:47:55 2025] >> testing accuracy: 0.5719
[Mon Aug 11 15:47:55 2025] >> testing accuracy: 0.5719
[Mon Aug 11 15:47:55 2025] >> testing accuracy: 0.5719
[Mon Aug 11 15:47:55 2025] >> testing accuracy: 0.5719
[Mon Aug 11 15:47:55 2025] >> testing accuracy: 0.5719
[Mon Aug 11 15:47:55 2025] >> testing accuracy: 0.5719
[Mon Aug 11 15:47:55 2025] >> testing accuracy: 0.5719
[Mon Aug 11 15:47:55 2025] >> testing accuracy: 0.5719
[Mon Aug 11 15:47:55 2025] >> testing accuracy: 0.5719
[Mon Aug 11 15:47:55 2025] >> testing accuracy: 0.5719
[Mon Aug 11 15:47:55 2025] >> testing accuracy: 0.5719
[Mon Aug 11 15:47:55 2025] >> testing accuracy: 0.5719
[Mon Aug 11 15:47:55 2025] >> testing accuracy: 0.5719
[Mon Aug 11 15:47:55 2025] >> testing accuracy: 0.5719
[Mon Aug 11 15:47:55 2025] >> testing accuracy: 0.5719
[Mon Aug 11 15:47:55 2025] >> testing accuracy: 0.5719
[Mon Aug 11 15:47:55 2025] >> testing accuracy: 0.5719
[Mon Aug 11 15:47:55 2025] >> testing accuracy: 0.5719
[Mon Aug 11 15:47:55 2025] >> testing accuracy: 0.5719
[Mon Aug 11 15:47:55 2025] >> testing accuracy: 0.5719
[Mon Aug 11 15:47:55 2025] >> testing accuracy: 0.5719
[Mon Aug 11 15:47:55 2025] >> testing accuracy: 0.5719
[Mon Aug 11 15:47:55 2025] >> testing accuracy: 0.5719
[Mon Aug 11 15:47:55 2025] >> testing accuracy: 0.5719
[Mon Aug 11 15:47:55 2025] >> testing accuracy: 0.5719
[Mon Aug 11 15:47:55 2025] >> testing accuracy: 0.5719
[Mon Aug 11 15:47:55 2025] >> testing accuracy: 0.5719
[Mon Aug 11 15:47:55 2025] >> testing accuracy: 0.5719
[Mon Aug 11 15:47:55 2025] >> testing accuracy: 0.5719
[Mon Aug 11 15:47:55 2025] >> testing accuracy: 0.5719
[Mon Aug 11 15:47:55 2025] >> testing accuracy: 0.5719
[Mon Aug 11 15:47:55 2025] >> testing accuracy: 0.5719
[Mon Aug 11 15:47:55 2025] >> testing accuracy: 0.5719
[Mon Aug 11 15:47:55 2025] >> testing accuracy: 0.5719
[Mon Aug 11 15:47:55 2025] >> testing accuracy: 0.5719
[Mon Aug 11 15:47:55 2025] >> testing accuracy: 0.5719
[Mon Aug 11 15:47:55 2025] >> testing accuracy: 0.5719
[Mon Aug 11 15:47:55 2025] >> testing accuracy: 0.5719
[Mon Aug 11 15:47:55 2025] >> testing accuracy: 0.5719
[Mon Aug 11 15:47:55 2025] >> testing accuracy: 0.5719
[Mon Aug 11 15:47:55 2025] >> testing accuracy: 0.5719
[Mon Aug 11 15:47:55 2025] >> testing accuracy: 0.5719
[Mon Aug 11 15:47:55 2025] >> testing accuracy: 0.5719
[Mon Aug 11 15:47:55 2025] >> testing accuracy: 0.5719
[Mon Aug 11 15:47:55 2025] >> testing accuracy: 0.5719
[Mon Aug 11 15:47:55 2025] >> testing accuracy: 0.5719
[Mon Aug 11 15:47:55 2025] >> testing accuracy: 0.5719
[Mon Aug 11 15:47:55 2025] >> testing accuracy: 0.5719
[Mon Aug 11 15:47:55 2025] >> testing accuracy: 0.5719
[Mon Aug 11 15:47:55 2025] >> testing accuracy: 0.5719
[Mon Aug 11 15:47:55 2025] >> testing accuracy: 0.5719
[Mon Aug 11 15:47:55 2025] >> testing accuracy: 0.5719
[Mon Aug 11 15:47:55 2025] >> testing accuracy: 0.5719
[Mon Aug 11 15:47:55 2025] >> testing accuracy: 0.5719
[Mon Aug 11 15:47:55 2025] >> testing accuracy: 0.5719
[Mon Aug 11 15:47:55 2025] >> testing accuracy: 0.5719
[Mon Aug 11 15:47:55 2025] >> testing accuracy: 0.5719
[Mon Aug 11 15:47:55 2025] >> testing accuracy: 0.5719
[Mon Aug 11 15:47:55 2025] >> testing accuracy: 0.5719
[Mon Aug 11 15:47:55 2025] >> testing accuracy: 0.5719
[Mon Aug 11 15:47:55 2025] >> testing accuracy: 0.5719
[Mon Aug 11 15:47:55 2025] >> testing accuracy: 0.5719
[Mon Aug 11 15:47:55 2025] >> testing accuracy: 0.5719
[Mon Aug 11 15:47:55 2025] >> testing accuracy: 0.5719
[Mon Aug 11 15:47:55 2025] >> testing accuracy: 0.5719
[Mon Aug 11 15:47:55 2025] >> testing accuracy: 0.5719
[Mon Aug 11 15:47:55 2025] >> testing accuracy: 0.5719
[Mon Aug 11 15:47:55 2025] >> testing accuracy: 0.5719
[Mon Aug 11 15:47:55 2025] >> testing accuracy: 0.5719
[Mon Aug 11 15:47:55 2025] >> testing accuracy: 0.5719
[Mon Aug 11 15:47:55 2025] >> testing accuracy: 0.5719
[Mon Aug 11 15:47:55 2025] >> testing accuracy: 0.5719
[Mon Aug 11 15:47:55 2025] >> testing accuracy: 0.5719
[Mon Aug 11 15:47:58 2025] >> testing accuracy: 0.5649
[Mon Aug 11 15:47:58 2025] >> testing accuracy: 0.5649
[Mon Aug 11 15:47:58 2025] >> testing accuracy: 0.5649
[Mon Aug 11 15:48:00 2025] >> testing accuracy: 0.5630
[Mon Aug 11 15:48:03 2025] >> testing accuracy: 0.5606
[Mon Aug 11 15:48:05 2025] >> testing accuracy: 0.5536
[Mon Aug 11 15:48:05 2025] >> testing accuracy: 0.5536
[Mon Aug 11 15:48:08 2025] >> testing accuracy: 0.5507
[Mon Aug 11 15:48:10 2025] >> testing accuracy: 0.5485
[Mon Aug 11 15:48:13 2025] >> testing accuracy: 0.5450
[Mon Aug 11 15:48:15 2025] >> testing accuracy: 0.5381
[Mon Aug 11 15:48:15 2025] >> testing accuracy: 0.5381
[Mon Aug 11 15:48:15 2025] >> testing accuracy: 0.5381
[Mon Aug 11 15:48:18 2025] >> testing accuracy: 0.5366
[Mon Aug 11 15:48:20 2025] >> testing accuracy: 0.5324
[Mon Aug 11 15:48:23 2025] >> testing accuracy: 0.5287
[Mon Aug 11 15:48:25 2025] >> testing accuracy: 0.5276
[Mon Aug 11 15:48:28 2025] >> testing accuracy: 0.5217
[Mon Aug 11 15:48:31 2025] >> testing accuracy: 0.5193
[Mon Aug 11 15:48:33 2025] >> testing accuracy: 0.5219
[Mon Aug 11 15:48:36 2025] >> testing accuracy: 0.5107
[Mon Aug 11 15:48:38 2025] >> testing accuracy: 0.5064
[Mon Aug 11 15:48:41 2025] >> testing accuracy: 0.4981
[Mon Aug 11 15:48:41 2025] >> testing accuracy: 0.4981
[Mon Aug 11 15:48:43 2025] >> testing accuracy: 0.4833
[Mon Aug 11 15:48:46 2025] >> testing accuracy: 0.4821
[Mon Aug 11 15:48:49 2025] >> testing accuracy: 0.4701
[Mon Aug 11 15:48:51 2025] >> testing accuracy: 0.4536
[Mon Aug 11 15:48:54 2025] >> testing accuracy: 0.4602
[Mon Aug 11 15:48:56 2025] >> testing accuracy: 0.4400
[Mon Aug 11 15:48:59 2025] >> testing accuracy: 0.4290
[Mon Aug 11 15:49:01 2025] >> testing accuracy: 0.4099
[Mon Aug 11 15:49:04 2025] >> testing accuracy: 0.3858
[Mon Aug 11 15:49:07 2025] >> testing accuracy: 0.3688
[Mon Aug 11 15:49:09 2025] >> testing accuracy: 0.3256
[Mon Aug 11 15:49:12 2025] >> testing accuracy: 0.3160
[Mon Aug 11 15:49:15 2025] >> testing accuracy: 0.3040
[Mon Aug 11 15:49:17 2025] >> testing accuracy: 0.2782
[Mon Aug 11 15:49:20 2025] >> testing accuracy: 0.2891
[Mon Aug 11 15:49:23 2025] >> testing accuracy: 0.2372
[Mon Aug 11 15:49:25 2025] >> testing accuracy: 0.1908
[Mon Aug 11 15:49:28 2025] >> testing accuracy: 0.1662
[Mon Aug 11 15:49:31 2025] >> testing accuracy: 0.1517
[Mon Aug 11 15:49:33 2025] >> testing accuracy: 0.1466
[Mon Aug 11 15:49:36 2025] >> testing accuracy: 0.1361
[Mon Aug 11 15:49:39 2025] >> testing accuracy: 0.1164
[Mon Aug 11 15:49:41 2025] >> testing accuracy: 0.1054
[Mon Aug 11 15:49:44 2025] >> testing accuracy: 0.1013
[Mon Aug 11 15:49:47 2025] >> testing accuracy: 0.0953
[Mon Aug 11 15:49:50 2025] >> testing accuracy: 0.0815
[Mon Aug 11 15:49:52 2025] >> testing accuracy: 0.0767
[Mon Aug 11 15:49:55 2025] >> testing accuracy: 0.0724
[Mon Aug 11 15:49:58 2025] >> testing accuracy: 0.0687
[Mon Aug 11 15:50:00 2025] >> testing accuracy: 0.0607
[Mon Aug 11 15:50:03 2025] >> testing accuracy: 0.0577
[Mon Aug 11 15:50:06 2025] >> testing accuracy: 0.0517
[Mon Aug 11 15:50:09 2025] >> testing accuracy: 0.0526
[Mon Aug 11 15:50:11 2025] >> testing accuracy: 0.0474
[Mon Aug 11 15:50:14 2025] >> testing accuracy: 0.0463
[Mon Aug 11 15:50:17 2025] >> testing accuracy: 0.0423
[Mon Aug 11 15:50:20 2025] >> testing accuracy: 0.0416
[Mon Aug 11 15:50:23 2025] >> testing accuracy: 0.0385
[Mon Aug 11 15:50:25 2025] >> testing accuracy: 0.0391
[Mon Aug 11 15:50:28 2025] >> testing accuracy: 0.0370
[Mon Aug 11 15:50:31 2025] >> testing accuracy: 0.0360
[Mon Aug 11 15:50:34 2025] >> testing accuracy: 0.0357
[Mon Aug 11 15:50:36 2025] >> testing accuracy: 0.0382
[Mon Aug 11 15:50:39 2025] >> testing accuracy: 0.0324
[Mon Aug 11 15:50:42 2025] >> testing accuracy: 0.0320
[Mon Aug 11 15:50:45 2025] >> testing accuracy: 0.0291
[Mon Aug 11 15:50:48 2025] >> testing accuracy: 0.0303
[Mon Aug 11 15:50:51 2025] >> testing accuracy: 0.0321
[Mon Aug 11 15:50:54 2025] >> testing accuracy: 0.0317
[Mon Aug 11 15:50:56 2025] >> testing accuracy: 0.0294
[Mon Aug 11 15:50:59 2025] >> testing accuracy: 0.0284
[Mon Aug 11 15:51:02 2025] >> testing accuracy: 0.0300
[Mon Aug 11 15:51:05 2025] >> testing accuracy: 0.0250
[Mon Aug 11 15:51:08 2025] >> testing accuracy: 0.0273
[Mon Aug 11 15:51:11 2025] >> testing accuracy: 0.0247
[Mon Aug 11 15:51:14 2025] >> testing accuracy: 0.0255
[Mon Aug 11 15:51:17 2025] >> testing accuracy: 0.0252
[Mon Aug 11 15:51:20 2025] >> testing accuracy: 0.0249
[Mon Aug 11 15:51:23 2025] >> testing accuracy: 0.0249
[Mon Aug 11 15:51:26 2025] >> testing accuracy: 0.0238
[Mon Aug 11 15:51:28 2025] >> testing accuracy: 0.0243
[Mon Aug 11 15:51:31 2025] >> testing accuracy: 0.0249
[Mon Aug 11 15:51:34 2025] >> testing accuracy: 0.0236
[Mon Aug 11 15:51:37 2025] >> testing accuracy: 0.0248
[Mon Aug 11 15:51:40 2025] >> testing accuracy: 0.0241
[Mon Aug 11 15:51:43 2025] >> testing accuracy: 0.0235
[Mon Aug 11 15:51:46 2025] >> testing accuracy: 0.0255
[Mon Aug 11 15:51:49 2025] >> testing accuracy: 0.0227
[Mon Aug 11 15:51:52 2025] >> testing accuracy: 0.0249
[Mon Aug 11 15:51:56 2025] >> testing accuracy: 0.0180
[Mon Aug 11 15:51:59 2025] >> testing accuracy: 0.0231
[Mon Aug 11 15:52:02 2025] >> testing accuracy: 0.0204
[Mon Aug 11 15:52:05 2025] >> testing accuracy: 0.0228
[Mon Aug 11 15:52:05 2025] >> 
[Mon Aug 11 15:52:05 2025] >> network: squeezenetManiCifar100
[Mon Aug 11 15:52:07 2025] >> testing accuracy: 0.5701
[Mon Aug 11 15:52:07 2025] >> testing accuracy: 0.5701
[Mon Aug 11 15:52:07 2025] >> testing accuracy: 0.5701
[Mon Aug 11 15:52:07 2025] >> testing accuracy: 0.5701
[Mon Aug 11 15:52:07 2025] >> testing accuracy: 0.5701
[Mon Aug 11 15:52:07 2025] >> testing accuracy: 0.5701
[Mon Aug 11 15:52:07 2025] >> testing accuracy: 0.5701
[Mon Aug 11 15:52:07 2025] >> testing accuracy: 0.5701
[Mon Aug 11 15:52:07 2025] >> testing accuracy: 0.5701
[Mon Aug 11 15:52:07 2025] >> testing accuracy: 0.5701
[Mon Aug 11 15:52:07 2025] >> testing accuracy: 0.5701
[Mon Aug 11 15:52:07 2025] >> testing accuracy: 0.5701
[Mon Aug 11 15:52:07 2025] >> testing accuracy: 0.5701
[Mon Aug 11 15:52:07 2025] >> testing accuracy: 0.5701
[Mon Aug 11 15:52:07 2025] >> testing accuracy: 0.5701
[Mon Aug 11 15:52:07 2025] >> testing accuracy: 0.5701
[Mon Aug 11 15:52:07 2025] >> testing accuracy: 0.5701
[Mon Aug 11 15:52:07 2025] >> testing accuracy: 0.5701
[Mon Aug 11 15:52:07 2025] >> testing accuracy: 0.5701
[Mon Aug 11 15:52:07 2025] >> testing accuracy: 0.5701
[Mon Aug 11 15:52:07 2025] >> testing accuracy: 0.5701
[Mon Aug 11 15:52:07 2025] >> testing accuracy: 0.5701
[Mon Aug 11 15:52:07 2025] >> testing accuracy: 0.5701
[Mon Aug 11 15:52:07 2025] >> testing accuracy: 0.5701
[Mon Aug 11 15:52:07 2025] >> testing accuracy: 0.5701
[Mon Aug 11 15:52:07 2025] >> testing accuracy: 0.5701
[Mon Aug 11 15:52:07 2025] >> testing accuracy: 0.5701
[Mon Aug 11 15:52:07 2025] >> testing accuracy: 0.5701
[Mon Aug 11 15:52:07 2025] >> testing accuracy: 0.5701
[Mon Aug 11 15:52:07 2025] >> testing accuracy: 0.5701
[Mon Aug 11 15:52:07 2025] >> testing accuracy: 0.5701
[Mon Aug 11 15:52:07 2025] >> testing accuracy: 0.5701
[Mon Aug 11 15:52:07 2025] >> testing accuracy: 0.5701
[Mon Aug 11 15:52:07 2025] >> testing accuracy: 0.5701
[Mon Aug 11 15:52:07 2025] >> testing accuracy: 0.5701
[Mon Aug 11 15:52:07 2025] >> testing accuracy: 0.5701
[Mon Aug 11 15:52:07 2025] >> testing accuracy: 0.5701
[Mon Aug 11 15:52:07 2025] >> testing accuracy: 0.5701
[Mon Aug 11 15:52:07 2025] >> testing accuracy: 0.5701
[Mon Aug 11 15:52:07 2025] >> testing accuracy: 0.5701
[Mon Aug 11 15:52:07 2025] >> testing accuracy: 0.5701
[Mon Aug 11 15:52:07 2025] >> testing accuracy: 0.5701
[Mon Aug 11 15:52:07 2025] >> testing accuracy: 0.5701
[Mon Aug 11 15:52:07 2025] >> testing accuracy: 0.5701
[Mon Aug 11 15:52:07 2025] >> testing accuracy: 0.5701
[Mon Aug 11 15:52:07 2025] >> testing accuracy: 0.5701
[Mon Aug 11 15:52:07 2025] >> testing accuracy: 0.5701
[Mon Aug 11 15:52:07 2025] >> testing accuracy: 0.5701
[Mon Aug 11 15:52:07 2025] >> testing accuracy: 0.5701
[Mon Aug 11 15:52:07 2025] >> testing accuracy: 0.5701
[Mon Aug 11 15:52:07 2025] >> testing accuracy: 0.5701
[Mon Aug 11 15:52:07 2025] >> testing accuracy: 0.5701
[Mon Aug 11 15:52:07 2025] >> testing accuracy: 0.5701
[Mon Aug 11 15:52:07 2025] >> testing accuracy: 0.5701
[Mon Aug 11 15:52:07 2025] >> testing accuracy: 0.5701
[Mon Aug 11 15:52:07 2025] >> testing accuracy: 0.5701
[Mon Aug 11 15:52:07 2025] >> testing accuracy: 0.5701
[Mon Aug 11 15:52:07 2025] >> testing accuracy: 0.5701
[Mon Aug 11 15:52:07 2025] >> testing accuracy: 0.5701
[Mon Aug 11 15:52:07 2025] >> testing accuracy: 0.5701
[Mon Aug 11 15:52:07 2025] >> testing accuracy: 0.5701
[Mon Aug 11 15:52:07 2025] >> testing accuracy: 0.5701
[Mon Aug 11 15:52:07 2025] >> testing accuracy: 0.5701
[Mon Aug 11 15:52:07 2025] >> testing accuracy: 0.5701
[Mon Aug 11 15:52:07 2025] >> testing accuracy: 0.5701
[Mon Aug 11 15:52:07 2025] >> testing accuracy: 0.5701
[Mon Aug 11 15:52:07 2025] >> testing accuracy: 0.5701
[Mon Aug 11 15:52:07 2025] >> testing accuracy: 0.5701
[Mon Aug 11 15:52:07 2025] >> testing accuracy: 0.5701
[Mon Aug 11 15:52:07 2025] >> testing accuracy: 0.5701
[Mon Aug 11 15:52:07 2025] >> testing accuracy: 0.5701
[Mon Aug 11 15:52:07 2025] >> testing accuracy: 0.5701
[Mon Aug 11 15:52:07 2025] >> testing accuracy: 0.5701
[Mon Aug 11 15:52:07 2025] >> testing accuracy: 0.5701
[Mon Aug 11 15:52:07 2025] >> testing accuracy: 0.5701
[Mon Aug 11 15:52:07 2025] >> testing accuracy: 0.5701
[Mon Aug 11 15:52:07 2025] >> testing accuracy: 0.5701
[Mon Aug 11 15:52:07 2025] >> testing accuracy: 0.5701
[Mon Aug 11 15:52:07 2025] >> testing accuracy: 0.5701
[Mon Aug 11 15:52:07 2025] >> testing accuracy: 0.5701
[Mon Aug 11 15:52:07 2025] >> testing accuracy: 0.5701
[Mon Aug 11 15:52:07 2025] >> testing accuracy: 0.5701
[Mon Aug 11 15:52:07 2025] >> testing accuracy: 0.5701
[Mon Aug 11 15:52:07 2025] >> testing accuracy: 0.5701
[Mon Aug 11 15:52:07 2025] >> testing accuracy: 0.5701
[Mon Aug 11 15:52:07 2025] >> testing accuracy: 0.5701
[Mon Aug 11 15:52:07 2025] >> testing accuracy: 0.5701
[Mon Aug 11 15:52:07 2025] >> testing accuracy: 0.5701
[Mon Aug 11 15:52:07 2025] >> testing accuracy: 0.5701
[Mon Aug 11 15:52:07 2025] >> testing accuracy: 0.5701
[Mon Aug 11 15:52:07 2025] >> testing accuracy: 0.5701
[Mon Aug 11 15:52:07 2025] >> testing accuracy: 0.5701
[Mon Aug 11 15:52:07 2025] >> testing accuracy: 0.5701
[Mon Aug 11 15:52:07 2025] >> testing accuracy: 0.5701
[Mon Aug 11 15:52:07 2025] >> testing accuracy: 0.5701
[Mon Aug 11 15:52:07 2025] >> testing accuracy: 0.5701
[Mon Aug 11 15:52:07 2025] >> testing accuracy: 0.5701
[Mon Aug 11 15:52:07 2025] >> testing accuracy: 0.5701
[Mon Aug 11 15:52:07 2025] >> testing accuracy: 0.5701
[Mon Aug 11 15:52:07 2025] >> testing accuracy: 0.5701
[Mon Aug 11 15:52:07 2025] >> testing accuracy: 0.5701
[Mon Aug 11 15:52:07 2025] >> testing accuracy: 0.5701
[Mon Aug 11 15:52:07 2025] >> testing accuracy: 0.5701
[Mon Aug 11 15:52:10 2025] >> testing accuracy: 0.5464
[Mon Aug 11 15:52:10 2025] >> testing accuracy: 0.5464
[Mon Aug 11 15:52:10 2025] >> testing accuracy: 0.5464
[Mon Aug 11 15:52:13 2025] >> testing accuracy: 0.5194
[Mon Aug 11 15:52:16 2025] >> testing accuracy: 0.4824
[Mon Aug 11 15:52:19 2025] >> testing accuracy: 0.4279
[Mon Aug 11 15:52:19 2025] >> testing accuracy: 0.4279
[Mon Aug 11 15:52:22 2025] >> testing accuracy: 0.4097
[Mon Aug 11 15:52:25 2025] >> testing accuracy: 0.3949
[Mon Aug 11 15:52:28 2025] >> testing accuracy: 0.3723
[Mon Aug 11 15:52:31 2025] >> testing accuracy: 0.2700
[Mon Aug 11 15:52:31 2025] >> testing accuracy: 0.2700
[Mon Aug 11 15:52:31 2025] >> testing accuracy: 0.2700
[Mon Aug 11 15:52:34 2025] >> testing accuracy: 0.2297
[Mon Aug 11 15:52:37 2025] >> testing accuracy: 0.2033
[Mon Aug 11 15:52:40 2025] >> testing accuracy: 0.1744
[Mon Aug 11 15:52:43 2025] >> testing accuracy: 0.1538
[Mon Aug 11 15:52:46 2025] >> testing accuracy: 0.1300
[Mon Aug 11 15:52:49 2025] >> testing accuracy: 0.1046
[Mon Aug 11 15:52:52 2025] >> testing accuracy: 0.0943
[Mon Aug 11 15:52:55 2025] >> testing accuracy: 0.0787
[Mon Aug 11 15:52:58 2025] >> testing accuracy: 0.0644
[Mon Aug 11 15:53:01 2025] >> testing accuracy: 0.0505
[Mon Aug 11 15:53:01 2025] >> testing accuracy: 0.0505
[Mon Aug 11 15:53:04 2025] >> testing accuracy: 0.0463
[Mon Aug 11 15:53:07 2025] >> testing accuracy: 0.0391
[Mon Aug 11 15:53:10 2025] >> testing accuracy: 0.0361
[Mon Aug 11 15:53:13 2025] >> testing accuracy: 0.0336
[Mon Aug 11 15:53:16 2025] >> testing accuracy: 0.0319
[Mon Aug 11 15:53:19 2025] >> testing accuracy: 0.0297
[Mon Aug 11 15:53:22 2025] >> testing accuracy: 0.0281
[Mon Aug 11 15:53:26 2025] >> testing accuracy: 0.0288
[Mon Aug 11 15:53:29 2025] >> testing accuracy: 0.0246
[Mon Aug 11 15:53:32 2025] >> testing accuracy: 0.0248
[Mon Aug 11 15:53:35 2025] >> testing accuracy: 0.0250
[Mon Aug 11 15:53:38 2025] >> testing accuracy: 0.0214
[Mon Aug 11 15:53:41 2025] >> testing accuracy: 0.0242
[Mon Aug 11 15:53:44 2025] >> testing accuracy: 0.0221
[Mon Aug 11 15:53:48 2025] >> testing accuracy: 0.0224
[Mon Aug 11 15:53:51 2025] >> testing accuracy: 0.0212
[Mon Aug 11 15:53:54 2025] >> testing accuracy: 0.0204
[Mon Aug 11 15:53:57 2025] >> testing accuracy: 0.0198
[Mon Aug 11 15:54:01 2025] >> testing accuracy: 0.0213
[Mon Aug 11 15:54:04 2025] >> testing accuracy: 0.0187
[Mon Aug 11 15:54:07 2025] >> testing accuracy: 0.0236
[Mon Aug 11 15:54:11 2025] >> testing accuracy: 0.0181
[Mon Aug 11 15:54:14 2025] >> testing accuracy: 0.0200
[Mon Aug 11 15:54:18 2025] >> testing accuracy: 0.0188
[Mon Aug 11 15:54:21 2025] >> testing accuracy: 0.0215
[Mon Aug 11 15:54:24 2025] >> testing accuracy: 0.0227
[Mon Aug 11 15:54:28 2025] >> testing accuracy: 0.0200
[Mon Aug 11 15:54:31 2025] >> testing accuracy: 0.0183
[Mon Aug 11 15:54:35 2025] >> testing accuracy: 0.0194
[Mon Aug 11 15:54:38 2025] >> testing accuracy: 0.0188
[Mon Aug 11 15:54:42 2025] >> testing accuracy: 0.0209
[Mon Aug 11 15:54:45 2025] >> testing accuracy: 0.0219
[Mon Aug 11 15:54:49 2025] >> testing accuracy: 0.0189
[Mon Aug 11 15:54:53 2025] >> testing accuracy: 0.0191
[Mon Aug 11 15:54:56 2025] >> testing accuracy: 0.0190
[Mon Aug 11 15:55:00 2025] >> testing accuracy: 0.0187
[Mon Aug 11 15:55:04 2025] >> testing accuracy: 0.0192
[Mon Aug 11 15:55:07 2025] >> testing accuracy: 0.0179
[Mon Aug 11 15:55:11 2025] >> testing accuracy: 0.0199
[Mon Aug 11 15:55:15 2025] >> testing accuracy: 0.0167
[Mon Aug 11 15:55:18 2025] >> testing accuracy: 0.0186
[Mon Aug 11 15:55:22 2025] >> testing accuracy: 0.0173
[Mon Aug 11 15:55:26 2025] >> testing accuracy: 0.0188
[Mon Aug 11 15:55:30 2025] >> testing accuracy: 0.0176
[Mon Aug 11 15:55:33 2025] >> testing accuracy: 0.0188
[Mon Aug 11 15:55:37 2025] >> testing accuracy: 0.0182
[Mon Aug 11 15:55:41 2025] >> testing accuracy: 0.0175
[Mon Aug 11 15:55:45 2025] >> testing accuracy: 0.0194
[Mon Aug 11 15:55:49 2025] >> testing accuracy: 0.0182
[Mon Aug 11 15:55:53 2025] >> testing accuracy: 0.0156
[Mon Aug 11 15:55:57 2025] >> testing accuracy: 0.0193
[Mon Aug 11 15:56:01 2025] >> testing accuracy: 0.0188
[Mon Aug 11 15:56:05 2025] >> testing accuracy: 0.0194
[Mon Aug 11 15:56:09 2025] >> testing accuracy: 0.0170
[Mon Aug 11 15:56:13 2025] >> testing accuracy: 0.0193
[Mon Aug 11 15:56:17 2025] >> testing accuracy: 0.0175
[Mon Aug 11 15:56:21 2025] >> testing accuracy: 0.0158
[Mon Aug 11 15:56:25 2025] >> testing accuracy: 0.0181
[Mon Aug 11 15:56:29 2025] >> testing accuracy: 0.0193
[Mon Aug 11 15:56:33 2025] >> testing accuracy: 0.0181
[Mon Aug 11 15:56:37 2025] >> testing accuracy: 0.0145
[Mon Aug 11 15:56:41 2025] >> testing accuracy: 0.0165
[Mon Aug 11 15:56:45 2025] >> testing accuracy: 0.0184
[Mon Aug 11 15:56:50 2025] >> testing accuracy: 0.0185
[Mon Aug 11 15:56:54 2025] >> testing accuracy: 0.0161
[Mon Aug 11 15:56:58 2025] >> testing accuracy: 0.0161
[Mon Aug 11 15:57:02 2025] >> testing accuracy: 0.0157
[Mon Aug 11 15:57:07 2025] >> testing accuracy: 0.0184
[Mon Aug 11 15:57:11 2025] >> testing accuracy: 0.0157
[Mon Aug 11 15:57:15 2025] >> testing accuracy: 0.0177
[Mon Aug 11 15:57:20 2025] >> testing accuracy: 0.0164
[Mon Aug 11 15:57:24 2025] >> testing accuracy: 0.0153
[Mon Aug 11 15:57:28 2025] >> testing accuracy: 0.0178
[Mon Aug 11 15:57:28 2025] >> 
[Mon Aug 11 15:57:28 2025] >> network: resnet18ManiCifar100
[Mon Aug 11 15:57:31 2025] >> testing accuracy: 0.5991
[Mon Aug 11 15:57:31 2025] >> testing accuracy: 0.5991
[Mon Aug 11 15:57:31 2025] >> testing accuracy: 0.5991
[Mon Aug 11 15:57:31 2025] >> testing accuracy: 0.5991
[Mon Aug 11 15:57:31 2025] >> testing accuracy: 0.5991
[Mon Aug 11 15:57:31 2025] >> testing accuracy: 0.5991
[Mon Aug 11 15:57:31 2025] >> testing accuracy: 0.5991
[Mon Aug 11 15:57:31 2025] >> testing accuracy: 0.5991
[Mon Aug 11 15:57:31 2025] >> testing accuracy: 0.5991
[Mon Aug 11 15:57:31 2025] >> testing accuracy: 0.5991
[Mon Aug 11 15:57:31 2025] >> testing accuracy: 0.5991
[Mon Aug 11 15:57:31 2025] >> testing accuracy: 0.5991
[Mon Aug 11 15:57:31 2025] >> testing accuracy: 0.5991
[Mon Aug 11 15:57:31 2025] >> testing accuracy: 0.5991
[Mon Aug 11 15:57:31 2025] >> testing accuracy: 0.5991
[Mon Aug 11 15:57:31 2025] >> testing accuracy: 0.5991
[Mon Aug 11 15:57:31 2025] >> testing accuracy: 0.5991
[Mon Aug 11 15:57:31 2025] >> testing accuracy: 0.5991
[Mon Aug 11 15:57:31 2025] >> testing accuracy: 0.5991
[Mon Aug 11 15:57:31 2025] >> testing accuracy: 0.5991
[Mon Aug 11 15:57:31 2025] >> testing accuracy: 0.5991
[Mon Aug 11 15:57:31 2025] >> testing accuracy: 0.5991
[Mon Aug 11 15:57:31 2025] >> testing accuracy: 0.5991
[Mon Aug 11 15:57:31 2025] >> testing accuracy: 0.5991
[Mon Aug 11 15:57:31 2025] >> testing accuracy: 0.5991
[Mon Aug 11 15:57:31 2025] >> testing accuracy: 0.5991
[Mon Aug 11 15:57:31 2025] >> testing accuracy: 0.5991
[Mon Aug 11 15:57:31 2025] >> testing accuracy: 0.5991
[Mon Aug 11 15:57:31 2025] >> testing accuracy: 0.5991
[Mon Aug 11 15:57:31 2025] >> testing accuracy: 0.5991
[Mon Aug 11 15:57:31 2025] >> testing accuracy: 0.5991
[Mon Aug 11 15:57:31 2025] >> testing accuracy: 0.5991
[Mon Aug 11 15:57:31 2025] >> testing accuracy: 0.5991
[Mon Aug 11 15:57:31 2025] >> testing accuracy: 0.5991
[Mon Aug 11 15:57:31 2025] >> testing accuracy: 0.5991
[Mon Aug 11 15:57:31 2025] >> testing accuracy: 0.5991
[Mon Aug 11 15:57:31 2025] >> testing accuracy: 0.5991
[Mon Aug 11 15:57:31 2025] >> testing accuracy: 0.5991
[Mon Aug 11 15:57:31 2025] >> testing accuracy: 0.5991
[Mon Aug 11 15:57:31 2025] >> testing accuracy: 0.5991
[Mon Aug 11 15:57:31 2025] >> testing accuracy: 0.5991
[Mon Aug 11 15:57:31 2025] >> testing accuracy: 0.5991
[Mon Aug 11 15:57:31 2025] >> testing accuracy: 0.5991
[Mon Aug 11 15:57:31 2025] >> testing accuracy: 0.5991
[Mon Aug 11 15:57:31 2025] >> testing accuracy: 0.5991
[Mon Aug 11 15:57:31 2025] >> testing accuracy: 0.5991
[Mon Aug 11 15:57:31 2025] >> testing accuracy: 0.5991
[Mon Aug 11 15:57:31 2025] >> testing accuracy: 0.5991
[Mon Aug 11 15:57:31 2025] >> testing accuracy: 0.5991
[Mon Aug 11 15:57:31 2025] >> testing accuracy: 0.5991
[Mon Aug 11 15:57:31 2025] >> testing accuracy: 0.5991
[Mon Aug 11 15:57:31 2025] >> testing accuracy: 0.5991
[Mon Aug 11 15:57:31 2025] >> testing accuracy: 0.5991
[Mon Aug 11 15:57:31 2025] >> testing accuracy: 0.5991
[Mon Aug 11 15:57:31 2025] >> testing accuracy: 0.5991
[Mon Aug 11 15:57:31 2025] >> testing accuracy: 0.5991
[Mon Aug 11 15:57:31 2025] >> testing accuracy: 0.5991
[Mon Aug 11 15:57:31 2025] >> testing accuracy: 0.5991
[Mon Aug 11 15:57:31 2025] >> testing accuracy: 0.5991
[Mon Aug 11 15:57:31 2025] >> testing accuracy: 0.5991
[Mon Aug 11 15:57:31 2025] >> testing accuracy: 0.5991
[Mon Aug 11 15:57:31 2025] >> testing accuracy: 0.5991
[Mon Aug 11 15:57:31 2025] >> testing accuracy: 0.5991
[Mon Aug 11 15:57:31 2025] >> testing accuracy: 0.5991
[Mon Aug 11 15:57:31 2025] >> testing accuracy: 0.5991
[Mon Aug 11 15:57:31 2025] >> testing accuracy: 0.5991
[Mon Aug 11 15:57:31 2025] >> testing accuracy: 0.5991
[Mon Aug 11 15:57:31 2025] >> testing accuracy: 0.5991
[Mon Aug 11 15:57:31 2025] >> testing accuracy: 0.5991
[Mon Aug 11 15:57:31 2025] >> testing accuracy: 0.5991
[Mon Aug 11 15:57:31 2025] >> testing accuracy: 0.5991
[Mon Aug 11 15:57:31 2025] >> testing accuracy: 0.5991
[Mon Aug 11 15:57:31 2025] >> testing accuracy: 0.5991
[Mon Aug 11 15:57:31 2025] >> testing accuracy: 0.5991
[Mon Aug 11 15:57:31 2025] >> testing accuracy: 0.5991
[Mon Aug 11 15:57:31 2025] >> testing accuracy: 0.5991
[Mon Aug 11 15:57:31 2025] >> testing accuracy: 0.5991
[Mon Aug 11 15:57:31 2025] >> testing accuracy: 0.5991
[Mon Aug 11 15:57:31 2025] >> testing accuracy: 0.5991
[Mon Aug 11 15:57:31 2025] >> testing accuracy: 0.5991
[Mon Aug 11 15:57:31 2025] >> testing accuracy: 0.5991
[Mon Aug 11 15:57:31 2025] >> testing accuracy: 0.5991
[Mon Aug 11 15:57:31 2025] >> testing accuracy: 0.5991
[Mon Aug 11 15:57:31 2025] >> testing accuracy: 0.5991
[Mon Aug 11 15:57:31 2025] >> testing accuracy: 0.5991
[Mon Aug 11 15:57:31 2025] >> testing accuracy: 0.5991
[Mon Aug 11 15:57:31 2025] >> testing accuracy: 0.5991
[Mon Aug 11 15:57:31 2025] >> testing accuracy: 0.5991
[Mon Aug 11 15:57:31 2025] >> testing accuracy: 0.5991
[Mon Aug 11 15:57:31 2025] >> testing accuracy: 0.5991
[Mon Aug 11 15:57:31 2025] >> testing accuracy: 0.5991
[Mon Aug 11 15:57:31 2025] >> testing accuracy: 0.5991
[Mon Aug 11 15:57:31 2025] >> testing accuracy: 0.5991
[Mon Aug 11 15:57:31 2025] >> testing accuracy: 0.5991
[Mon Aug 11 15:57:31 2025] >> testing accuracy: 0.5991
[Mon Aug 11 15:57:31 2025] >> testing accuracy: 0.5991
[Mon Aug 11 15:57:31 2025] >> testing accuracy: 0.5991
[Mon Aug 11 15:57:31 2025] >> testing accuracy: 0.5991
[Mon Aug 11 15:57:31 2025] >> testing accuracy: 0.5991
[Mon Aug 11 15:57:31 2025] >> testing accuracy: 0.5991
[Mon Aug 11 15:57:31 2025] >> testing accuracy: 0.5991
[Mon Aug 11 15:57:31 2025] >> testing accuracy: 0.5991
[Mon Aug 11 15:57:31 2025] >> testing accuracy: 0.5991
[Mon Aug 11 15:57:33 2025] >> testing accuracy: 0.5937
[Mon Aug 11 15:57:33 2025] >> testing accuracy: 0.5937
[Mon Aug 11 15:57:33 2025] >> testing accuracy: 0.5937
[Mon Aug 11 15:57:36 2025] >> testing accuracy: 0.5874
[Mon Aug 11 15:57:38 2025] >> testing accuracy: 0.5772
[Mon Aug 11 15:57:41 2025] >> testing accuracy: 0.5637
[Mon Aug 11 15:57:41 2025] >> testing accuracy: 0.5637
[Mon Aug 11 15:57:43 2025] >> testing accuracy: 0.5629
[Mon Aug 11 15:57:46 2025] >> testing accuracy: 0.5551
[Mon Aug 11 15:57:49 2025] >> testing accuracy: 0.5563
[Mon Aug 11 15:57:51 2025] >> testing accuracy: 0.5366
[Mon Aug 11 15:57:51 2025] >> testing accuracy: 0.5366
[Mon Aug 11 15:57:51 2025] >> testing accuracy: 0.5366
[Mon Aug 11 15:57:54 2025] >> testing accuracy: 0.5342
[Mon Aug 11 15:57:56 2025] >> testing accuracy: 0.5236
[Mon Aug 11 15:57:59 2025] >> testing accuracy: 0.5222
[Mon Aug 11 15:58:01 2025] >> testing accuracy: 0.5124
[Mon Aug 11 15:58:04 2025] >> testing accuracy: 0.5115
[Mon Aug 11 15:58:07 2025] >> testing accuracy: 0.5058
[Mon Aug 11 15:58:09 2025] >> testing accuracy: 0.5006
[Mon Aug 11 15:58:12 2025] >> testing accuracy: 0.4960
[Mon Aug 11 15:58:14 2025] >> testing accuracy: 0.4911
[Mon Aug 11 15:58:17 2025] >> testing accuracy: 0.4863
[Mon Aug 11 15:58:17 2025] >> testing accuracy: 0.4863
[Mon Aug 11 15:58:20 2025] >> testing accuracy: 0.4779
[Mon Aug 11 15:58:22 2025] >> testing accuracy: 0.4720
[Mon Aug 11 15:58:25 2025] >> testing accuracy: 0.4695
[Mon Aug 11 15:58:27 2025] >> testing accuracy: 0.4636
[Mon Aug 11 15:58:30 2025] >> testing accuracy: 0.4646
[Mon Aug 11 15:58:33 2025] >> testing accuracy: 0.4572
[Mon Aug 11 15:58:35 2025] >> testing accuracy: 0.4558
[Mon Aug 11 15:58:38 2025] >> testing accuracy: 0.4440
[Mon Aug 11 15:58:40 2025] >> testing accuracy: 0.4434
[Mon Aug 11 15:58:43 2025] >> testing accuracy: 0.4329
[Mon Aug 11 15:58:46 2025] >> testing accuracy: 0.4358
[Mon Aug 11 15:58:48 2025] >> testing accuracy: 0.4258
[Mon Aug 11 15:58:51 2025] >> testing accuracy: 0.4253
[Mon Aug 11 15:58:54 2025] >> testing accuracy: 0.4191
[Mon Aug 11 15:58:57 2025] >> testing accuracy: 0.4177
[Mon Aug 11 15:58:59 2025] >> testing accuracy: 0.4207
[Mon Aug 11 15:59:02 2025] >> testing accuracy: 0.4097
[Mon Aug 11 15:59:05 2025] >> testing accuracy: 0.4085
[Mon Aug 11 15:59:08 2025] >> testing accuracy: 0.4073
[Mon Aug 11 15:59:10 2025] >> testing accuracy: 0.4096
[Mon Aug 11 15:59:13 2025] >> testing accuracy: 0.4097
[Mon Aug 11 15:59:16 2025] >> testing accuracy: 0.4061
[Mon Aug 11 15:59:19 2025] >> testing accuracy: 0.4049
[Mon Aug 11 15:59:22 2025] >> testing accuracy: 0.4055
[Mon Aug 11 15:59:25 2025] >> testing accuracy: 0.4048
[Mon Aug 11 15:59:28 2025] >> testing accuracy: 0.4061
[Mon Aug 11 15:59:30 2025] >> testing accuracy: 0.4026
[Mon Aug 11 15:59:33 2025] >> testing accuracy: 0.4057
[Mon Aug 11 15:59:36 2025] >> testing accuracy: 0.4003
[Mon Aug 11 15:59:39 2025] >> testing accuracy: 0.3988
[Mon Aug 11 15:59:42 2025] >> testing accuracy: 0.3982
[Mon Aug 11 15:59:45 2025] >> testing accuracy: 0.3977
[Mon Aug 11 15:59:48 2025] >> testing accuracy: 0.3932
[Mon Aug 11 15:59:51 2025] >> testing accuracy: 0.3861
[Mon Aug 11 15:59:54 2025] >> testing accuracy: 0.3958
[Mon Aug 11 15:59:57 2025] >> testing accuracy: 0.3891
[Mon Aug 11 16:00:00 2025] >> testing accuracy: 0.3912
[Mon Aug 11 16:00:03 2025] >> testing accuracy: 0.3807
[Mon Aug 11 16:00:06 2025] >> testing accuracy: 0.3808
[Mon Aug 11 16:00:10 2025] >> testing accuracy: 0.3847
[Mon Aug 11 16:00:13 2025] >> testing accuracy: 0.3742
[Mon Aug 11 16:00:16 2025] >> testing accuracy: 0.3809
[Mon Aug 11 16:00:19 2025] >> testing accuracy: 0.3828
[Mon Aug 11 16:00:22 2025] >> testing accuracy: 0.3765
[Mon Aug 11 16:00:25 2025] >> testing accuracy: 0.3719
[Mon Aug 11 16:00:28 2025] >> testing accuracy: 0.3696
[Mon Aug 11 16:00:31 2025] >> testing accuracy: 0.3711
[Mon Aug 11 16:00:34 2025] >> testing accuracy: 0.3739
[Mon Aug 11 16:00:38 2025] >> testing accuracy: 0.3663
[Mon Aug 11 16:00:41 2025] >> testing accuracy: 0.3660
[Mon Aug 11 16:00:44 2025] >> testing accuracy: 0.3591
[Mon Aug 11 16:00:47 2025] >> testing accuracy: 0.3554
[Mon Aug 11 16:00:50 2025] >> testing accuracy: 0.3558
[Mon Aug 11 16:00:53 2025] >> testing accuracy: 0.3561
[Mon Aug 11 16:00:57 2025] >> testing accuracy: 0.3578
[Mon Aug 11 16:01:00 2025] >> testing accuracy: 0.3538
[Mon Aug 11 16:01:04 2025] >> testing accuracy: 0.3500
[Mon Aug 11 16:01:07 2025] >> testing accuracy: 0.3509
[Mon Aug 11 16:01:10 2025] >> testing accuracy: 0.3401
[Mon Aug 11 16:01:13 2025] >> testing accuracy: 0.3440
[Mon Aug 11 16:01:17 2025] >> testing accuracy: 0.3306
[Mon Aug 11 16:01:20 2025] >> testing accuracy: 0.3359
[Mon Aug 11 16:01:24 2025] >> testing accuracy: 0.3273
[Mon Aug 11 16:01:27 2025] >> testing accuracy: 0.3275
[Mon Aug 11 16:01:30 2025] >> testing accuracy: 0.3249
[Mon Aug 11 16:01:34 2025] >> testing accuracy: 0.3246
[Mon Aug 11 16:01:37 2025] >> testing accuracy: 0.3244
[Mon Aug 11 16:01:40 2025] >> testing accuracy: 0.3184
[Mon Aug 11 16:01:44 2025] >> testing accuracy: 0.3045
[Mon Aug 11 16:01:47 2025] >> testing accuracy: 0.3067
[Mon Aug 11 16:01:51 2025] >> testing accuracy: 0.3045
[Mon Aug 11 16:01:54 2025] >> testing accuracy: 0.2999
[Mon Aug 11 16:01:58 2025] >> testing accuracy: 0.3001
[Mon Aug 11 16:01:58 2025] >> 
[Mon Aug 11 16:01:58 2025] >> network: vgg11ManiCifar100
[Mon Aug 11 16:02:00 2025] >> testing accuracy: 0.5684
[Mon Aug 11 16:02:00 2025] >> testing accuracy: 0.5684
[Mon Aug 11 16:02:00 2025] >> testing accuracy: 0.5684
[Mon Aug 11 16:02:00 2025] >> testing accuracy: 0.5684
[Mon Aug 11 16:02:00 2025] >> testing accuracy: 0.5684
[Mon Aug 11 16:02:00 2025] >> testing accuracy: 0.5684
[Mon Aug 11 16:02:00 2025] >> testing accuracy: 0.5684
[Mon Aug 11 16:02:00 2025] >> testing accuracy: 0.5684
[Mon Aug 11 16:02:00 2025] >> testing accuracy: 0.5684
[Mon Aug 11 16:02:00 2025] >> testing accuracy: 0.5684
[Mon Aug 11 16:02:00 2025] >> testing accuracy: 0.5684
[Mon Aug 11 16:02:00 2025] >> testing accuracy: 0.5684
[Mon Aug 11 16:02:00 2025] >> testing accuracy: 0.5684
[Mon Aug 11 16:02:00 2025] >> testing accuracy: 0.5684
[Mon Aug 11 16:02:00 2025] >> testing accuracy: 0.5684
[Mon Aug 11 16:02:00 2025] >> testing accuracy: 0.5684
[Mon Aug 11 16:02:00 2025] >> testing accuracy: 0.5684
[Mon Aug 11 16:02:00 2025] >> testing accuracy: 0.5684
[Mon Aug 11 16:02:00 2025] >> testing accuracy: 0.5684
[Mon Aug 11 16:02:00 2025] >> testing accuracy: 0.5684
[Mon Aug 11 16:02:00 2025] >> testing accuracy: 0.5684
[Mon Aug 11 16:02:00 2025] >> testing accuracy: 0.5684
[Mon Aug 11 16:02:00 2025] >> testing accuracy: 0.5684
[Mon Aug 11 16:02:00 2025] >> testing accuracy: 0.5684
[Mon Aug 11 16:02:00 2025] >> testing accuracy: 0.5684
[Mon Aug 11 16:02:00 2025] >> testing accuracy: 0.5684
[Mon Aug 11 16:02:00 2025] >> testing accuracy: 0.5684
[Mon Aug 11 16:02:00 2025] >> testing accuracy: 0.5684
[Mon Aug 11 16:02:00 2025] >> testing accuracy: 0.5684
[Mon Aug 11 16:02:00 2025] >> testing accuracy: 0.5684
[Mon Aug 11 16:02:00 2025] >> testing accuracy: 0.5684
[Mon Aug 11 16:02:00 2025] >> testing accuracy: 0.5684
[Mon Aug 11 16:02:00 2025] >> testing accuracy: 0.5684
[Mon Aug 11 16:02:00 2025] >> testing accuracy: 0.5684
[Mon Aug 11 16:02:00 2025] >> testing accuracy: 0.5684
[Mon Aug 11 16:02:00 2025] >> testing accuracy: 0.5684
[Mon Aug 11 16:02:00 2025] >> testing accuracy: 0.5684
[Mon Aug 11 16:02:00 2025] >> testing accuracy: 0.5684
[Mon Aug 11 16:02:00 2025] >> testing accuracy: 0.5684
[Mon Aug 11 16:02:00 2025] >> testing accuracy: 0.5684
[Mon Aug 11 16:02:00 2025] >> testing accuracy: 0.5684
[Mon Aug 11 16:02:00 2025] >> testing accuracy: 0.5684
[Mon Aug 11 16:02:00 2025] >> testing accuracy: 0.5684
[Mon Aug 11 16:02:00 2025] >> testing accuracy: 0.5684
[Mon Aug 11 16:02:00 2025] >> testing accuracy: 0.5684
[Mon Aug 11 16:02:00 2025] >> testing accuracy: 0.5684
[Mon Aug 11 16:02:00 2025] >> testing accuracy: 0.5684
[Mon Aug 11 16:02:00 2025] >> testing accuracy: 0.5684
[Mon Aug 11 16:02:00 2025] >> testing accuracy: 0.5684
[Mon Aug 11 16:02:00 2025] >> testing accuracy: 0.5684
[Mon Aug 11 16:02:00 2025] >> testing accuracy: 0.5684
[Mon Aug 11 16:02:00 2025] >> testing accuracy: 0.5684
[Mon Aug 11 16:02:00 2025] >> testing accuracy: 0.5684
[Mon Aug 11 16:02:00 2025] >> testing accuracy: 0.5684
[Mon Aug 11 16:02:00 2025] >> testing accuracy: 0.5684
[Mon Aug 11 16:02:00 2025] >> testing accuracy: 0.5684
[Mon Aug 11 16:02:00 2025] >> testing accuracy: 0.5684
[Mon Aug 11 16:02:00 2025] >> testing accuracy: 0.5684
[Mon Aug 11 16:02:00 2025] >> testing accuracy: 0.5684
[Mon Aug 11 16:02:00 2025] >> testing accuracy: 0.5684
[Mon Aug 11 16:02:00 2025] >> testing accuracy: 0.5684
[Mon Aug 11 16:02:00 2025] >> testing accuracy: 0.5684
[Mon Aug 11 16:02:00 2025] >> testing accuracy: 0.5684
[Mon Aug 11 16:02:00 2025] >> testing accuracy: 0.5684
[Mon Aug 11 16:02:00 2025] >> testing accuracy: 0.5684
[Mon Aug 11 16:02:00 2025] >> testing accuracy: 0.5684
[Mon Aug 11 16:02:00 2025] >> testing accuracy: 0.5684
[Mon Aug 11 16:02:00 2025] >> testing accuracy: 0.5684
[Mon Aug 11 16:02:00 2025] >> testing accuracy: 0.5684
[Mon Aug 11 16:02:00 2025] >> testing accuracy: 0.5684
[Mon Aug 11 16:02:00 2025] >> testing accuracy: 0.5684
[Mon Aug 11 16:02:00 2025] >> testing accuracy: 0.5684
[Mon Aug 11 16:02:00 2025] >> testing accuracy: 0.5684
[Mon Aug 11 16:02:00 2025] >> testing accuracy: 0.5684
[Mon Aug 11 16:02:00 2025] >> testing accuracy: 0.5684
[Mon Aug 11 16:02:00 2025] >> testing accuracy: 0.5684
[Mon Aug 11 16:02:00 2025] >> testing accuracy: 0.5684
[Mon Aug 11 16:02:00 2025] >> testing accuracy: 0.5684
[Mon Aug 11 16:02:00 2025] >> testing accuracy: 0.5684
[Mon Aug 11 16:02:00 2025] >> testing accuracy: 0.5684
[Mon Aug 11 16:02:00 2025] >> testing accuracy: 0.5684
[Mon Aug 11 16:02:00 2025] >> testing accuracy: 0.5684
[Mon Aug 11 16:02:00 2025] >> testing accuracy: 0.5684
[Mon Aug 11 16:02:00 2025] >> testing accuracy: 0.5684
[Mon Aug 11 16:02:00 2025] >> testing accuracy: 0.5684
[Mon Aug 11 16:02:00 2025] >> testing accuracy: 0.5684
[Mon Aug 11 16:02:00 2025] >> testing accuracy: 0.5684
[Mon Aug 11 16:02:00 2025] >> testing accuracy: 0.5684
[Mon Aug 11 16:02:00 2025] >> testing accuracy: 0.5684
[Mon Aug 11 16:02:00 2025] >> testing accuracy: 0.5684
[Mon Aug 11 16:02:00 2025] >> testing accuracy: 0.5684
[Mon Aug 11 16:02:00 2025] >> testing accuracy: 0.5684
[Mon Aug 11 16:02:00 2025] >> testing accuracy: 0.5684
[Mon Aug 11 16:02:00 2025] >> testing accuracy: 0.5684
[Mon Aug 11 16:02:00 2025] >> testing accuracy: 0.5684
[Mon Aug 11 16:02:00 2025] >> testing accuracy: 0.5684
[Mon Aug 11 16:02:00 2025] >> testing accuracy: 0.5684
[Mon Aug 11 16:02:00 2025] >> testing accuracy: 0.5684
[Mon Aug 11 16:02:00 2025] >> testing accuracy: 0.5684
[Mon Aug 11 16:02:00 2025] >> testing accuracy: 0.5684
[Mon Aug 11 16:02:00 2025] >> testing accuracy: 0.5684
[Mon Aug 11 16:02:00 2025] >> testing accuracy: 0.5684
[Mon Aug 11 16:02:00 2025] >> testing accuracy: 0.5684
[Mon Aug 11 16:02:02 2025] >> testing accuracy: 0.5710
[Mon Aug 11 16:02:02 2025] >> testing accuracy: 0.5710
[Mon Aug 11 16:02:02 2025] >> testing accuracy: 0.5710
[Mon Aug 11 16:02:05 2025] >> testing accuracy: 0.5660
[Mon Aug 11 16:02:07 2025] >> testing accuracy: 0.5674
[Mon Aug 11 16:02:10 2025] >> testing accuracy: 0.5568
[Mon Aug 11 16:02:10 2025] >> testing accuracy: 0.5568
[Mon Aug 11 16:02:13 2025] >> testing accuracy: 0.5579
[Mon Aug 11 16:02:15 2025] >> testing accuracy: 0.5571
[Mon Aug 11 16:02:18 2025] >> testing accuracy: 0.5505
[Mon Aug 11 16:02:20 2025] >> testing accuracy: 0.5435
[Mon Aug 11 16:02:20 2025] >> testing accuracy: 0.5435
[Mon Aug 11 16:02:20 2025] >> testing accuracy: 0.5435
[Mon Aug 11 16:02:22 2025] >> testing accuracy: 0.5358
[Mon Aug 11 16:02:25 2025] >> testing accuracy: 0.5340
[Mon Aug 11 16:02:27 2025] >> testing accuracy: 0.5275
[Mon Aug 11 16:02:30 2025] >> testing accuracy: 0.5241
[Mon Aug 11 16:02:32 2025] >> testing accuracy: 0.5216
[Mon Aug 11 16:02:34 2025] >> testing accuracy: 0.5204
[Mon Aug 11 16:02:37 2025] >> testing accuracy: 0.5137
[Mon Aug 11 16:02:40 2025] >> testing accuracy: 0.5090
[Mon Aug 11 16:02:43 2025] >> testing accuracy: 0.5063
[Mon Aug 11 16:02:45 2025] >> testing accuracy: 0.5069
[Mon Aug 11 16:02:45 2025] >> testing accuracy: 0.5069
[Mon Aug 11 16:02:47 2025] >> testing accuracy: 0.5031
[Mon Aug 11 16:02:50 2025] >> testing accuracy: 0.4991
[Mon Aug 11 16:02:52 2025] >> testing accuracy: 0.4859
[Mon Aug 11 16:02:55 2025] >> testing accuracy: 0.4893
[Mon Aug 11 16:02:57 2025] >> testing accuracy: 0.4902
[Mon Aug 11 16:02:59 2025] >> testing accuracy: 0.4758
[Mon Aug 11 16:03:02 2025] >> testing accuracy: 0.4761
[Mon Aug 11 16:03:04 2025] >> testing accuracy: 0.4693
[Mon Aug 11 16:03:07 2025] >> testing accuracy: 0.4632
[Mon Aug 11 16:03:10 2025] >> testing accuracy: 0.4590
[Mon Aug 11 16:03:12 2025] >> testing accuracy: 0.4587
[Mon Aug 11 16:03:15 2025] >> testing accuracy: 0.4558
[Mon Aug 11 16:03:17 2025] >> testing accuracy: 0.4488
[Mon Aug 11 16:03:20 2025] >> testing accuracy: 0.4438
[Mon Aug 11 16:03:22 2025] >> testing accuracy: 0.4484
[Mon Aug 11 16:03:25 2025] >> testing accuracy: 0.4349
[Mon Aug 11 16:03:27 2025] >> testing accuracy: 0.4329
[Mon Aug 11 16:03:30 2025] >> testing accuracy: 0.4296
[Mon Aug 11 16:03:32 2025] >> testing accuracy: 0.4208
[Mon Aug 11 16:03:35 2025] >> testing accuracy: 0.4185
[Mon Aug 11 16:03:38 2025] >> testing accuracy: 0.4175
[Mon Aug 11 16:03:40 2025] >> testing accuracy: 0.4127
[Mon Aug 11 16:03:43 2025] >> testing accuracy: 0.4144
[Mon Aug 11 16:03:45 2025] >> testing accuracy: 0.4048
[Mon Aug 11 16:03:48 2025] >> testing accuracy: 0.4021
[Mon Aug 11 16:03:50 2025] >> testing accuracy: 0.3991
[Mon Aug 11 16:03:53 2025] >> testing accuracy: 0.3971
[Mon Aug 11 16:03:55 2025] >> testing accuracy: 0.3951
[Mon Aug 11 16:03:58 2025] >> testing accuracy: 0.3850
[Mon Aug 11 16:04:01 2025] >> testing accuracy: 0.3854
[Mon Aug 11 16:04:04 2025] >> testing accuracy: 0.3803
[Mon Aug 11 16:04:07 2025] >> testing accuracy: 0.3811
[Mon Aug 11 16:04:09 2025] >> testing accuracy: 0.3718
[Mon Aug 11 16:04:12 2025] >> testing accuracy: 0.3694
[Mon Aug 11 16:04:15 2025] >> testing accuracy: 0.3626
[Mon Aug 11 16:04:17 2025] >> testing accuracy: 0.3638
[Mon Aug 11 16:04:20 2025] >> testing accuracy: 0.3570
[Mon Aug 11 16:04:23 2025] >> testing accuracy: 0.3520
[Mon Aug 11 16:04:25 2025] >> testing accuracy: 0.3496
[Mon Aug 11 16:04:28 2025] >> testing accuracy: 0.3536
[Mon Aug 11 16:04:31 2025] >> testing accuracy: 0.3533
[Mon Aug 11 16:04:34 2025] >> testing accuracy: 0.3386
[Mon Aug 11 16:04:37 2025] >> testing accuracy: 0.3438
[Mon Aug 11 16:04:40 2025] >> testing accuracy: 0.3379
[Mon Aug 11 16:04:42 2025] >> testing accuracy: 0.3386
[Mon Aug 11 16:04:45 2025] >> testing accuracy: 0.3300
[Mon Aug 11 16:04:48 2025] >> testing accuracy: 0.3275
[Mon Aug 11 16:04:51 2025] >> testing accuracy: 0.3287
[Mon Aug 11 16:04:53 2025] >> testing accuracy: 0.3220
[Mon Aug 11 16:04:56 2025] >> testing accuracy: 0.3197
[Mon Aug 11 16:05:00 2025] >> testing accuracy: 0.3185
[Mon Aug 11 16:05:03 2025] >> testing accuracy: 0.3153
[Mon Aug 11 16:05:05 2025] >> testing accuracy: 0.3029
[Mon Aug 11 16:05:08 2025] >> testing accuracy: 0.3022
[Mon Aug 11 16:05:11 2025] >> testing accuracy: 0.3009
[Mon Aug 11 16:05:14 2025] >> testing accuracy: 0.2966
[Mon Aug 11 16:05:17 2025] >> testing accuracy: 0.2881
[Mon Aug 11 16:05:20 2025] >> testing accuracy: 0.2922
[Mon Aug 11 16:05:22 2025] >> testing accuracy: 0.2940
[Mon Aug 11 16:05:25 2025] >> testing accuracy: 0.2820
[Mon Aug 11 16:05:29 2025] >> testing accuracy: 0.2823
[Mon Aug 11 16:05:32 2025] >> testing accuracy: 0.2802
[Mon Aug 11 16:05:35 2025] >> testing accuracy: 0.2732
[Mon Aug 11 16:05:38 2025] >> testing accuracy: 0.2694
[Mon Aug 11 16:05:41 2025] >> testing accuracy: 0.2622
[Mon Aug 11 16:05:44 2025] >> testing accuracy: 0.2664
[Mon Aug 11 16:05:46 2025] >> testing accuracy: 0.2644
[Mon Aug 11 16:05:49 2025] >> testing accuracy: 0.2516
[Mon Aug 11 16:05:52 2025] >> testing accuracy: 0.2474
[Mon Aug 11 16:05:56 2025] >> testing accuracy: 0.2411
[Mon Aug 11 16:05:59 2025] >> testing accuracy: 0.2438
[Mon Aug 11 16:06:02 2025] >> testing accuracy: 0.2350
[Mon Aug 11 16:06:05 2025] >> testing accuracy: 0.2338
[Mon Aug 11 16:06:05 2025] >> 
[Mon Aug 11 16:06:05 2025] >> network: vgg19ManiCifar100
[Mon Aug 11 16:06:07 2025] >> testing accuracy: 0.6336
[Mon Aug 11 16:06:07 2025] >> testing accuracy: 0.6336
[Mon Aug 11 16:06:07 2025] >> testing accuracy: 0.6336
[Mon Aug 11 16:06:07 2025] >> testing accuracy: 0.6336
[Mon Aug 11 16:06:07 2025] >> testing accuracy: 0.6336
[Mon Aug 11 16:06:07 2025] >> testing accuracy: 0.6336
[Mon Aug 11 16:06:07 2025] >> testing accuracy: 0.6336
[Mon Aug 11 16:06:07 2025] >> testing accuracy: 0.6336
[Mon Aug 11 16:06:07 2025] >> testing accuracy: 0.6336
[Mon Aug 11 16:06:07 2025] >> testing accuracy: 0.6336
[Mon Aug 11 16:06:07 2025] >> testing accuracy: 0.6336
[Mon Aug 11 16:06:07 2025] >> testing accuracy: 0.6336
[Mon Aug 11 16:06:07 2025] >> testing accuracy: 0.6336
[Mon Aug 11 16:06:07 2025] >> testing accuracy: 0.6336
[Mon Aug 11 16:06:07 2025] >> testing accuracy: 0.6336
[Mon Aug 11 16:06:07 2025] >> testing accuracy: 0.6336
[Mon Aug 11 16:06:07 2025] >> testing accuracy: 0.6336
[Mon Aug 11 16:06:07 2025] >> testing accuracy: 0.6336
[Mon Aug 11 16:06:07 2025] >> testing accuracy: 0.6336
[Mon Aug 11 16:06:07 2025] >> testing accuracy: 0.6336
[Mon Aug 11 16:06:07 2025] >> testing accuracy: 0.6336
[Mon Aug 11 16:06:07 2025] >> testing accuracy: 0.6336
[Mon Aug 11 16:06:07 2025] >> testing accuracy: 0.6336
[Mon Aug 11 16:06:07 2025] >> testing accuracy: 0.6336
[Mon Aug 11 16:06:07 2025] >> testing accuracy: 0.6336
[Mon Aug 11 16:06:07 2025] >> testing accuracy: 0.6336
[Mon Aug 11 16:06:07 2025] >> testing accuracy: 0.6336
[Mon Aug 11 16:06:07 2025] >> testing accuracy: 0.6336
[Mon Aug 11 16:06:07 2025] >> testing accuracy: 0.6336
[Mon Aug 11 16:06:07 2025] >> testing accuracy: 0.6336
[Mon Aug 11 16:06:07 2025] >> testing accuracy: 0.6336
[Mon Aug 11 16:06:07 2025] >> testing accuracy: 0.6336
[Mon Aug 11 16:06:07 2025] >> testing accuracy: 0.6336
[Mon Aug 11 16:06:07 2025] >> testing accuracy: 0.6336
[Mon Aug 11 16:06:07 2025] >> testing accuracy: 0.6336
[Mon Aug 11 16:06:07 2025] >> testing accuracy: 0.6336
[Mon Aug 11 16:06:07 2025] >> testing accuracy: 0.6336
[Mon Aug 11 16:06:07 2025] >> testing accuracy: 0.6336
[Mon Aug 11 16:06:07 2025] >> testing accuracy: 0.6336
[Mon Aug 11 16:06:07 2025] >> testing accuracy: 0.6336
[Mon Aug 11 16:06:07 2025] >> testing accuracy: 0.6336
[Mon Aug 11 16:06:07 2025] >> testing accuracy: 0.6336
[Mon Aug 11 16:06:07 2025] >> testing accuracy: 0.6336
[Mon Aug 11 16:06:07 2025] >> testing accuracy: 0.6336
[Mon Aug 11 16:06:07 2025] >> testing accuracy: 0.6336
[Mon Aug 11 16:06:07 2025] >> testing accuracy: 0.6336
[Mon Aug 11 16:06:07 2025] >> testing accuracy: 0.6336
[Mon Aug 11 16:06:07 2025] >> testing accuracy: 0.6336
[Mon Aug 11 16:06:07 2025] >> testing accuracy: 0.6336
[Mon Aug 11 16:06:07 2025] >> testing accuracy: 0.6336
[Mon Aug 11 16:06:07 2025] >> testing accuracy: 0.6336
[Mon Aug 11 16:06:07 2025] >> testing accuracy: 0.6336
[Mon Aug 11 16:06:07 2025] >> testing accuracy: 0.6336
[Mon Aug 11 16:06:07 2025] >> testing accuracy: 0.6336
[Mon Aug 11 16:06:07 2025] >> testing accuracy: 0.6336
[Mon Aug 11 16:06:07 2025] >> testing accuracy: 0.6336
[Mon Aug 11 16:06:07 2025] >> testing accuracy: 0.6336
[Mon Aug 11 16:06:07 2025] >> testing accuracy: 0.6336
[Mon Aug 11 16:06:07 2025] >> testing accuracy: 0.6336
[Mon Aug 11 16:06:07 2025] >> testing accuracy: 0.6336
[Mon Aug 11 16:06:07 2025] >> testing accuracy: 0.6336
[Mon Aug 11 16:06:07 2025] >> testing accuracy: 0.6336
[Mon Aug 11 16:06:07 2025] >> testing accuracy: 0.6336
[Mon Aug 11 16:06:07 2025] >> testing accuracy: 0.6336
[Mon Aug 11 16:06:07 2025] >> testing accuracy: 0.6336
[Mon Aug 11 16:06:07 2025] >> testing accuracy: 0.6336
[Mon Aug 11 16:06:07 2025] >> testing accuracy: 0.6336
[Mon Aug 11 16:06:07 2025] >> testing accuracy: 0.6336
[Mon Aug 11 16:06:07 2025] >> testing accuracy: 0.6336
[Mon Aug 11 16:06:07 2025] >> testing accuracy: 0.6336
[Mon Aug 11 16:06:07 2025] >> testing accuracy: 0.6336
[Mon Aug 11 16:06:07 2025] >> testing accuracy: 0.6336
[Mon Aug 11 16:06:07 2025] >> testing accuracy: 0.6336
[Mon Aug 11 16:06:07 2025] >> testing accuracy: 0.6336
[Mon Aug 11 16:06:07 2025] >> testing accuracy: 0.6336
[Mon Aug 11 16:06:07 2025] >> testing accuracy: 0.6336
[Mon Aug 11 16:06:07 2025] >> testing accuracy: 0.6336
[Mon Aug 11 16:06:07 2025] >> testing accuracy: 0.6336
[Mon Aug 11 16:06:07 2025] >> testing accuracy: 0.6336
[Mon Aug 11 16:06:07 2025] >> testing accuracy: 0.6336
[Mon Aug 11 16:06:07 2025] >> testing accuracy: 0.6336
[Mon Aug 11 16:06:07 2025] >> testing accuracy: 0.6336
[Mon Aug 11 16:06:07 2025] >> testing accuracy: 0.6336
[Mon Aug 11 16:06:07 2025] >> testing accuracy: 0.6336
[Mon Aug 11 16:06:07 2025] >> testing accuracy: 0.6336
[Mon Aug 11 16:06:07 2025] >> testing accuracy: 0.6336
[Mon Aug 11 16:06:07 2025] >> testing accuracy: 0.6336
[Mon Aug 11 16:06:07 2025] >> testing accuracy: 0.6336
[Mon Aug 11 16:06:07 2025] >> testing accuracy: 0.6336
[Mon Aug 11 16:06:07 2025] >> testing accuracy: 0.6336
[Mon Aug 11 16:06:07 2025] >> testing accuracy: 0.6336
[Mon Aug 11 16:06:07 2025] >> testing accuracy: 0.6336
[Mon Aug 11 16:06:07 2025] >> testing accuracy: 0.6336
[Mon Aug 11 16:06:07 2025] >> testing accuracy: 0.6336
[Mon Aug 11 16:06:07 2025] >> testing accuracy: 0.6336
[Mon Aug 11 16:06:07 2025] >> testing accuracy: 0.6336
[Mon Aug 11 16:06:07 2025] >> testing accuracy: 0.6336
[Mon Aug 11 16:06:07 2025] >> testing accuracy: 0.6336
[Mon Aug 11 16:06:07 2025] >> testing accuracy: 0.6336
[Mon Aug 11 16:06:07 2025] >> testing accuracy: 0.6336
[Mon Aug 11 16:06:07 2025] >> testing accuracy: 0.6336
[Mon Aug 11 16:06:07 2025] >> testing accuracy: 0.6336
[Mon Aug 11 16:06:07 2025] >> testing accuracy: 0.6336
[Mon Aug 11 16:06:10 2025] >> testing accuracy: 0.6326
[Mon Aug 11 16:06:10 2025] >> testing accuracy: 0.6326
[Mon Aug 11 16:06:10 2025] >> testing accuracy: 0.6326
[Mon Aug 11 16:06:13 2025] >> testing accuracy: 0.6286
[Mon Aug 11 16:06:16 2025] >> testing accuracy: 0.6214
[Mon Aug 11 16:06:19 2025] >> testing accuracy: 0.6089
[Mon Aug 11 16:06:19 2025] >> testing accuracy: 0.6089
[Mon Aug 11 16:06:22 2025] >> testing accuracy: 0.6036
[Mon Aug 11 16:06:26 2025] >> testing accuracy: 0.6017
[Mon Aug 11 16:06:29 2025] >> testing accuracy: 0.5932
[Mon Aug 11 16:06:32 2025] >> testing accuracy: 0.5766
[Mon Aug 11 16:06:32 2025] >> testing accuracy: 0.5766
[Mon Aug 11 16:06:32 2025] >> testing accuracy: 0.5766
[Mon Aug 11 16:06:35 2025] >> testing accuracy: 0.5735
[Mon Aug 11 16:06:38 2025] >> testing accuracy: 0.5692
[Mon Aug 11 16:06:41 2025] >> testing accuracy: 0.5655
[Mon Aug 11 16:06:44 2025] >> testing accuracy: 0.5556
[Mon Aug 11 16:06:47 2025] >> testing accuracy: 0.5578
[Mon Aug 11 16:06:50 2025] >> testing accuracy: 0.5570
[Mon Aug 11 16:06:54 2025] >> testing accuracy: 0.5513
[Mon Aug 11 16:06:57 2025] >> testing accuracy: 0.5527
[Mon Aug 11 16:07:00 2025] >> testing accuracy: 0.5450
[Mon Aug 11 16:07:03 2025] >> testing accuracy: 0.5413
[Mon Aug 11 16:07:03 2025] >> testing accuracy: 0.5413
[Mon Aug 11 16:07:06 2025] >> testing accuracy: 0.5309
[Mon Aug 11 16:07:09 2025] >> testing accuracy: 0.5317
[Mon Aug 11 16:07:13 2025] >> testing accuracy: 0.5270
[Mon Aug 11 16:07:16 2025] >> testing accuracy: 0.5319
[Mon Aug 11 16:07:19 2025] >> testing accuracy: 0.5209
[Mon Aug 11 16:07:23 2025] >> testing accuracy: 0.5232
[Mon Aug 11 16:07:26 2025] >> testing accuracy: 0.5263
[Mon Aug 11 16:07:29 2025] >> testing accuracy: 0.5211
[Mon Aug 11 16:07:32 2025] >> testing accuracy: 0.5134
[Mon Aug 11 16:07:35 2025] >> testing accuracy: 0.5080
[Mon Aug 11 16:07:38 2025] >> testing accuracy: 0.5065
[Mon Aug 11 16:07:41 2025] >> testing accuracy: 0.5118
[Mon Aug 11 16:07:44 2025] >> testing accuracy: 0.4988
[Mon Aug 11 16:07:47 2025] >> testing accuracy: 0.5018
[Mon Aug 11 16:07:51 2025] >> testing accuracy: 0.4949
[Mon Aug 11 16:07:54 2025] >> testing accuracy: 0.4965
[Mon Aug 11 16:07:57 2025] >> testing accuracy: 0.4944
[Mon Aug 11 16:08:00 2025] >> testing accuracy: 0.4897
[Mon Aug 11 16:08:03 2025] >> testing accuracy: 0.4878
[Mon Aug 11 16:08:06 2025] >> testing accuracy: 0.4883
[Mon Aug 11 16:08:09 2025] >> testing accuracy: 0.4886
[Mon Aug 11 16:08:12 2025] >> testing accuracy: 0.4882
[Mon Aug 11 16:08:16 2025] >> testing accuracy: 0.4830
[Mon Aug 11 16:08:19 2025] >> testing accuracy: 0.4751
[Mon Aug 11 16:08:23 2025] >> testing accuracy: 0.4802
[Mon Aug 11 16:08:26 2025] >> testing accuracy: 0.4838
[Mon Aug 11 16:08:29 2025] >> testing accuracy: 0.4713
[Mon Aug 11 16:08:33 2025] >> testing accuracy: 0.4762
[Mon Aug 11 16:08:36 2025] >> testing accuracy: 0.4709
[Mon Aug 11 16:08:39 2025] >> testing accuracy: 0.4665
[Mon Aug 11 16:08:42 2025] >> testing accuracy: 0.4714
[Mon Aug 11 16:08:46 2025] >> testing accuracy: 0.4677
[Mon Aug 11 16:08:50 2025] >> testing accuracy: 0.4672
[Mon Aug 11 16:08:53 2025] >> testing accuracy: 0.4662
[Mon Aug 11 16:08:57 2025] >> testing accuracy: 0.4589
[Mon Aug 11 16:09:00 2025] >> testing accuracy: 0.4576
[Mon Aug 11 16:09:03 2025] >> testing accuracy: 0.4574
[Mon Aug 11 16:09:07 2025] >> testing accuracy: 0.4524
[Mon Aug 11 16:09:10 2025] >> testing accuracy: 0.4542
[Mon Aug 11 16:09:14 2025] >> testing accuracy: 0.4593
[Mon Aug 11 16:09:18 2025] >> testing accuracy: 0.4529
[Mon Aug 11 16:09:22 2025] >> testing accuracy: 0.4522
[Mon Aug 11 16:09:25 2025] >> testing accuracy: 0.4448
[Mon Aug 11 16:09:29 2025] >> testing accuracy: 0.4478
[Mon Aug 11 16:09:32 2025] >> testing accuracy: 0.4438
[Mon Aug 11 16:09:36 2025] >> testing accuracy: 0.4362
[Mon Aug 11 16:09:39 2025] >> testing accuracy: 0.4350
[Mon Aug 11 16:09:43 2025] >> testing accuracy: 0.4330
[Mon Aug 11 16:09:47 2025] >> testing accuracy: 0.4307
[Mon Aug 11 16:09:50 2025] >> testing accuracy: 0.4318
[Mon Aug 11 16:09:54 2025] >> testing accuracy: 0.4398
[Mon Aug 11 16:09:58 2025] >> testing accuracy: 0.4335
[Mon Aug 11 16:10:01 2025] >> testing accuracy: 0.4279
[Mon Aug 11 16:10:05 2025] >> testing accuracy: 0.4266
[Mon Aug 11 16:10:08 2025] >> testing accuracy: 0.4211
[Mon Aug 11 16:10:13 2025] >> testing accuracy: 0.4285
[Mon Aug 11 16:10:17 2025] >> testing accuracy: 0.4198
[Mon Aug 11 16:10:21 2025] >> testing accuracy: 0.4192
[Mon Aug 11 16:10:24 2025] >> testing accuracy: 0.4153
[Mon Aug 11 16:10:28 2025] >> testing accuracy: 0.4191
[Mon Aug 11 16:10:32 2025] >> testing accuracy: 0.4168
[Mon Aug 11 16:10:36 2025] >> testing accuracy: 0.4130
[Mon Aug 11 16:10:41 2025] >> testing accuracy: 0.4050
[Mon Aug 11 16:10:45 2025] >> testing accuracy: 0.4138
[Mon Aug 11 16:10:49 2025] >> testing accuracy: 0.4069
[Mon Aug 11 16:10:52 2025] >> testing accuracy: 0.4029
[Mon Aug 11 16:10:56 2025] >> testing accuracy: 0.4007
[Mon Aug 11 16:11:00 2025] >> testing accuracy: 0.4012
[Mon Aug 11 16:11:04 2025] >> testing accuracy: 0.3981
[Mon Aug 11 16:11:09 2025] >> testing accuracy: 0.3920
[Mon Aug 11 16:11:13 2025] >> testing accuracy: 0.3882
[Mon Aug 11 16:11:17 2025] >> testing accuracy: 0.3873
[Mon Aug 11 16:11:21 2025] >> testing accuracy: 0.3901
[Mon Aug 11 16:11:21 2025] >> 
[Mon Aug 11 16:11:21 2025] >> PROGRAM FINISHED
