[Mon Aug 11 15:15:07 2025] >> 
[Mon Aug 11 15:15:07 2025] >> PROGRAM START
[Mon Aug 11 15:15:07 2025] >> TRAIN FLAG: False
[Mon Aug 11 15:15:07 2025] >> DATA SET: Cifar10
[Mon Aug 11 15:15:07 2025] >> default_manipulate_range: 
[]
[Mon Aug 11 15:15:07 2025] >> error_in_time: 
[0.0, 0.0, 0.0, 0.0, 0.0, 0.0, 0.0, 0.0, 0.0, 0.0, 0.0, 0.0, 0.0, 0.0, 0.0, 0.0, 0.0, 0.0, 0.0, 0.0, 0.0, 0.0, 0.0, 0.0, 0.0, 0.0, 0.0, 0.0, 0.0, 0.0, 0.0, 0.0, 0.0, 0.0, 0.0, 0.0, 0.0, 0.0, 0.0, 0.0, 0.0, 0.0, 0.0, 0.0, 0.0, 0.0, 0.0, 0.0, 0.0, 0.0, 0.0, 0.0, 0.0, 0.0, 0.0, 0.0, 0.0, 0.0, 0.0, 0.0, 0.0, 0.0, 0.0, 0.0, 0.0, 0.0, 0.0, 0.0, 0.0, 0.0, 0.0, 0.0, 0.0, 0.0, 0.0, 0.0, 0.0, 0.0, 0.0, 0.0, 0.0, 0.0, 0.0, 0.0, 0.0, 0.0, 0.0, 0.0, 0.0, 0.0, 0.0, 0.0, 0.0, 0.0, 0.0, 0.0, 0.0, 0.0, 0.0, 0.0, 0.0, 0.0, 0.0, 0.0, 0.0, 0.0, 0.0, 0.0, 0.001, 0.001, 0.001, 0.001, 0.001, 0.001, 0.001, 0.001, 0.001, 0.001, 0.001, 0.002, 0.002, 0.002, 0.002, 0.002, 0.002, 0.002, 0.003, 0.003, 0.003, 0.003, 0.003, 0.004, 0.004, 0.004, 0.004, 0.004, 0.005, 0.005, 0.005, 0.005, 0.006, 0.006, 0.006, 0.006, 0.007, 0.007, 0.007, 0.007, 0.008, 0.008, 0.008, 0.008, 0.009, 0.009, 0.009, 0.009, 0.01, 0.01, 0.01, 0.011, 0.011, 0.011, 0.012, 0.012, 0.012, 0.013, 0.013, 0.013, 0.014, 0.014, 0.014, 0.015, 0.015, 0.015, 0.016, 0.016, 0.017, 0.017, 0.017, 0.018, 0.018, 0.018, 0.019, 0.019, 0.02, 0.02, 0.021, 0.021, 0.022, 0.022, 0.023, 0.023, 0.023, 0.024, 0.024, 0.025, 0.026, 0.026, 0.027, 0.027]
[Mon Aug 11 15:15:07 2025] >> ---MAIN INFERENCE---
[Mon Aug 11 15:15:07 2025] >> network: darknetManiCifar10
[Mon Aug 11 15:15:10 2025] >> testing accuracy: 0.8357
[Mon Aug 11 15:15:10 2025] >> testing accuracy: 0.8357
[Mon Aug 11 15:15:10 2025] >> testing accuracy: 0.8357
[Mon Aug 11 15:15:10 2025] >> testing accuracy: 0.8357
[Mon Aug 11 15:15:10 2025] >> testing accuracy: 0.8357
[Mon Aug 11 15:15:10 2025] >> testing accuracy: 0.8357
[Mon Aug 11 15:15:10 2025] >> testing accuracy: 0.8357
[Mon Aug 11 15:15:10 2025] >> testing accuracy: 0.8357
[Mon Aug 11 15:15:10 2025] >> testing accuracy: 0.8357
[Mon Aug 11 15:15:10 2025] >> testing accuracy: 0.8357
[Mon Aug 11 15:15:10 2025] >> testing accuracy: 0.8357
[Mon Aug 11 15:15:10 2025] >> testing accuracy: 0.8357
[Mon Aug 11 15:15:10 2025] >> testing accuracy: 0.8357
[Mon Aug 11 15:15:10 2025] >> testing accuracy: 0.8357
[Mon Aug 11 15:15:10 2025] >> testing accuracy: 0.8357
[Mon Aug 11 15:15:10 2025] >> testing accuracy: 0.8357
[Mon Aug 11 15:15:10 2025] >> testing accuracy: 0.8357
[Mon Aug 11 15:15:10 2025] >> testing accuracy: 0.8357
[Mon Aug 11 15:15:10 2025] >> testing accuracy: 0.8357
[Mon Aug 11 15:15:10 2025] >> testing accuracy: 0.8357
[Mon Aug 11 15:15:10 2025] >> testing accuracy: 0.8357
[Mon Aug 11 15:15:10 2025] >> testing accuracy: 0.8357
[Mon Aug 11 15:15:10 2025] >> testing accuracy: 0.8357
[Mon Aug 11 15:15:10 2025] >> testing accuracy: 0.8357
[Mon Aug 11 15:15:10 2025] >> testing accuracy: 0.8357
[Mon Aug 11 15:15:10 2025] >> testing accuracy: 0.8357
[Mon Aug 11 15:15:10 2025] >> testing accuracy: 0.8357
[Mon Aug 11 15:15:10 2025] >> testing accuracy: 0.8357
[Mon Aug 11 15:15:10 2025] >> testing accuracy: 0.8357
[Mon Aug 11 15:15:10 2025] >> testing accuracy: 0.8357
[Mon Aug 11 15:15:10 2025] >> testing accuracy: 0.8357
[Mon Aug 11 15:15:10 2025] >> testing accuracy: 0.8357
[Mon Aug 11 15:15:10 2025] >> testing accuracy: 0.8357
[Mon Aug 11 15:15:10 2025] >> testing accuracy: 0.8357
[Mon Aug 11 15:15:10 2025] >> testing accuracy: 0.8357
[Mon Aug 11 15:15:10 2025] >> testing accuracy: 0.8357
[Mon Aug 11 15:15:10 2025] >> testing accuracy: 0.8357
[Mon Aug 11 15:15:10 2025] >> testing accuracy: 0.8357
[Mon Aug 11 15:15:10 2025] >> testing accuracy: 0.8357
[Mon Aug 11 15:15:10 2025] >> testing accuracy: 0.8357
[Mon Aug 11 15:15:10 2025] >> testing accuracy: 0.8357
[Mon Aug 11 15:15:10 2025] >> testing accuracy: 0.8357
[Mon Aug 11 15:15:10 2025] >> testing accuracy: 0.8357
[Mon Aug 11 15:15:10 2025] >> testing accuracy: 0.8357
[Mon Aug 11 15:15:10 2025] >> testing accuracy: 0.8357
[Mon Aug 11 15:15:10 2025] >> testing accuracy: 0.8357
[Mon Aug 11 15:15:10 2025] >> testing accuracy: 0.8357
[Mon Aug 11 15:15:10 2025] >> testing accuracy: 0.8357
[Mon Aug 11 15:15:10 2025] >> testing accuracy: 0.8357
[Mon Aug 11 15:15:10 2025] >> testing accuracy: 0.8357
[Mon Aug 11 15:15:10 2025] >> testing accuracy: 0.8357
[Mon Aug 11 15:15:10 2025] >> testing accuracy: 0.8357
[Mon Aug 11 15:15:10 2025] >> testing accuracy: 0.8357
[Mon Aug 11 15:15:10 2025] >> testing accuracy: 0.8357
[Mon Aug 11 15:15:10 2025] >> testing accuracy: 0.8357
[Mon Aug 11 15:15:10 2025] >> testing accuracy: 0.8357
[Mon Aug 11 15:15:10 2025] >> testing accuracy: 0.8357
[Mon Aug 11 15:15:10 2025] >> testing accuracy: 0.8357
[Mon Aug 11 15:15:10 2025] >> testing accuracy: 0.8357
[Mon Aug 11 15:15:10 2025] >> testing accuracy: 0.8357
[Mon Aug 11 15:15:10 2025] >> testing accuracy: 0.8357
[Mon Aug 11 15:15:10 2025] >> testing accuracy: 0.8357
[Mon Aug 11 15:15:10 2025] >> testing accuracy: 0.8357
[Mon Aug 11 15:15:10 2025] >> testing accuracy: 0.8357
[Mon Aug 11 15:15:10 2025] >> testing accuracy: 0.8357
[Mon Aug 11 15:15:10 2025] >> testing accuracy: 0.8357
[Mon Aug 11 15:15:10 2025] >> testing accuracy: 0.8357
[Mon Aug 11 15:15:10 2025] >> testing accuracy: 0.8357
[Mon Aug 11 15:15:10 2025] >> testing accuracy: 0.8357
[Mon Aug 11 15:15:10 2025] >> testing accuracy: 0.8357
[Mon Aug 11 15:15:10 2025] >> testing accuracy: 0.8357
[Mon Aug 11 15:15:10 2025] >> testing accuracy: 0.8357
[Mon Aug 11 15:15:10 2025] >> testing accuracy: 0.8357
[Mon Aug 11 15:15:10 2025] >> testing accuracy: 0.8357
[Mon Aug 11 15:15:10 2025] >> testing accuracy: 0.8357
[Mon Aug 11 15:15:10 2025] >> testing accuracy: 0.8357
[Mon Aug 11 15:15:10 2025] >> testing accuracy: 0.8357
[Mon Aug 11 15:15:10 2025] >> testing accuracy: 0.8357
[Mon Aug 11 15:15:10 2025] >> testing accuracy: 0.8357
[Mon Aug 11 15:15:10 2025] >> testing accuracy: 0.8357
[Mon Aug 11 15:15:10 2025] >> testing accuracy: 0.8357
[Mon Aug 11 15:15:10 2025] >> testing accuracy: 0.8357
[Mon Aug 11 15:15:10 2025] >> testing accuracy: 0.8357
[Mon Aug 11 15:15:10 2025] >> testing accuracy: 0.8357
[Mon Aug 11 15:15:10 2025] >> testing accuracy: 0.8357
[Mon Aug 11 15:15:10 2025] >> testing accuracy: 0.8357
[Mon Aug 11 15:15:10 2025] >> testing accuracy: 0.8357
[Mon Aug 11 15:15:10 2025] >> testing accuracy: 0.8357
[Mon Aug 11 15:15:10 2025] >> testing accuracy: 0.8357
[Mon Aug 11 15:15:10 2025] >> testing accuracy: 0.8357
[Mon Aug 11 15:15:10 2025] >> testing accuracy: 0.8357
[Mon Aug 11 15:15:10 2025] >> testing accuracy: 0.8357
[Mon Aug 11 15:15:10 2025] >> testing accuracy: 0.8357
[Mon Aug 11 15:15:10 2025] >> testing accuracy: 0.8357
[Mon Aug 11 15:15:10 2025] >> testing accuracy: 0.8357
[Mon Aug 11 15:15:10 2025] >> testing accuracy: 0.8357
[Mon Aug 11 15:15:10 2025] >> testing accuracy: 0.8357
[Mon Aug 11 15:15:10 2025] >> testing accuracy: 0.8357
[Mon Aug 11 15:15:10 2025] >> testing accuracy: 0.8357
[Mon Aug 11 15:15:10 2025] >> testing accuracy: 0.8357
[Mon Aug 11 15:15:10 2025] >> testing accuracy: 0.8357
[Mon Aug 11 15:15:10 2025] >> testing accuracy: 0.8357
[Mon Aug 11 15:15:10 2025] >> testing accuracy: 0.8357
[Mon Aug 11 15:15:10 2025] >> testing accuracy: 0.8357
[Mon Aug 11 15:15:10 2025] >> testing accuracy: 0.8357
[Mon Aug 11 15:15:10 2025] >> testing accuracy: 0.8357
[Mon Aug 11 15:15:10 2025] >> testing accuracy: 0.8357
[Mon Aug 11 15:15:10 2025] >> testing accuracy: 0.8357
[Mon Aug 11 15:15:13 2025] >> testing accuracy: 0.8289
[Mon Aug 11 15:15:13 2025] >> testing accuracy: 0.8289
[Mon Aug 11 15:15:13 2025] >> testing accuracy: 0.8289
[Mon Aug 11 15:15:13 2025] >> testing accuracy: 0.8289
[Mon Aug 11 15:15:13 2025] >> testing accuracy: 0.8289
[Mon Aug 11 15:15:13 2025] >> testing accuracy: 0.8289
[Mon Aug 11 15:15:13 2025] >> testing accuracy: 0.8289
[Mon Aug 11 15:15:13 2025] >> testing accuracy: 0.8289
[Mon Aug 11 15:15:13 2025] >> testing accuracy: 0.8289
[Mon Aug 11 15:15:13 2025] >> testing accuracy: 0.8289
[Mon Aug 11 15:15:13 2025] >> testing accuracy: 0.8289
[Mon Aug 11 15:15:16 2025] >> testing accuracy: 0.8284
[Mon Aug 11 15:15:16 2025] >> testing accuracy: 0.8284
[Mon Aug 11 15:15:16 2025] >> testing accuracy: 0.8284
[Mon Aug 11 15:15:16 2025] >> testing accuracy: 0.8284
[Mon Aug 11 15:15:16 2025] >> testing accuracy: 0.8284
[Mon Aug 11 15:15:16 2025] >> testing accuracy: 0.8284
[Mon Aug 11 15:15:16 2025] >> testing accuracy: 0.8284
[Mon Aug 11 15:15:19 2025] >> testing accuracy: 0.8192
[Mon Aug 11 15:15:19 2025] >> testing accuracy: 0.8192
[Mon Aug 11 15:15:19 2025] >> testing accuracy: 0.8192
[Mon Aug 11 15:15:19 2025] >> testing accuracy: 0.8192
[Mon Aug 11 15:15:19 2025] >> testing accuracy: 0.8192
[Mon Aug 11 15:15:22 2025] >> testing accuracy: 0.8119
[Mon Aug 11 15:15:22 2025] >> testing accuracy: 0.8119
[Mon Aug 11 15:15:22 2025] >> testing accuracy: 0.8119
[Mon Aug 11 15:15:22 2025] >> testing accuracy: 0.8119
[Mon Aug 11 15:15:22 2025] >> testing accuracy: 0.8119
[Mon Aug 11 15:15:25 2025] >> testing accuracy: 0.8002
[Mon Aug 11 15:15:25 2025] >> testing accuracy: 0.8002
[Mon Aug 11 15:15:25 2025] >> testing accuracy: 0.8002
[Mon Aug 11 15:15:25 2025] >> testing accuracy: 0.8002
[Mon Aug 11 15:15:28 2025] >> testing accuracy: 0.7996
[Mon Aug 11 15:15:28 2025] >> testing accuracy: 0.7996
[Mon Aug 11 15:15:28 2025] >> testing accuracy: 0.7996
[Mon Aug 11 15:15:28 2025] >> testing accuracy: 0.7996
[Mon Aug 11 15:15:31 2025] >> testing accuracy: 0.7891
[Mon Aug 11 15:15:31 2025] >> testing accuracy: 0.7891
[Mon Aug 11 15:15:31 2025] >> testing accuracy: 0.7891
[Mon Aug 11 15:15:31 2025] >> testing accuracy: 0.7891
[Mon Aug 11 15:15:34 2025] >> testing accuracy: 0.7799
[Mon Aug 11 15:15:34 2025] >> testing accuracy: 0.7799
[Mon Aug 11 15:15:34 2025] >> testing accuracy: 0.7799
[Mon Aug 11 15:15:34 2025] >> testing accuracy: 0.7799
[Mon Aug 11 15:15:37 2025] >> testing accuracy: 0.7708
[Mon Aug 11 15:15:37 2025] >> testing accuracy: 0.7708
[Mon Aug 11 15:15:37 2025] >> testing accuracy: 0.7708
[Mon Aug 11 15:15:37 2025] >> testing accuracy: 0.7708
[Mon Aug 11 15:15:40 2025] >> testing accuracy: 0.7586
[Mon Aug 11 15:15:40 2025] >> testing accuracy: 0.7586
[Mon Aug 11 15:15:40 2025] >> testing accuracy: 0.7586
[Mon Aug 11 15:15:44 2025] >> testing accuracy: 0.7469
[Mon Aug 11 15:15:44 2025] >> testing accuracy: 0.7469
[Mon Aug 11 15:15:44 2025] >> testing accuracy: 0.7469
[Mon Aug 11 15:15:47 2025] >> testing accuracy: 0.7404
[Mon Aug 11 15:15:47 2025] >> testing accuracy: 0.7404
[Mon Aug 11 15:15:47 2025] >> testing accuracy: 0.7404
[Mon Aug 11 15:15:50 2025] >> testing accuracy: 0.7269
[Mon Aug 11 15:15:50 2025] >> testing accuracy: 0.7269
[Mon Aug 11 15:15:50 2025] >> testing accuracy: 0.7269
[Mon Aug 11 15:15:53 2025] >> testing accuracy: 0.7157
[Mon Aug 11 15:15:53 2025] >> testing accuracy: 0.7157
[Mon Aug 11 15:15:53 2025] >> testing accuracy: 0.7157
[Mon Aug 11 15:15:57 2025] >> testing accuracy: 0.7068
[Mon Aug 11 15:15:57 2025] >> testing accuracy: 0.7068
[Mon Aug 11 15:15:57 2025] >> testing accuracy: 0.7068
[Mon Aug 11 15:16:00 2025] >> testing accuracy: 0.6918
[Mon Aug 11 15:16:00 2025] >> testing accuracy: 0.6918
[Mon Aug 11 15:16:03 2025] >> testing accuracy: 0.6848
[Mon Aug 11 15:16:03 2025] >> testing accuracy: 0.6848
[Mon Aug 11 15:16:03 2025] >> testing accuracy: 0.6848
[Mon Aug 11 15:16:07 2025] >> testing accuracy: 0.6726
[Mon Aug 11 15:16:07 2025] >> testing accuracy: 0.6726
[Mon Aug 11 15:16:07 2025] >> testing accuracy: 0.6726
[Mon Aug 11 15:16:10 2025] >> testing accuracy: 0.6652
[Mon Aug 11 15:16:10 2025] >> testing accuracy: 0.6652
[Mon Aug 11 15:16:14 2025] >> testing accuracy: 0.6557
[Mon Aug 11 15:16:14 2025] >> testing accuracy: 0.6557
[Mon Aug 11 15:16:17 2025] >> testing accuracy: 0.6516
[Mon Aug 11 15:16:17 2025] >> testing accuracy: 0.6516
[Mon Aug 11 15:16:21 2025] >> testing accuracy: 0.6441
[Mon Aug 11 15:16:21 2025] >> testing accuracy: 0.6441
[Mon Aug 11 15:16:24 2025] >> testing accuracy: 0.6420
[Mon Aug 11 15:16:24 2025] >> testing accuracy: 0.6420
[Mon Aug 11 15:16:24 2025] >> testing accuracy: 0.6420
[Mon Aug 11 15:16:27 2025] >> testing accuracy: 0.6382
[Mon Aug 11 15:16:27 2025] >> testing accuracy: 0.6382
[Mon Aug 11 15:16:31 2025] >> testing accuracy: 0.6292
[Mon Aug 11 15:16:34 2025] >> testing accuracy: 0.6297
[Mon Aug 11 15:16:34 2025] >> testing accuracy: 0.6297
[Mon Aug 11 15:16:38 2025] >> testing accuracy: 0.6261
[Mon Aug 11 15:16:38 2025] >> testing accuracy: 0.6261
[Mon Aug 11 15:16:38 2025] >> 
[Mon Aug 11 15:16:38 2025] >> network: squeezenetManiCifar10
[Mon Aug 11 15:16:40 2025] >> testing accuracy: 0.8398
[Mon Aug 11 15:16:40 2025] >> testing accuracy: 0.8398
[Mon Aug 11 15:16:40 2025] >> testing accuracy: 0.8398
[Mon Aug 11 15:16:40 2025] >> testing accuracy: 0.8398
[Mon Aug 11 15:16:40 2025] >> testing accuracy: 0.8398
[Mon Aug 11 15:16:40 2025] >> testing accuracy: 0.8398
[Mon Aug 11 15:16:40 2025] >> testing accuracy: 0.8398
[Mon Aug 11 15:16:40 2025] >> testing accuracy: 0.8398
[Mon Aug 11 15:16:40 2025] >> testing accuracy: 0.8398
[Mon Aug 11 15:16:40 2025] >> testing accuracy: 0.8398
[Mon Aug 11 15:16:40 2025] >> testing accuracy: 0.8398
[Mon Aug 11 15:16:40 2025] >> testing accuracy: 0.8398
[Mon Aug 11 15:16:40 2025] >> testing accuracy: 0.8398
[Mon Aug 11 15:16:40 2025] >> testing accuracy: 0.8398
[Mon Aug 11 15:16:40 2025] >> testing accuracy: 0.8398
[Mon Aug 11 15:16:40 2025] >> testing accuracy: 0.8398
[Mon Aug 11 15:16:40 2025] >> testing accuracy: 0.8398
[Mon Aug 11 15:16:40 2025] >> testing accuracy: 0.8398
[Mon Aug 11 15:16:40 2025] >> testing accuracy: 0.8398
[Mon Aug 11 15:16:40 2025] >> testing accuracy: 0.8398
[Mon Aug 11 15:16:40 2025] >> testing accuracy: 0.8398
[Mon Aug 11 15:16:40 2025] >> testing accuracy: 0.8398
[Mon Aug 11 15:16:40 2025] >> testing accuracy: 0.8398
[Mon Aug 11 15:16:40 2025] >> testing accuracy: 0.8398
[Mon Aug 11 15:16:40 2025] >> testing accuracy: 0.8398
[Mon Aug 11 15:16:40 2025] >> testing accuracy: 0.8398
[Mon Aug 11 15:16:40 2025] >> testing accuracy: 0.8398
[Mon Aug 11 15:16:40 2025] >> testing accuracy: 0.8398
[Mon Aug 11 15:16:40 2025] >> testing accuracy: 0.8398
[Mon Aug 11 15:16:40 2025] >> testing accuracy: 0.8398
[Mon Aug 11 15:16:40 2025] >> testing accuracy: 0.8398
[Mon Aug 11 15:16:40 2025] >> testing accuracy: 0.8398
[Mon Aug 11 15:16:40 2025] >> testing accuracy: 0.8398
[Mon Aug 11 15:16:40 2025] >> testing accuracy: 0.8398
[Mon Aug 11 15:16:40 2025] >> testing accuracy: 0.8398
[Mon Aug 11 15:16:40 2025] >> testing accuracy: 0.8398
[Mon Aug 11 15:16:40 2025] >> testing accuracy: 0.8398
[Mon Aug 11 15:16:40 2025] >> testing accuracy: 0.8398
[Mon Aug 11 15:16:40 2025] >> testing accuracy: 0.8398
[Mon Aug 11 15:16:40 2025] >> testing accuracy: 0.8398
[Mon Aug 11 15:16:40 2025] >> testing accuracy: 0.8398
[Mon Aug 11 15:16:40 2025] >> testing accuracy: 0.8398
[Mon Aug 11 15:16:40 2025] >> testing accuracy: 0.8398
[Mon Aug 11 15:16:40 2025] >> testing accuracy: 0.8398
[Mon Aug 11 15:16:40 2025] >> testing accuracy: 0.8398
[Mon Aug 11 15:16:40 2025] >> testing accuracy: 0.8398
[Mon Aug 11 15:16:40 2025] >> testing accuracy: 0.8398
[Mon Aug 11 15:16:40 2025] >> testing accuracy: 0.8398
[Mon Aug 11 15:16:40 2025] >> testing accuracy: 0.8398
[Mon Aug 11 15:16:40 2025] >> testing accuracy: 0.8398
[Mon Aug 11 15:16:40 2025] >> testing accuracy: 0.8398
[Mon Aug 11 15:16:40 2025] >> testing accuracy: 0.8398
[Mon Aug 11 15:16:40 2025] >> testing accuracy: 0.8398
[Mon Aug 11 15:16:40 2025] >> testing accuracy: 0.8398
[Mon Aug 11 15:16:40 2025] >> testing accuracy: 0.8398
[Mon Aug 11 15:16:40 2025] >> testing accuracy: 0.8398
[Mon Aug 11 15:16:40 2025] >> testing accuracy: 0.8398
[Mon Aug 11 15:16:40 2025] >> testing accuracy: 0.8398
[Mon Aug 11 15:16:40 2025] >> testing accuracy: 0.8398
[Mon Aug 11 15:16:40 2025] >> testing accuracy: 0.8398
[Mon Aug 11 15:16:40 2025] >> testing accuracy: 0.8398
[Mon Aug 11 15:16:40 2025] >> testing accuracy: 0.8398
[Mon Aug 11 15:16:40 2025] >> testing accuracy: 0.8398
[Mon Aug 11 15:16:40 2025] >> testing accuracy: 0.8398
[Mon Aug 11 15:16:40 2025] >> testing accuracy: 0.8398
[Mon Aug 11 15:16:40 2025] >> testing accuracy: 0.8398
[Mon Aug 11 15:16:40 2025] >> testing accuracy: 0.8398
[Mon Aug 11 15:16:40 2025] >> testing accuracy: 0.8398
[Mon Aug 11 15:16:40 2025] >> testing accuracy: 0.8398
[Mon Aug 11 15:16:40 2025] >> testing accuracy: 0.8398
[Mon Aug 11 15:16:40 2025] >> testing accuracy: 0.8398
[Mon Aug 11 15:16:40 2025] >> testing accuracy: 0.8398
[Mon Aug 11 15:16:40 2025] >> testing accuracy: 0.8398
[Mon Aug 11 15:16:40 2025] >> testing accuracy: 0.8398
[Mon Aug 11 15:16:40 2025] >> testing accuracy: 0.8398
[Mon Aug 11 15:16:40 2025] >> testing accuracy: 0.8398
[Mon Aug 11 15:16:40 2025] >> testing accuracy: 0.8398
[Mon Aug 11 15:16:40 2025] >> testing accuracy: 0.8398
[Mon Aug 11 15:16:40 2025] >> testing accuracy: 0.8398
[Mon Aug 11 15:16:40 2025] >> testing accuracy: 0.8398
[Mon Aug 11 15:16:40 2025] >> testing accuracy: 0.8398
[Mon Aug 11 15:16:40 2025] >> testing accuracy: 0.8398
[Mon Aug 11 15:16:40 2025] >> testing accuracy: 0.8398
[Mon Aug 11 15:16:40 2025] >> testing accuracy: 0.8398
[Mon Aug 11 15:16:40 2025] >> testing accuracy: 0.8398
[Mon Aug 11 15:16:40 2025] >> testing accuracy: 0.8398
[Mon Aug 11 15:16:40 2025] >> testing accuracy: 0.8398
[Mon Aug 11 15:16:40 2025] >> testing accuracy: 0.8398
[Mon Aug 11 15:16:40 2025] >> testing accuracy: 0.8398
[Mon Aug 11 15:16:40 2025] >> testing accuracy: 0.8398
[Mon Aug 11 15:16:40 2025] >> testing accuracy: 0.8398
[Mon Aug 11 15:16:40 2025] >> testing accuracy: 0.8398
[Mon Aug 11 15:16:40 2025] >> testing accuracy: 0.8398
[Mon Aug 11 15:16:40 2025] >> testing accuracy: 0.8398
[Mon Aug 11 15:16:40 2025] >> testing accuracy: 0.8398
[Mon Aug 11 15:16:40 2025] >> testing accuracy: 0.8398
[Mon Aug 11 15:16:40 2025] >> testing accuracy: 0.8398
[Mon Aug 11 15:16:40 2025] >> testing accuracy: 0.8398
[Mon Aug 11 15:16:40 2025] >> testing accuracy: 0.8398
[Mon Aug 11 15:16:40 2025] >> testing accuracy: 0.8398
[Mon Aug 11 15:16:40 2025] >> testing accuracy: 0.8398
[Mon Aug 11 15:16:40 2025] >> testing accuracy: 0.8398
[Mon Aug 11 15:16:40 2025] >> testing accuracy: 0.8398
[Mon Aug 11 15:16:40 2025] >> testing accuracy: 0.8398
[Mon Aug 11 15:16:40 2025] >> testing accuracy: 0.8398
[Mon Aug 11 15:16:40 2025] >> testing accuracy: 0.8398
[Mon Aug 11 15:16:40 2025] >> testing accuracy: 0.8398
[Mon Aug 11 15:16:40 2025] >> testing accuracy: 0.8398
[Mon Aug 11 15:16:44 2025] >> testing accuracy: 0.7966
[Mon Aug 11 15:16:44 2025] >> testing accuracy: 0.7966
[Mon Aug 11 15:16:44 2025] >> testing accuracy: 0.7966
[Mon Aug 11 15:16:44 2025] >> testing accuracy: 0.7966
[Mon Aug 11 15:16:44 2025] >> testing accuracy: 0.7966
[Mon Aug 11 15:16:44 2025] >> testing accuracy: 0.7966
[Mon Aug 11 15:16:44 2025] >> testing accuracy: 0.7966
[Mon Aug 11 15:16:44 2025] >> testing accuracy: 0.7966
[Mon Aug 11 15:16:44 2025] >> testing accuracy: 0.7966
[Mon Aug 11 15:16:44 2025] >> testing accuracy: 0.7966
[Mon Aug 11 15:16:44 2025] >> testing accuracy: 0.7966
[Mon Aug 11 15:16:48 2025] >> testing accuracy: 0.7415
[Mon Aug 11 15:16:48 2025] >> testing accuracy: 0.7415
[Mon Aug 11 15:16:48 2025] >> testing accuracy: 0.7415
[Mon Aug 11 15:16:48 2025] >> testing accuracy: 0.7415
[Mon Aug 11 15:16:48 2025] >> testing accuracy: 0.7415
[Mon Aug 11 15:16:48 2025] >> testing accuracy: 0.7415
[Mon Aug 11 15:16:48 2025] >> testing accuracy: 0.7415
[Mon Aug 11 15:16:51 2025] >> testing accuracy: 0.7031
[Mon Aug 11 15:16:51 2025] >> testing accuracy: 0.7031
[Mon Aug 11 15:16:51 2025] >> testing accuracy: 0.7031
[Mon Aug 11 15:16:51 2025] >> testing accuracy: 0.7031
[Mon Aug 11 15:16:51 2025] >> testing accuracy: 0.7031
[Mon Aug 11 15:16:55 2025] >> testing accuracy: 0.6764
[Mon Aug 11 15:16:55 2025] >> testing accuracy: 0.6764
[Mon Aug 11 15:16:55 2025] >> testing accuracy: 0.6764
[Mon Aug 11 15:16:55 2025] >> testing accuracy: 0.6764
[Mon Aug 11 15:16:55 2025] >> testing accuracy: 0.6764
[Mon Aug 11 15:16:59 2025] >> testing accuracy: 0.6341
[Mon Aug 11 15:16:59 2025] >> testing accuracy: 0.6341
[Mon Aug 11 15:16:59 2025] >> testing accuracy: 0.6341
[Mon Aug 11 15:16:59 2025] >> testing accuracy: 0.6341
[Mon Aug 11 15:17:03 2025] >> testing accuracy: 0.5980
[Mon Aug 11 15:17:03 2025] >> testing accuracy: 0.5980
[Mon Aug 11 15:17:03 2025] >> testing accuracy: 0.5980
[Mon Aug 11 15:17:03 2025] >> testing accuracy: 0.5980
[Mon Aug 11 15:17:07 2025] >> testing accuracy: 0.5537
[Mon Aug 11 15:17:07 2025] >> testing accuracy: 0.5537
[Mon Aug 11 15:17:07 2025] >> testing accuracy: 0.5537
[Mon Aug 11 15:17:07 2025] >> testing accuracy: 0.5537
[Mon Aug 11 15:17:11 2025] >> testing accuracy: 0.5313
[Mon Aug 11 15:17:11 2025] >> testing accuracy: 0.5313
[Mon Aug 11 15:17:11 2025] >> testing accuracy: 0.5313
[Mon Aug 11 15:17:11 2025] >> testing accuracy: 0.5313
[Mon Aug 11 15:17:15 2025] >> testing accuracy: 0.5025
[Mon Aug 11 15:17:15 2025] >> testing accuracy: 0.5025
[Mon Aug 11 15:17:15 2025] >> testing accuracy: 0.5025
[Mon Aug 11 15:17:15 2025] >> testing accuracy: 0.5025
[Mon Aug 11 15:17:19 2025] >> testing accuracy: 0.4707
[Mon Aug 11 15:17:19 2025] >> testing accuracy: 0.4707
[Mon Aug 11 15:17:19 2025] >> testing accuracy: 0.4707
[Mon Aug 11 15:17:23 2025] >> testing accuracy: 0.4384
[Mon Aug 11 15:17:23 2025] >> testing accuracy: 0.4384
[Mon Aug 11 15:17:23 2025] >> testing accuracy: 0.4384
[Mon Aug 11 15:17:27 2025] >> testing accuracy: 0.4216
[Mon Aug 11 15:17:27 2025] >> testing accuracy: 0.4216
[Mon Aug 11 15:17:27 2025] >> testing accuracy: 0.4216
[Mon Aug 11 15:17:31 2025] >> testing accuracy: 0.4060
[Mon Aug 11 15:17:31 2025] >> testing accuracy: 0.4060
[Mon Aug 11 15:17:31 2025] >> testing accuracy: 0.4060
[Mon Aug 11 15:17:35 2025] >> testing accuracy: 0.3804
[Mon Aug 11 15:17:35 2025] >> testing accuracy: 0.3804
[Mon Aug 11 15:17:35 2025] >> testing accuracy: 0.3804
[Mon Aug 11 15:17:39 2025] >> testing accuracy: 0.3583
[Mon Aug 11 15:17:39 2025] >> testing accuracy: 0.3583
[Mon Aug 11 15:17:39 2025] >> testing accuracy: 0.3583
[Mon Aug 11 15:17:43 2025] >> testing accuracy: 0.3599
[Mon Aug 11 15:17:43 2025] >> testing accuracy: 0.3599
[Mon Aug 11 15:17:47 2025] >> testing accuracy: 0.3364
[Mon Aug 11 15:17:47 2025] >> testing accuracy: 0.3364
[Mon Aug 11 15:17:47 2025] >> testing accuracy: 0.3364
[Mon Aug 11 15:17:51 2025] >> testing accuracy: 0.3276
[Mon Aug 11 15:17:51 2025] >> testing accuracy: 0.3276
[Mon Aug 11 15:17:51 2025] >> testing accuracy: 0.3276
[Mon Aug 11 15:17:55 2025] >> testing accuracy: 0.3113
[Mon Aug 11 15:17:55 2025] >> testing accuracy: 0.3113
[Mon Aug 11 15:18:00 2025] >> testing accuracy: 0.2990
[Mon Aug 11 15:18:00 2025] >> testing accuracy: 0.2990
[Mon Aug 11 15:18:04 2025] >> testing accuracy: 0.2956
[Mon Aug 11 15:18:04 2025] >> testing accuracy: 0.2956
[Mon Aug 11 15:18:08 2025] >> testing accuracy: 0.2805
[Mon Aug 11 15:18:08 2025] >> testing accuracy: 0.2805
[Mon Aug 11 15:18:12 2025] >> testing accuracy: 0.2800
[Mon Aug 11 15:18:12 2025] >> testing accuracy: 0.2800
[Mon Aug 11 15:18:12 2025] >> testing accuracy: 0.2800
[Mon Aug 11 15:18:16 2025] >> testing accuracy: 0.2639
[Mon Aug 11 15:18:16 2025] >> testing accuracy: 0.2639
[Mon Aug 11 15:18:20 2025] >> testing accuracy: 0.2608
[Mon Aug 11 15:18:24 2025] >> testing accuracy: 0.2630
[Mon Aug 11 15:18:24 2025] >> testing accuracy: 0.2630
[Mon Aug 11 15:18:28 2025] >> testing accuracy: 0.2547
[Mon Aug 11 15:18:28 2025] >> testing accuracy: 0.2547
[Mon Aug 11 15:18:28 2025] >> 
[Mon Aug 11 15:18:28 2025] >> network: resnet18ManiCifar10
[Mon Aug 11 15:18:30 2025] >> testing accuracy: 0.8666
[Mon Aug 11 15:18:30 2025] >> testing accuracy: 0.8666
[Mon Aug 11 15:18:30 2025] >> testing accuracy: 0.8666
[Mon Aug 11 15:18:30 2025] >> testing accuracy: 0.8666
[Mon Aug 11 15:18:30 2025] >> testing accuracy: 0.8666
[Mon Aug 11 15:18:30 2025] >> testing accuracy: 0.8666
[Mon Aug 11 15:18:30 2025] >> testing accuracy: 0.8666
[Mon Aug 11 15:18:30 2025] >> testing accuracy: 0.8666
[Mon Aug 11 15:18:30 2025] >> testing accuracy: 0.8666
[Mon Aug 11 15:18:30 2025] >> testing accuracy: 0.8666
[Mon Aug 11 15:18:30 2025] >> testing accuracy: 0.8666
[Mon Aug 11 15:18:30 2025] >> testing accuracy: 0.8666
[Mon Aug 11 15:18:30 2025] >> testing accuracy: 0.8666
[Mon Aug 11 15:18:30 2025] >> testing accuracy: 0.8666
[Mon Aug 11 15:18:30 2025] >> testing accuracy: 0.8666
[Mon Aug 11 15:18:30 2025] >> testing accuracy: 0.8666
[Mon Aug 11 15:18:30 2025] >> testing accuracy: 0.8666
[Mon Aug 11 15:18:30 2025] >> testing accuracy: 0.8666
[Mon Aug 11 15:18:30 2025] >> testing accuracy: 0.8666
[Mon Aug 11 15:18:30 2025] >> testing accuracy: 0.8666
[Mon Aug 11 15:18:30 2025] >> testing accuracy: 0.8666
[Mon Aug 11 15:18:30 2025] >> testing accuracy: 0.8666
[Mon Aug 11 15:18:30 2025] >> testing accuracy: 0.8666
[Mon Aug 11 15:18:30 2025] >> testing accuracy: 0.8666
[Mon Aug 11 15:18:30 2025] >> testing accuracy: 0.8666
[Mon Aug 11 15:18:30 2025] >> testing accuracy: 0.8666
[Mon Aug 11 15:18:30 2025] >> testing accuracy: 0.8666
[Mon Aug 11 15:18:30 2025] >> testing accuracy: 0.8666
[Mon Aug 11 15:18:30 2025] >> testing accuracy: 0.8666
[Mon Aug 11 15:18:30 2025] >> testing accuracy: 0.8666
[Mon Aug 11 15:18:30 2025] >> testing accuracy: 0.8666
[Mon Aug 11 15:18:30 2025] >> testing accuracy: 0.8666
[Mon Aug 11 15:18:30 2025] >> testing accuracy: 0.8666
[Mon Aug 11 15:18:30 2025] >> testing accuracy: 0.8666
[Mon Aug 11 15:18:30 2025] >> testing accuracy: 0.8666
[Mon Aug 11 15:18:30 2025] >> testing accuracy: 0.8666
[Mon Aug 11 15:18:30 2025] >> testing accuracy: 0.8666
[Mon Aug 11 15:18:30 2025] >> testing accuracy: 0.8666
[Mon Aug 11 15:18:30 2025] >> testing accuracy: 0.8666
[Mon Aug 11 15:18:30 2025] >> testing accuracy: 0.8666
[Mon Aug 11 15:18:30 2025] >> testing accuracy: 0.8666
[Mon Aug 11 15:18:30 2025] >> testing accuracy: 0.8666
[Mon Aug 11 15:18:30 2025] >> testing accuracy: 0.8666
[Mon Aug 11 15:18:30 2025] >> testing accuracy: 0.8666
[Mon Aug 11 15:18:30 2025] >> testing accuracy: 0.8666
[Mon Aug 11 15:18:30 2025] >> testing accuracy: 0.8666
[Mon Aug 11 15:18:30 2025] >> testing accuracy: 0.8666
[Mon Aug 11 15:18:30 2025] >> testing accuracy: 0.8666
[Mon Aug 11 15:18:30 2025] >> testing accuracy: 0.8666
[Mon Aug 11 15:18:30 2025] >> testing accuracy: 0.8666
[Mon Aug 11 15:18:30 2025] >> testing accuracy: 0.8666
[Mon Aug 11 15:18:30 2025] >> testing accuracy: 0.8666
[Mon Aug 11 15:18:30 2025] >> testing accuracy: 0.8666
[Mon Aug 11 15:18:30 2025] >> testing accuracy: 0.8666
[Mon Aug 11 15:18:30 2025] >> testing accuracy: 0.8666
[Mon Aug 11 15:18:30 2025] >> testing accuracy: 0.8666
[Mon Aug 11 15:18:30 2025] >> testing accuracy: 0.8666
[Mon Aug 11 15:18:30 2025] >> testing accuracy: 0.8666
[Mon Aug 11 15:18:30 2025] >> testing accuracy: 0.8666
[Mon Aug 11 15:18:30 2025] >> testing accuracy: 0.8666
[Mon Aug 11 15:18:30 2025] >> testing accuracy: 0.8666
[Mon Aug 11 15:18:30 2025] >> testing accuracy: 0.8666
[Mon Aug 11 15:18:30 2025] >> testing accuracy: 0.8666
[Mon Aug 11 15:18:30 2025] >> testing accuracy: 0.8666
[Mon Aug 11 15:18:30 2025] >> testing accuracy: 0.8666
[Mon Aug 11 15:18:30 2025] >> testing accuracy: 0.8666
[Mon Aug 11 15:18:30 2025] >> testing accuracy: 0.8666
[Mon Aug 11 15:18:30 2025] >> testing accuracy: 0.8666
[Mon Aug 11 15:18:30 2025] >> testing accuracy: 0.8666
[Mon Aug 11 15:18:30 2025] >> testing accuracy: 0.8666
[Mon Aug 11 15:18:30 2025] >> testing accuracy: 0.8666
[Mon Aug 11 15:18:30 2025] >> testing accuracy: 0.8666
[Mon Aug 11 15:18:30 2025] >> testing accuracy: 0.8666
[Mon Aug 11 15:18:30 2025] >> testing accuracy: 0.8666
[Mon Aug 11 15:18:30 2025] >> testing accuracy: 0.8666
[Mon Aug 11 15:18:30 2025] >> testing accuracy: 0.8666
[Mon Aug 11 15:18:30 2025] >> testing accuracy: 0.8666
[Mon Aug 11 15:18:30 2025] >> testing accuracy: 0.8666
[Mon Aug 11 15:18:30 2025] >> testing accuracy: 0.8666
[Mon Aug 11 15:18:30 2025] >> testing accuracy: 0.8666
[Mon Aug 11 15:18:30 2025] >> testing accuracy: 0.8666
[Mon Aug 11 15:18:30 2025] >> testing accuracy: 0.8666
[Mon Aug 11 15:18:30 2025] >> testing accuracy: 0.8666
[Mon Aug 11 15:18:30 2025] >> testing accuracy: 0.8666
[Mon Aug 11 15:18:30 2025] >> testing accuracy: 0.8666
[Mon Aug 11 15:18:30 2025] >> testing accuracy: 0.8666
[Mon Aug 11 15:18:30 2025] >> testing accuracy: 0.8666
[Mon Aug 11 15:18:30 2025] >> testing accuracy: 0.8666
[Mon Aug 11 15:18:30 2025] >> testing accuracy: 0.8666
[Mon Aug 11 15:18:30 2025] >> testing accuracy: 0.8666
[Mon Aug 11 15:18:30 2025] >> testing accuracy: 0.8666
[Mon Aug 11 15:18:30 2025] >> testing accuracy: 0.8666
[Mon Aug 11 15:18:30 2025] >> testing accuracy: 0.8666
[Mon Aug 11 15:18:30 2025] >> testing accuracy: 0.8666
[Mon Aug 11 15:18:30 2025] >> testing accuracy: 0.8666
[Mon Aug 11 15:18:30 2025] >> testing accuracy: 0.8666
[Mon Aug 11 15:18:30 2025] >> testing accuracy: 0.8666
[Mon Aug 11 15:18:30 2025] >> testing accuracy: 0.8666
[Mon Aug 11 15:18:30 2025] >> testing accuracy: 0.8666
[Mon Aug 11 15:18:30 2025] >> testing accuracy: 0.8666
[Mon Aug 11 15:18:30 2025] >> testing accuracy: 0.8666
[Mon Aug 11 15:18:30 2025] >> testing accuracy: 0.8666
[Mon Aug 11 15:18:30 2025] >> testing accuracy: 0.8666
[Mon Aug 11 15:18:30 2025] >> testing accuracy: 0.8666
[Mon Aug 11 15:18:30 2025] >> testing accuracy: 0.8666
[Mon Aug 11 15:18:30 2025] >> testing accuracy: 0.8666
[Mon Aug 11 15:18:30 2025] >> testing accuracy: 0.8666
[Mon Aug 11 15:18:30 2025] >> testing accuracy: 0.8666
[Mon Aug 11 15:18:32 2025] >> testing accuracy: 0.8621
[Mon Aug 11 15:18:32 2025] >> testing accuracy: 0.8621
[Mon Aug 11 15:18:32 2025] >> testing accuracy: 0.8621
[Mon Aug 11 15:18:32 2025] >> testing accuracy: 0.8621
[Mon Aug 11 15:18:32 2025] >> testing accuracy: 0.8621
[Mon Aug 11 15:18:32 2025] >> testing accuracy: 0.8621
[Mon Aug 11 15:18:32 2025] >> testing accuracy: 0.8621
[Mon Aug 11 15:18:32 2025] >> testing accuracy: 0.8621
[Mon Aug 11 15:18:32 2025] >> testing accuracy: 0.8621
[Mon Aug 11 15:18:32 2025] >> testing accuracy: 0.8621
[Mon Aug 11 15:18:32 2025] >> testing accuracy: 0.8621
[Mon Aug 11 15:18:35 2025] >> testing accuracy: 0.8558
[Mon Aug 11 15:18:35 2025] >> testing accuracy: 0.8558
[Mon Aug 11 15:18:35 2025] >> testing accuracy: 0.8558
[Mon Aug 11 15:18:35 2025] >> testing accuracy: 0.8558
[Mon Aug 11 15:18:35 2025] >> testing accuracy: 0.8558
[Mon Aug 11 15:18:35 2025] >> testing accuracy: 0.8558
[Mon Aug 11 15:18:35 2025] >> testing accuracy: 0.8558
[Mon Aug 11 15:18:37 2025] >> testing accuracy: 0.8502
[Mon Aug 11 15:18:37 2025] >> testing accuracy: 0.8502
[Mon Aug 11 15:18:37 2025] >> testing accuracy: 0.8502
[Mon Aug 11 15:18:37 2025] >> testing accuracy: 0.8502
[Mon Aug 11 15:18:37 2025] >> testing accuracy: 0.8502
[Mon Aug 11 15:18:40 2025] >> testing accuracy: 0.8369
[Mon Aug 11 15:18:40 2025] >> testing accuracy: 0.8369
[Mon Aug 11 15:18:40 2025] >> testing accuracy: 0.8369
[Mon Aug 11 15:18:40 2025] >> testing accuracy: 0.8369
[Mon Aug 11 15:18:40 2025] >> testing accuracy: 0.8369
[Mon Aug 11 15:18:42 2025] >> testing accuracy: 0.8233
[Mon Aug 11 15:18:42 2025] >> testing accuracy: 0.8233
[Mon Aug 11 15:18:42 2025] >> testing accuracy: 0.8233
[Mon Aug 11 15:18:42 2025] >> testing accuracy: 0.8233
[Mon Aug 11 15:18:45 2025] >> testing accuracy: 0.8185
[Mon Aug 11 15:18:45 2025] >> testing accuracy: 0.8185
[Mon Aug 11 15:18:45 2025] >> testing accuracy: 0.8185
[Mon Aug 11 15:18:45 2025] >> testing accuracy: 0.8185
[Mon Aug 11 15:18:48 2025] >> testing accuracy: 0.8145
[Mon Aug 11 15:18:48 2025] >> testing accuracy: 0.8145
[Mon Aug 11 15:18:48 2025] >> testing accuracy: 0.8145
[Mon Aug 11 15:18:48 2025] >> testing accuracy: 0.8145
[Mon Aug 11 15:18:50 2025] >> testing accuracy: 0.8119
[Mon Aug 11 15:18:50 2025] >> testing accuracy: 0.8119
[Mon Aug 11 15:18:50 2025] >> testing accuracy: 0.8119
[Mon Aug 11 15:18:50 2025] >> testing accuracy: 0.8119
[Mon Aug 11 15:18:53 2025] >> testing accuracy: 0.8115
[Mon Aug 11 15:18:53 2025] >> testing accuracy: 0.8115
[Mon Aug 11 15:18:53 2025] >> testing accuracy: 0.8115
[Mon Aug 11 15:18:53 2025] >> testing accuracy: 0.8115
[Mon Aug 11 15:18:55 2025] >> testing accuracy: 0.8093
[Mon Aug 11 15:18:55 2025] >> testing accuracy: 0.8093
[Mon Aug 11 15:18:55 2025] >> testing accuracy: 0.8093
[Mon Aug 11 15:18:58 2025] >> testing accuracy: 0.8058
[Mon Aug 11 15:18:58 2025] >> testing accuracy: 0.8058
[Mon Aug 11 15:18:58 2025] >> testing accuracy: 0.8058
[Mon Aug 11 15:19:01 2025] >> testing accuracy: 0.8057
[Mon Aug 11 15:19:01 2025] >> testing accuracy: 0.8057
[Mon Aug 11 15:19:01 2025] >> testing accuracy: 0.8057
[Mon Aug 11 15:19:03 2025] >> testing accuracy: 0.8008
[Mon Aug 11 15:19:03 2025] >> testing accuracy: 0.8008
[Mon Aug 11 15:19:03 2025] >> testing accuracy: 0.8008
[Mon Aug 11 15:19:06 2025] >> testing accuracy: 0.7935
[Mon Aug 11 15:19:06 2025] >> testing accuracy: 0.7935
[Mon Aug 11 15:19:06 2025] >> testing accuracy: 0.7935
[Mon Aug 11 15:19:09 2025] >> testing accuracy: 0.7916
[Mon Aug 11 15:19:09 2025] >> testing accuracy: 0.7916
[Mon Aug 11 15:19:09 2025] >> testing accuracy: 0.7916
[Mon Aug 11 15:19:12 2025] >> testing accuracy: 0.7909
[Mon Aug 11 15:19:12 2025] >> testing accuracy: 0.7909
[Mon Aug 11 15:19:15 2025] >> testing accuracy: 0.7873
[Mon Aug 11 15:19:15 2025] >> testing accuracy: 0.7873
[Mon Aug 11 15:19:15 2025] >> testing accuracy: 0.7873
[Mon Aug 11 15:19:17 2025] >> testing accuracy: 0.7844
[Mon Aug 11 15:19:17 2025] >> testing accuracy: 0.7844
[Mon Aug 11 15:19:17 2025] >> testing accuracy: 0.7844
[Mon Aug 11 15:19:20 2025] >> testing accuracy: 0.7786
[Mon Aug 11 15:19:20 2025] >> testing accuracy: 0.7786
[Mon Aug 11 15:19:23 2025] >> testing accuracy: 0.7794
[Mon Aug 11 15:19:23 2025] >> testing accuracy: 0.7794
[Mon Aug 11 15:19:26 2025] >> testing accuracy: 0.7786
[Mon Aug 11 15:19:26 2025] >> testing accuracy: 0.7786
[Mon Aug 11 15:19:29 2025] >> testing accuracy: 0.7737
[Mon Aug 11 15:19:29 2025] >> testing accuracy: 0.7737
[Mon Aug 11 15:19:32 2025] >> testing accuracy: 0.7677
[Mon Aug 11 15:19:32 2025] >> testing accuracy: 0.7677
[Mon Aug 11 15:19:32 2025] >> testing accuracy: 0.7677
[Mon Aug 11 15:19:35 2025] >> testing accuracy: 0.7657
[Mon Aug 11 15:19:35 2025] >> testing accuracy: 0.7657
[Mon Aug 11 15:19:38 2025] >> testing accuracy: 0.7600
[Mon Aug 11 15:19:41 2025] >> testing accuracy: 0.7572
[Mon Aug 11 15:19:41 2025] >> testing accuracy: 0.7572
[Mon Aug 11 15:19:44 2025] >> testing accuracy: 0.7486
[Mon Aug 11 15:19:44 2025] >> testing accuracy: 0.7486
[Mon Aug 11 15:19:44 2025] >> 
[Mon Aug 11 15:19:44 2025] >> network: vgg11ManiCifar10
[Mon Aug 11 15:19:46 2025] >> testing accuracy: 0.8593
[Mon Aug 11 15:19:46 2025] >> testing accuracy: 0.8593
[Mon Aug 11 15:19:46 2025] >> testing accuracy: 0.8593
[Mon Aug 11 15:19:46 2025] >> testing accuracy: 0.8593
[Mon Aug 11 15:19:46 2025] >> testing accuracy: 0.8593
[Mon Aug 11 15:19:46 2025] >> testing accuracy: 0.8593
[Mon Aug 11 15:19:46 2025] >> testing accuracy: 0.8593
[Mon Aug 11 15:19:46 2025] >> testing accuracy: 0.8593
[Mon Aug 11 15:19:46 2025] >> testing accuracy: 0.8593
[Mon Aug 11 15:19:46 2025] >> testing accuracy: 0.8593
[Mon Aug 11 15:19:46 2025] >> testing accuracy: 0.8593
[Mon Aug 11 15:19:46 2025] >> testing accuracy: 0.8593
[Mon Aug 11 15:19:46 2025] >> testing accuracy: 0.8593
[Mon Aug 11 15:19:46 2025] >> testing accuracy: 0.8593
[Mon Aug 11 15:19:46 2025] >> testing accuracy: 0.8593
[Mon Aug 11 15:19:46 2025] >> testing accuracy: 0.8593
[Mon Aug 11 15:19:46 2025] >> testing accuracy: 0.8593
[Mon Aug 11 15:19:46 2025] >> testing accuracy: 0.8593
[Mon Aug 11 15:19:46 2025] >> testing accuracy: 0.8593
[Mon Aug 11 15:19:46 2025] >> testing accuracy: 0.8593
[Mon Aug 11 15:19:46 2025] >> testing accuracy: 0.8593
[Mon Aug 11 15:19:46 2025] >> testing accuracy: 0.8593
[Mon Aug 11 15:19:46 2025] >> testing accuracy: 0.8593
[Mon Aug 11 15:19:46 2025] >> testing accuracy: 0.8593
[Mon Aug 11 15:19:46 2025] >> testing accuracy: 0.8593
[Mon Aug 11 15:19:46 2025] >> testing accuracy: 0.8593
[Mon Aug 11 15:19:46 2025] >> testing accuracy: 0.8593
[Mon Aug 11 15:19:46 2025] >> testing accuracy: 0.8593
[Mon Aug 11 15:19:46 2025] >> testing accuracy: 0.8593
[Mon Aug 11 15:19:46 2025] >> testing accuracy: 0.8593
[Mon Aug 11 15:19:46 2025] >> testing accuracy: 0.8593
[Mon Aug 11 15:19:46 2025] >> testing accuracy: 0.8593
[Mon Aug 11 15:19:46 2025] >> testing accuracy: 0.8593
[Mon Aug 11 15:19:46 2025] >> testing accuracy: 0.8593
[Mon Aug 11 15:19:46 2025] >> testing accuracy: 0.8593
[Mon Aug 11 15:19:46 2025] >> testing accuracy: 0.8593
[Mon Aug 11 15:19:46 2025] >> testing accuracy: 0.8593
[Mon Aug 11 15:19:46 2025] >> testing accuracy: 0.8593
[Mon Aug 11 15:19:46 2025] >> testing accuracy: 0.8593
[Mon Aug 11 15:19:46 2025] >> testing accuracy: 0.8593
[Mon Aug 11 15:19:46 2025] >> testing accuracy: 0.8593
[Mon Aug 11 15:19:46 2025] >> testing accuracy: 0.8593
[Mon Aug 11 15:19:46 2025] >> testing accuracy: 0.8593
[Mon Aug 11 15:19:46 2025] >> testing accuracy: 0.8593
[Mon Aug 11 15:19:46 2025] >> testing accuracy: 0.8593
[Mon Aug 11 15:19:46 2025] >> testing accuracy: 0.8593
[Mon Aug 11 15:19:46 2025] >> testing accuracy: 0.8593
[Mon Aug 11 15:19:46 2025] >> testing accuracy: 0.8593
[Mon Aug 11 15:19:46 2025] >> testing accuracy: 0.8593
[Mon Aug 11 15:19:46 2025] >> testing accuracy: 0.8593
[Mon Aug 11 15:19:46 2025] >> testing accuracy: 0.8593
[Mon Aug 11 15:19:46 2025] >> testing accuracy: 0.8593
[Mon Aug 11 15:19:46 2025] >> testing accuracy: 0.8593
[Mon Aug 11 15:19:46 2025] >> testing accuracy: 0.8593
[Mon Aug 11 15:19:46 2025] >> testing accuracy: 0.8593
[Mon Aug 11 15:19:46 2025] >> testing accuracy: 0.8593
[Mon Aug 11 15:19:46 2025] >> testing accuracy: 0.8593
[Mon Aug 11 15:19:46 2025] >> testing accuracy: 0.8593
[Mon Aug 11 15:19:46 2025] >> testing accuracy: 0.8593
[Mon Aug 11 15:19:46 2025] >> testing accuracy: 0.8593
[Mon Aug 11 15:19:46 2025] >> testing accuracy: 0.8593
[Mon Aug 11 15:19:46 2025] >> testing accuracy: 0.8593
[Mon Aug 11 15:19:46 2025] >> testing accuracy: 0.8593
[Mon Aug 11 15:19:46 2025] >> testing accuracy: 0.8593
[Mon Aug 11 15:19:46 2025] >> testing accuracy: 0.8593
[Mon Aug 11 15:19:46 2025] >> testing accuracy: 0.8593
[Mon Aug 11 15:19:46 2025] >> testing accuracy: 0.8593
[Mon Aug 11 15:19:46 2025] >> testing accuracy: 0.8593
[Mon Aug 11 15:19:46 2025] >> testing accuracy: 0.8593
[Mon Aug 11 15:19:46 2025] >> testing accuracy: 0.8593
[Mon Aug 11 15:19:46 2025] >> testing accuracy: 0.8593
[Mon Aug 11 15:19:46 2025] >> testing accuracy: 0.8593
[Mon Aug 11 15:19:46 2025] >> testing accuracy: 0.8593
[Mon Aug 11 15:19:46 2025] >> testing accuracy: 0.8593
[Mon Aug 11 15:19:46 2025] >> testing accuracy: 0.8593
[Mon Aug 11 15:19:46 2025] >> testing accuracy: 0.8593
[Mon Aug 11 15:19:46 2025] >> testing accuracy: 0.8593
[Mon Aug 11 15:19:46 2025] >> testing accuracy: 0.8593
[Mon Aug 11 15:19:46 2025] >> testing accuracy: 0.8593
[Mon Aug 11 15:19:46 2025] >> testing accuracy: 0.8593
[Mon Aug 11 15:19:46 2025] >> testing accuracy: 0.8593
[Mon Aug 11 15:19:46 2025] >> testing accuracy: 0.8593
[Mon Aug 11 15:19:46 2025] >> testing accuracy: 0.8593
[Mon Aug 11 15:19:46 2025] >> testing accuracy: 0.8593
[Mon Aug 11 15:19:46 2025] >> testing accuracy: 0.8593
[Mon Aug 11 15:19:46 2025] >> testing accuracy: 0.8593
[Mon Aug 11 15:19:46 2025] >> testing accuracy: 0.8593
[Mon Aug 11 15:19:46 2025] >> testing accuracy: 0.8593
[Mon Aug 11 15:19:46 2025] >> testing accuracy: 0.8593
[Mon Aug 11 15:19:46 2025] >> testing accuracy: 0.8593
[Mon Aug 11 15:19:46 2025] >> testing accuracy: 0.8593
[Mon Aug 11 15:19:46 2025] >> testing accuracy: 0.8593
[Mon Aug 11 15:19:46 2025] >> testing accuracy: 0.8593
[Mon Aug 11 15:19:46 2025] >> testing accuracy: 0.8593
[Mon Aug 11 15:19:46 2025] >> testing accuracy: 0.8593
[Mon Aug 11 15:19:46 2025] >> testing accuracy: 0.8593
[Mon Aug 11 15:19:46 2025] >> testing accuracy: 0.8593
[Mon Aug 11 15:19:46 2025] >> testing accuracy: 0.8593
[Mon Aug 11 15:19:46 2025] >> testing accuracy: 0.8593
[Mon Aug 11 15:19:46 2025] >> testing accuracy: 0.8593
[Mon Aug 11 15:19:46 2025] >> testing accuracy: 0.8593
[Mon Aug 11 15:19:46 2025] >> testing accuracy: 0.8593
[Mon Aug 11 15:19:46 2025] >> testing accuracy: 0.8593
[Mon Aug 11 15:19:46 2025] >> testing accuracy: 0.8593
[Mon Aug 11 15:19:46 2025] >> testing accuracy: 0.8593
[Mon Aug 11 15:19:46 2025] >> testing accuracy: 0.8593
[Mon Aug 11 15:19:46 2025] >> testing accuracy: 0.8593
[Mon Aug 11 15:19:46 2025] >> testing accuracy: 0.8593
[Mon Aug 11 15:19:48 2025] >> testing accuracy: 0.8542
[Mon Aug 11 15:19:48 2025] >> testing accuracy: 0.8542
[Mon Aug 11 15:19:48 2025] >> testing accuracy: 0.8542
[Mon Aug 11 15:19:48 2025] >> testing accuracy: 0.8542
[Mon Aug 11 15:19:48 2025] >> testing accuracy: 0.8542
[Mon Aug 11 15:19:48 2025] >> testing accuracy: 0.8542
[Mon Aug 11 15:19:48 2025] >> testing accuracy: 0.8542
[Mon Aug 11 15:19:48 2025] >> testing accuracy: 0.8542
[Mon Aug 11 15:19:48 2025] >> testing accuracy: 0.8542
[Mon Aug 11 15:19:48 2025] >> testing accuracy: 0.8542
[Mon Aug 11 15:19:48 2025] >> testing accuracy: 0.8542
[Mon Aug 11 15:19:50 2025] >> testing accuracy: 0.8414
[Mon Aug 11 15:19:50 2025] >> testing accuracy: 0.8414
[Mon Aug 11 15:19:50 2025] >> testing accuracy: 0.8414
[Mon Aug 11 15:19:50 2025] >> testing accuracy: 0.8414
[Mon Aug 11 15:19:50 2025] >> testing accuracy: 0.8414
[Mon Aug 11 15:19:50 2025] >> testing accuracy: 0.8414
[Mon Aug 11 15:19:50 2025] >> testing accuracy: 0.8414
[Mon Aug 11 15:19:52 2025] >> testing accuracy: 0.7963
[Mon Aug 11 15:19:52 2025] >> testing accuracy: 0.7963
[Mon Aug 11 15:19:52 2025] >> testing accuracy: 0.7963
[Mon Aug 11 15:19:52 2025] >> testing accuracy: 0.7963
[Mon Aug 11 15:19:52 2025] >> testing accuracy: 0.7963
[Mon Aug 11 15:19:55 2025] >> testing accuracy: 0.7558
[Mon Aug 11 15:19:55 2025] >> testing accuracy: 0.7558
[Mon Aug 11 15:19:55 2025] >> testing accuracy: 0.7558
[Mon Aug 11 15:19:55 2025] >> testing accuracy: 0.7558
[Mon Aug 11 15:19:55 2025] >> testing accuracy: 0.7558
[Mon Aug 11 15:19:57 2025] >> testing accuracy: 0.7281
[Mon Aug 11 15:19:57 2025] >> testing accuracy: 0.7281
[Mon Aug 11 15:19:57 2025] >> testing accuracy: 0.7281
[Mon Aug 11 15:19:57 2025] >> testing accuracy: 0.7281
[Mon Aug 11 15:19:59 2025] >> testing accuracy: 0.7095
[Mon Aug 11 15:19:59 2025] >> testing accuracy: 0.7095
[Mon Aug 11 15:19:59 2025] >> testing accuracy: 0.7095
[Mon Aug 11 15:19:59 2025] >> testing accuracy: 0.7095
[Mon Aug 11 15:20:01 2025] >> testing accuracy: 0.6875
[Mon Aug 11 15:20:01 2025] >> testing accuracy: 0.6875
[Mon Aug 11 15:20:01 2025] >> testing accuracy: 0.6875
[Mon Aug 11 15:20:01 2025] >> testing accuracy: 0.6875
[Mon Aug 11 15:20:04 2025] >> testing accuracy: 0.6712
[Mon Aug 11 15:20:04 2025] >> testing accuracy: 0.6712
[Mon Aug 11 15:20:04 2025] >> testing accuracy: 0.6712
[Mon Aug 11 15:20:04 2025] >> testing accuracy: 0.6712
[Mon Aug 11 15:20:06 2025] >> testing accuracy: 0.6587
[Mon Aug 11 15:20:06 2025] >> testing accuracy: 0.6587
[Mon Aug 11 15:20:06 2025] >> testing accuracy: 0.6587
[Mon Aug 11 15:20:06 2025] >> testing accuracy: 0.6587
[Mon Aug 11 15:20:08 2025] >> testing accuracy: 0.6510
[Mon Aug 11 15:20:08 2025] >> testing accuracy: 0.6510
[Mon Aug 11 15:20:08 2025] >> testing accuracy: 0.6510
[Mon Aug 11 15:20:11 2025] >> testing accuracy: 0.6364
[Mon Aug 11 15:20:11 2025] >> testing accuracy: 0.6364
[Mon Aug 11 15:20:11 2025] >> testing accuracy: 0.6364
[Mon Aug 11 15:20:13 2025] >> testing accuracy: 0.6436
[Mon Aug 11 15:20:13 2025] >> testing accuracy: 0.6436
[Mon Aug 11 15:20:13 2025] >> testing accuracy: 0.6436
[Mon Aug 11 15:20:15 2025] >> testing accuracy: 0.6361
[Mon Aug 11 15:20:15 2025] >> testing accuracy: 0.6361
[Mon Aug 11 15:20:15 2025] >> testing accuracy: 0.6361
[Mon Aug 11 15:20:18 2025] >> testing accuracy: 0.6284
[Mon Aug 11 15:20:18 2025] >> testing accuracy: 0.6284
[Mon Aug 11 15:20:18 2025] >> testing accuracy: 0.6284
[Mon Aug 11 15:20:20 2025] >> testing accuracy: 0.6237
[Mon Aug 11 15:20:20 2025] >> testing accuracy: 0.6237
[Mon Aug 11 15:20:20 2025] >> testing accuracy: 0.6237
[Mon Aug 11 15:20:22 2025] >> testing accuracy: 0.6160
[Mon Aug 11 15:20:22 2025] >> testing accuracy: 0.6160
[Mon Aug 11 15:20:25 2025] >> testing accuracy: 0.6167
[Mon Aug 11 15:20:25 2025] >> testing accuracy: 0.6167
[Mon Aug 11 15:20:25 2025] >> testing accuracy: 0.6167
[Mon Aug 11 15:20:27 2025] >> testing accuracy: 0.6086
[Mon Aug 11 15:20:27 2025] >> testing accuracy: 0.6086
[Mon Aug 11 15:20:27 2025] >> testing accuracy: 0.6086
[Mon Aug 11 15:20:30 2025] >> testing accuracy: 0.6032
[Mon Aug 11 15:20:30 2025] >> testing accuracy: 0.6032
[Mon Aug 11 15:20:32 2025] >> testing accuracy: 0.6050
[Mon Aug 11 15:20:32 2025] >> testing accuracy: 0.6050
[Mon Aug 11 15:20:35 2025] >> testing accuracy: 0.5996
[Mon Aug 11 15:20:35 2025] >> testing accuracy: 0.5996
[Mon Aug 11 15:20:37 2025] >> testing accuracy: 0.5971
[Mon Aug 11 15:20:37 2025] >> testing accuracy: 0.5971
[Mon Aug 11 15:20:40 2025] >> testing accuracy: 0.5923
[Mon Aug 11 15:20:40 2025] >> testing accuracy: 0.5923
[Mon Aug 11 15:20:40 2025] >> testing accuracy: 0.5923
[Mon Aug 11 15:20:42 2025] >> testing accuracy: 0.5852
[Mon Aug 11 15:20:42 2025] >> testing accuracy: 0.5852
[Mon Aug 11 15:20:45 2025] >> testing accuracy: 0.5739
[Mon Aug 11 15:20:48 2025] >> testing accuracy: 0.5741
[Mon Aug 11 15:20:48 2025] >> testing accuracy: 0.5741
[Mon Aug 11 15:20:50 2025] >> testing accuracy: 0.5627
[Mon Aug 11 15:20:50 2025] >> testing accuracy: 0.5627
[Mon Aug 11 15:20:50 2025] >> 
[Mon Aug 11 15:20:50 2025] >> network: vgg19ManiCifar10
[Mon Aug 11 15:20:52 2025] >> testing accuracy: 0.8891
[Mon Aug 11 15:20:52 2025] >> testing accuracy: 0.8891
[Mon Aug 11 15:20:52 2025] >> testing accuracy: 0.8891
[Mon Aug 11 15:20:52 2025] >> testing accuracy: 0.8891
[Mon Aug 11 15:20:52 2025] >> testing accuracy: 0.8891
[Mon Aug 11 15:20:52 2025] >> testing accuracy: 0.8891
[Mon Aug 11 15:20:52 2025] >> testing accuracy: 0.8891
[Mon Aug 11 15:20:52 2025] >> testing accuracy: 0.8891
[Mon Aug 11 15:20:52 2025] >> testing accuracy: 0.8891
[Mon Aug 11 15:20:52 2025] >> testing accuracy: 0.8891
[Mon Aug 11 15:20:52 2025] >> testing accuracy: 0.8891
[Mon Aug 11 15:20:52 2025] >> testing accuracy: 0.8891
[Mon Aug 11 15:20:52 2025] >> testing accuracy: 0.8891
[Mon Aug 11 15:20:52 2025] >> testing accuracy: 0.8891
[Mon Aug 11 15:20:52 2025] >> testing accuracy: 0.8891
[Mon Aug 11 15:20:52 2025] >> testing accuracy: 0.8891
[Mon Aug 11 15:20:52 2025] >> testing accuracy: 0.8891
[Mon Aug 11 15:20:52 2025] >> testing accuracy: 0.8891
[Mon Aug 11 15:20:52 2025] >> testing accuracy: 0.8891
[Mon Aug 11 15:20:52 2025] >> testing accuracy: 0.8891
[Mon Aug 11 15:20:52 2025] >> testing accuracy: 0.8891
[Mon Aug 11 15:20:52 2025] >> testing accuracy: 0.8891
[Mon Aug 11 15:20:52 2025] >> testing accuracy: 0.8891
[Mon Aug 11 15:20:52 2025] >> testing accuracy: 0.8891
[Mon Aug 11 15:20:52 2025] >> testing accuracy: 0.8891
[Mon Aug 11 15:20:52 2025] >> testing accuracy: 0.8891
[Mon Aug 11 15:20:52 2025] >> testing accuracy: 0.8891
[Mon Aug 11 15:20:52 2025] >> testing accuracy: 0.8891
[Mon Aug 11 15:20:52 2025] >> testing accuracy: 0.8891
[Mon Aug 11 15:20:52 2025] >> testing accuracy: 0.8891
[Mon Aug 11 15:20:52 2025] >> testing accuracy: 0.8891
[Mon Aug 11 15:20:52 2025] >> testing accuracy: 0.8891
[Mon Aug 11 15:20:52 2025] >> testing accuracy: 0.8891
[Mon Aug 11 15:20:52 2025] >> testing accuracy: 0.8891
[Mon Aug 11 15:20:52 2025] >> testing accuracy: 0.8891
[Mon Aug 11 15:20:52 2025] >> testing accuracy: 0.8891
[Mon Aug 11 15:20:52 2025] >> testing accuracy: 0.8891
[Mon Aug 11 15:20:52 2025] >> testing accuracy: 0.8891
[Mon Aug 11 15:20:52 2025] >> testing accuracy: 0.8891
[Mon Aug 11 15:20:52 2025] >> testing accuracy: 0.8891
[Mon Aug 11 15:20:52 2025] >> testing accuracy: 0.8891
[Mon Aug 11 15:20:52 2025] >> testing accuracy: 0.8891
[Mon Aug 11 15:20:52 2025] >> testing accuracy: 0.8891
[Mon Aug 11 15:20:52 2025] >> testing accuracy: 0.8891
[Mon Aug 11 15:20:52 2025] >> testing accuracy: 0.8891
[Mon Aug 11 15:20:52 2025] >> testing accuracy: 0.8891
[Mon Aug 11 15:20:52 2025] >> testing accuracy: 0.8891
[Mon Aug 11 15:20:52 2025] >> testing accuracy: 0.8891
[Mon Aug 11 15:20:52 2025] >> testing accuracy: 0.8891
[Mon Aug 11 15:20:52 2025] >> testing accuracy: 0.8891
[Mon Aug 11 15:20:52 2025] >> testing accuracy: 0.8891
[Mon Aug 11 15:20:52 2025] >> testing accuracy: 0.8891
[Mon Aug 11 15:20:52 2025] >> testing accuracy: 0.8891
[Mon Aug 11 15:20:52 2025] >> testing accuracy: 0.8891
[Mon Aug 11 15:20:52 2025] >> testing accuracy: 0.8891
[Mon Aug 11 15:20:52 2025] >> testing accuracy: 0.8891
[Mon Aug 11 15:20:52 2025] >> testing accuracy: 0.8891
[Mon Aug 11 15:20:52 2025] >> testing accuracy: 0.8891
[Mon Aug 11 15:20:52 2025] >> testing accuracy: 0.8891
[Mon Aug 11 15:20:52 2025] >> testing accuracy: 0.8891
[Mon Aug 11 15:20:52 2025] >> testing accuracy: 0.8891
[Mon Aug 11 15:20:52 2025] >> testing accuracy: 0.8891
[Mon Aug 11 15:20:52 2025] >> testing accuracy: 0.8891
[Mon Aug 11 15:20:52 2025] >> testing accuracy: 0.8891
[Mon Aug 11 15:20:52 2025] >> testing accuracy: 0.8891
[Mon Aug 11 15:20:52 2025] >> testing accuracy: 0.8891
[Mon Aug 11 15:20:52 2025] >> testing accuracy: 0.8891
[Mon Aug 11 15:20:52 2025] >> testing accuracy: 0.8891
[Mon Aug 11 15:20:52 2025] >> testing accuracy: 0.8891
[Mon Aug 11 15:20:52 2025] >> testing accuracy: 0.8891
[Mon Aug 11 15:20:52 2025] >> testing accuracy: 0.8891
[Mon Aug 11 15:20:52 2025] >> testing accuracy: 0.8891
[Mon Aug 11 15:20:52 2025] >> testing accuracy: 0.8891
[Mon Aug 11 15:20:52 2025] >> testing accuracy: 0.8891
[Mon Aug 11 15:20:52 2025] >> testing accuracy: 0.8891
[Mon Aug 11 15:20:52 2025] >> testing accuracy: 0.8891
[Mon Aug 11 15:20:52 2025] >> testing accuracy: 0.8891
[Mon Aug 11 15:20:52 2025] >> testing accuracy: 0.8891
[Mon Aug 11 15:20:52 2025] >> testing accuracy: 0.8891
[Mon Aug 11 15:20:52 2025] >> testing accuracy: 0.8891
[Mon Aug 11 15:20:52 2025] >> testing accuracy: 0.8891
[Mon Aug 11 15:20:52 2025] >> testing accuracy: 0.8891
[Mon Aug 11 15:20:52 2025] >> testing accuracy: 0.8891
[Mon Aug 11 15:20:52 2025] >> testing accuracy: 0.8891
[Mon Aug 11 15:20:52 2025] >> testing accuracy: 0.8891
[Mon Aug 11 15:20:52 2025] >> testing accuracy: 0.8891
[Mon Aug 11 15:20:52 2025] >> testing accuracy: 0.8891
[Mon Aug 11 15:20:52 2025] >> testing accuracy: 0.8891
[Mon Aug 11 15:20:52 2025] >> testing accuracy: 0.8891
[Mon Aug 11 15:20:52 2025] >> testing accuracy: 0.8891
[Mon Aug 11 15:20:52 2025] >> testing accuracy: 0.8891
[Mon Aug 11 15:20:52 2025] >> testing accuracy: 0.8891
[Mon Aug 11 15:20:52 2025] >> testing accuracy: 0.8891
[Mon Aug 11 15:20:52 2025] >> testing accuracy: 0.8891
[Mon Aug 11 15:20:52 2025] >> testing accuracy: 0.8891
[Mon Aug 11 15:20:52 2025] >> testing accuracy: 0.8891
[Mon Aug 11 15:20:52 2025] >> testing accuracy: 0.8891
[Mon Aug 11 15:20:52 2025] >> testing accuracy: 0.8891
[Mon Aug 11 15:20:52 2025] >> testing accuracy: 0.8891
[Mon Aug 11 15:20:52 2025] >> testing accuracy: 0.8891
[Mon Aug 11 15:20:52 2025] >> testing accuracy: 0.8891
[Mon Aug 11 15:20:52 2025] >> testing accuracy: 0.8891
[Mon Aug 11 15:20:52 2025] >> testing accuracy: 0.8891
[Mon Aug 11 15:20:52 2025] >> testing accuracy: 0.8891
[Mon Aug 11 15:20:52 2025] >> testing accuracy: 0.8891
[Mon Aug 11 15:20:52 2025] >> testing accuracy: 0.8891
[Mon Aug 11 15:20:52 2025] >> testing accuracy: 0.8891
[Mon Aug 11 15:20:52 2025] >> testing accuracy: 0.8891
[Mon Aug 11 15:20:55 2025] >> testing accuracy: 0.8885
[Mon Aug 11 15:20:55 2025] >> testing accuracy: 0.8885
[Mon Aug 11 15:20:55 2025] >> testing accuracy: 0.8885
[Mon Aug 11 15:20:55 2025] >> testing accuracy: 0.8885
[Mon Aug 11 15:20:55 2025] >> testing accuracy: 0.8885
[Mon Aug 11 15:20:55 2025] >> testing accuracy: 0.8885
[Mon Aug 11 15:20:55 2025] >> testing accuracy: 0.8885
[Mon Aug 11 15:20:55 2025] >> testing accuracy: 0.8885
[Mon Aug 11 15:20:55 2025] >> testing accuracy: 0.8885
[Mon Aug 11 15:20:55 2025] >> testing accuracy: 0.8885
[Mon Aug 11 15:20:55 2025] >> testing accuracy: 0.8885
[Mon Aug 11 15:20:58 2025] >> testing accuracy: 0.8861
[Mon Aug 11 15:20:58 2025] >> testing accuracy: 0.8861
[Mon Aug 11 15:20:58 2025] >> testing accuracy: 0.8861
[Mon Aug 11 15:20:58 2025] >> testing accuracy: 0.8861
[Mon Aug 11 15:20:58 2025] >> testing accuracy: 0.8861
[Mon Aug 11 15:20:58 2025] >> testing accuracy: 0.8861
[Mon Aug 11 15:20:58 2025] >> testing accuracy: 0.8861
[Mon Aug 11 15:21:00 2025] >> testing accuracy: 0.8839
[Mon Aug 11 15:21:00 2025] >> testing accuracy: 0.8839
[Mon Aug 11 15:21:00 2025] >> testing accuracy: 0.8839
[Mon Aug 11 15:21:00 2025] >> testing accuracy: 0.8839
[Mon Aug 11 15:21:00 2025] >> testing accuracy: 0.8839
[Mon Aug 11 15:21:03 2025] >> testing accuracy: 0.8852
[Mon Aug 11 15:21:03 2025] >> testing accuracy: 0.8852
[Mon Aug 11 15:21:03 2025] >> testing accuracy: 0.8852
[Mon Aug 11 15:21:03 2025] >> testing accuracy: 0.8852
[Mon Aug 11 15:21:03 2025] >> testing accuracy: 0.8852
[Mon Aug 11 15:21:06 2025] >> testing accuracy: 0.8828
[Mon Aug 11 15:21:06 2025] >> testing accuracy: 0.8828
[Mon Aug 11 15:21:06 2025] >> testing accuracy: 0.8828
[Mon Aug 11 15:21:06 2025] >> testing accuracy: 0.8828
[Mon Aug 11 15:21:09 2025] >> testing accuracy: 0.8819
[Mon Aug 11 15:21:09 2025] >> testing accuracy: 0.8819
[Mon Aug 11 15:21:09 2025] >> testing accuracy: 0.8819
[Mon Aug 11 15:21:09 2025] >> testing accuracy: 0.8819
[Mon Aug 11 15:21:11 2025] >> testing accuracy: 0.8777
[Mon Aug 11 15:21:11 2025] >> testing accuracy: 0.8777
[Mon Aug 11 15:21:11 2025] >> testing accuracy: 0.8777
[Mon Aug 11 15:21:11 2025] >> testing accuracy: 0.8777
[Mon Aug 11 15:21:14 2025] >> testing accuracy: 0.8792
[Mon Aug 11 15:21:14 2025] >> testing accuracy: 0.8792
[Mon Aug 11 15:21:14 2025] >> testing accuracy: 0.8792
[Mon Aug 11 15:21:14 2025] >> testing accuracy: 0.8792
[Mon Aug 11 15:21:17 2025] >> testing accuracy: 0.8768
[Mon Aug 11 15:21:17 2025] >> testing accuracy: 0.8768
[Mon Aug 11 15:21:17 2025] >> testing accuracy: 0.8768
[Mon Aug 11 15:21:17 2025] >> testing accuracy: 0.8768
[Mon Aug 11 15:21:20 2025] >> testing accuracy: 0.8737
[Mon Aug 11 15:21:20 2025] >> testing accuracy: 0.8737
[Mon Aug 11 15:21:20 2025] >> testing accuracy: 0.8737
[Mon Aug 11 15:21:23 2025] >> testing accuracy: 0.8707
[Mon Aug 11 15:21:23 2025] >> testing accuracy: 0.8707
[Mon Aug 11 15:21:23 2025] >> testing accuracy: 0.8707
[Mon Aug 11 15:21:26 2025] >> testing accuracy: 0.8646
[Mon Aug 11 15:21:26 2025] >> testing accuracy: 0.8646
[Mon Aug 11 15:21:26 2025] >> testing accuracy: 0.8646
[Mon Aug 11 15:21:28 2025] >> testing accuracy: 0.8628
[Mon Aug 11 15:21:28 2025] >> testing accuracy: 0.8628
[Mon Aug 11 15:21:28 2025] >> testing accuracy: 0.8628
[Mon Aug 11 15:21:31 2025] >> testing accuracy: 0.8630
[Mon Aug 11 15:21:31 2025] >> testing accuracy: 0.8630
[Mon Aug 11 15:21:31 2025] >> testing accuracy: 0.8630
[Mon Aug 11 15:21:34 2025] >> testing accuracy: 0.8593
[Mon Aug 11 15:21:34 2025] >> testing accuracy: 0.8593
[Mon Aug 11 15:21:34 2025] >> testing accuracy: 0.8593
[Mon Aug 11 15:21:37 2025] >> testing accuracy: 0.8595
[Mon Aug 11 15:21:37 2025] >> testing accuracy: 0.8595
[Mon Aug 11 15:21:40 2025] >> testing accuracy: 0.8562
[Mon Aug 11 15:21:40 2025] >> testing accuracy: 0.8562
[Mon Aug 11 15:21:40 2025] >> testing accuracy: 0.8562
[Mon Aug 11 15:21:43 2025] >> testing accuracy: 0.8545
[Mon Aug 11 15:21:43 2025] >> testing accuracy: 0.8545
[Mon Aug 11 15:21:43 2025] >> testing accuracy: 0.8545
[Mon Aug 11 15:21:47 2025] >> testing accuracy: 0.8517
[Mon Aug 11 15:21:47 2025] >> testing accuracy: 0.8517
[Mon Aug 11 15:21:50 2025] >> testing accuracy: 0.8516
[Mon Aug 11 15:21:50 2025] >> testing accuracy: 0.8516
[Mon Aug 11 15:21:53 2025] >> testing accuracy: 0.8438
[Mon Aug 11 15:21:53 2025] >> testing accuracy: 0.8438
[Mon Aug 11 15:21:56 2025] >> testing accuracy: 0.8471
[Mon Aug 11 15:21:56 2025] >> testing accuracy: 0.8471
[Mon Aug 11 15:21:59 2025] >> testing accuracy: 0.8425
[Mon Aug 11 15:21:59 2025] >> testing accuracy: 0.8425
[Mon Aug 11 15:21:59 2025] >> testing accuracy: 0.8425
[Mon Aug 11 15:22:03 2025] >> testing accuracy: 0.8449
[Mon Aug 11 15:22:03 2025] >> testing accuracy: 0.8449
[Mon Aug 11 15:22:06 2025] >> testing accuracy: 0.8409
[Mon Aug 11 15:22:09 2025] >> testing accuracy: 0.8399
[Mon Aug 11 15:22:09 2025] >> testing accuracy: 0.8399
[Mon Aug 11 15:22:13 2025] >> testing accuracy: 0.8385
[Mon Aug 11 15:22:13 2025] >> testing accuracy: 0.8385
[Mon Aug 11 15:22:13 2025] >> 
[Mon Aug 11 15:22:13 2025] >> PROGRAM FINISHED

