[Fri Aug  8 10:58:32 2025] >> 
[Fri Aug  8 10:58:32 2025] >> PROGRAM START
[Fri Aug  8 10:58:32 2025] >> TRAIN FLAG: False
[Fri Aug  8 10:58:32 2025] >> DATA SET: Cifar10
[Fri Aug  8 10:58:32 2025] >> default_manipulate_range: 
[]
[Fri Aug  8 10:58:32 2025] >> error_in_time: 
[0.0, 0.0, 0.0, 0.0, 0.0, 0.0, 0.0, 0.0, 0.0, 0.0, 0.0, 0.0, 0.0, 0.0, 0.0, 0.0, 0.0, 0.0, 0.0, 0.0, 0.0, 0.0, 0.0, 0.0, 0.0, 0.0, 0.0, 0.0, 0.0, 0.0, 0.0, 0.0, 0.0, 0.0, 0.0, 0.0, 0.0, 0.0, 0.0, 0.0, 0.0, 0.0, 0.0, 0.0, 0.0, 0.0, 0.0, 0.0, 0.0, 0.0, 0.0, 0.0, 0.0, 0.0, 0.0, 0.0, 0.0, 0.0, 0.0, 0.0, 0.0, 0.0, 0.0, 0.0, 0.0, 0.0, 0.0, 0.0, 0.0, 0.0, 0.0, 0.0, 0.0, 0.0, 0.0, 0.0, 0.0, 0.0, 0.0, 0.0, 0.0, 0.0, 0.0, 0.0, 0.0, 0.0, 0.0, 0.0, 0.0, 0.0, 0.0, 0.0, 0.0, 0.0, 0.0, 0.0, 0.0, 0.0, 0.0, 0.0, 0.0, 0.0, 0.0, 0.0001, 0.0001, 0.0001, 0.0002, 0.0004, 0.0008, 0.0008, 0.0009, 0.001, 0.0011, 0.0017, 0.0017, 0.0017, 0.002, 0.0022, 0.0024, 0.0026, 0.0028, 0.003, 0.0032, 0.0034, 0.0039, 0.0041, 0.0041, 0.0045, 0.0048, 0.0052, 0.0055, 0.0058, 0.0062, 0.0065, 0.0072, 0.0078, 0.0084, 0.009, 0.0094, 0.0095, 0.0099, 0.0101, 0.0111, 0.0118, 0.0125, 0.0127, 0.013, 0.0133, 0.0139, 0.0141, 0.0147, 0.0148, 0.0154, 0.0158, 0.016, 0.0165, 0.0167, 0.0174, 0.0178, 0.0183, 0.0185, 0.0193, 0.0197, 0.0204, 0.0207, 0.0209, 0.0213, 0.0217, 0.0223, 0.0225, 0.0231, 0.0236, 0.0244, 0.0247, 0.0248, 0.0253, 0.0257, 0.0259, 0.0265, 0.0273, 0.0279, 0.0283, 0.0289, 0.0291, 0.0293, 0.0298, 0.0303, 0.0309, 0.0311, 0.032, 0.0325, 0.033, 0.0335, 0.0337, 0.0344, 0.0349, 0.0355, 0.0365, 0.0371, 0.0373]
[Fri Aug  8 10:58:32 2025] >> ---MAIN INFERENCE---
[Fri Aug  8 10:58:32 2025] >> network: darknetManiCifar10
[Fri Aug  8 10:58:34 2025] >> testing accuracy: 0.8351
[Fri Aug  8 10:58:34 2025] >> testing accuracy: 0.8351
[Fri Aug  8 10:58:34 2025] >> testing accuracy: 0.8351
[Fri Aug  8 10:58:34 2025] >> testing accuracy: 0.8351
[Fri Aug  8 10:58:34 2025] >> testing accuracy: 0.8351
[Fri Aug  8 10:58:34 2025] >> testing accuracy: 0.8351
[Fri Aug  8 10:58:34 2025] >> testing accuracy: 0.8351
[Fri Aug  8 10:58:34 2025] >> testing accuracy: 0.8351
[Fri Aug  8 10:58:34 2025] >> testing accuracy: 0.8351
[Fri Aug  8 10:58:34 2025] >> testing accuracy: 0.8351
[Fri Aug  8 10:58:34 2025] >> testing accuracy: 0.8351
[Fri Aug  8 10:58:34 2025] >> testing accuracy: 0.8351
[Fri Aug  8 10:58:34 2025] >> testing accuracy: 0.8351
[Fri Aug  8 10:58:34 2025] >> testing accuracy: 0.8351
[Fri Aug  8 10:58:34 2025] >> testing accuracy: 0.8351
[Fri Aug  8 10:58:34 2025] >> testing accuracy: 0.8351
[Fri Aug  8 10:58:34 2025] >> testing accuracy: 0.8351
[Fri Aug  8 10:58:34 2025] >> testing accuracy: 0.8351
[Fri Aug  8 10:58:34 2025] >> testing accuracy: 0.8351
[Fri Aug  8 10:58:34 2025] >> testing accuracy: 0.8351
[Fri Aug  8 10:58:34 2025] >> testing accuracy: 0.8351
[Fri Aug  8 10:58:34 2025] >> testing accuracy: 0.8351
[Fri Aug  8 10:58:34 2025] >> testing accuracy: 0.8351
[Fri Aug  8 10:58:34 2025] >> testing accuracy: 0.8351
[Fri Aug  8 10:58:34 2025] >> testing accuracy: 0.8351
[Fri Aug  8 10:58:34 2025] >> testing accuracy: 0.8351
[Fri Aug  8 10:58:34 2025] >> testing accuracy: 0.8351
[Fri Aug  8 10:58:34 2025] >> testing accuracy: 0.8351
[Fri Aug  8 10:58:34 2025] >> testing accuracy: 0.8351
[Fri Aug  8 10:58:34 2025] >> testing accuracy: 0.8351
[Fri Aug  8 10:58:34 2025] >> testing accuracy: 0.8351
[Fri Aug  8 10:58:34 2025] >> testing accuracy: 0.8351
[Fri Aug  8 10:58:34 2025] >> testing accuracy: 0.8351
[Fri Aug  8 10:58:34 2025] >> testing accuracy: 0.8351
[Fri Aug  8 10:58:34 2025] >> testing accuracy: 0.8351
[Fri Aug  8 10:58:34 2025] >> testing accuracy: 0.8351
[Fri Aug  8 10:58:34 2025] >> testing accuracy: 0.8351
[Fri Aug  8 10:58:34 2025] >> testing accuracy: 0.8351
[Fri Aug  8 10:58:34 2025] >> testing accuracy: 0.8351
[Fri Aug  8 10:58:34 2025] >> testing accuracy: 0.8351
[Fri Aug  8 10:58:34 2025] >> testing accuracy: 0.8351
[Fri Aug  8 10:58:34 2025] >> testing accuracy: 0.8351
[Fri Aug  8 10:58:34 2025] >> testing accuracy: 0.8351
[Fri Aug  8 10:58:34 2025] >> testing accuracy: 0.8351
[Fri Aug  8 10:58:34 2025] >> testing accuracy: 0.8351
[Fri Aug  8 10:58:34 2025] >> testing accuracy: 0.8351
[Fri Aug  8 10:58:34 2025] >> testing accuracy: 0.8351
[Fri Aug  8 10:58:34 2025] >> testing accuracy: 0.8351
[Fri Aug  8 10:58:34 2025] >> testing accuracy: 0.8351
[Fri Aug  8 10:58:34 2025] >> testing accuracy: 0.8351
[Fri Aug  8 10:58:34 2025] >> testing accuracy: 0.8351
[Fri Aug  8 10:58:34 2025] >> testing accuracy: 0.8351
[Fri Aug  8 10:58:34 2025] >> testing accuracy: 0.8351
[Fri Aug  8 10:58:34 2025] >> testing accuracy: 0.8351
[Fri Aug  8 10:58:34 2025] >> testing accuracy: 0.8351
[Fri Aug  8 10:58:34 2025] >> testing accuracy: 0.8351
[Fri Aug  8 10:58:34 2025] >> testing accuracy: 0.8351
[Fri Aug  8 10:58:34 2025] >> testing accuracy: 0.8351
[Fri Aug  8 10:58:34 2025] >> testing accuracy: 0.8351
[Fri Aug  8 10:58:34 2025] >> testing accuracy: 0.8351
[Fri Aug  8 10:58:34 2025] >> testing accuracy: 0.8351
[Fri Aug  8 10:58:34 2025] >> testing accuracy: 0.8351
[Fri Aug  8 10:58:34 2025] >> testing accuracy: 0.8351
[Fri Aug  8 10:58:34 2025] >> testing accuracy: 0.8351
[Fri Aug  8 10:58:34 2025] >> testing accuracy: 0.8351
[Fri Aug  8 10:58:34 2025] >> testing accuracy: 0.8351
[Fri Aug  8 10:58:34 2025] >> testing accuracy: 0.8351
[Fri Aug  8 10:58:34 2025] >> testing accuracy: 0.8351
[Fri Aug  8 10:58:34 2025] >> testing accuracy: 0.8351
[Fri Aug  8 10:58:34 2025] >> testing accuracy: 0.8351
[Fri Aug  8 10:58:34 2025] >> testing accuracy: 0.8351
[Fri Aug  8 10:58:34 2025] >> testing accuracy: 0.8351
[Fri Aug  8 10:58:34 2025] >> testing accuracy: 0.8351
[Fri Aug  8 10:58:34 2025] >> testing accuracy: 0.8351
[Fri Aug  8 10:58:34 2025] >> testing accuracy: 0.8351
[Fri Aug  8 10:58:34 2025] >> testing accuracy: 0.8351
[Fri Aug  8 10:58:34 2025] >> testing accuracy: 0.8351
[Fri Aug  8 10:58:34 2025] >> testing accuracy: 0.8351
[Fri Aug  8 10:58:34 2025] >> testing accuracy: 0.8351
[Fri Aug  8 10:58:34 2025] >> testing accuracy: 0.8351
[Fri Aug  8 10:58:34 2025] >> testing accuracy: 0.8351
[Fri Aug  8 10:58:34 2025] >> testing accuracy: 0.8351
[Fri Aug  8 10:58:34 2025] >> testing accuracy: 0.8351
[Fri Aug  8 10:58:34 2025] >> testing accuracy: 0.8351
[Fri Aug  8 10:58:34 2025] >> testing accuracy: 0.8351
[Fri Aug  8 10:58:34 2025] >> testing accuracy: 0.8351
[Fri Aug  8 10:58:34 2025] >> testing accuracy: 0.8351
[Fri Aug  8 10:58:34 2025] >> testing accuracy: 0.8351
[Fri Aug  8 10:58:34 2025] >> testing accuracy: 0.8351
[Fri Aug  8 10:58:34 2025] >> testing accuracy: 0.8351
[Fri Aug  8 10:58:34 2025] >> testing accuracy: 0.8351
[Fri Aug  8 10:58:34 2025] >> testing accuracy: 0.8351
[Fri Aug  8 10:58:34 2025] >> testing accuracy: 0.8351
[Fri Aug  8 10:58:34 2025] >> testing accuracy: 0.8351
[Fri Aug  8 10:58:34 2025] >> testing accuracy: 0.8351
[Fri Aug  8 10:58:34 2025] >> testing accuracy: 0.8351
[Fri Aug  8 10:58:34 2025] >> testing accuracy: 0.8351
[Fri Aug  8 10:58:34 2025] >> testing accuracy: 0.8351
[Fri Aug  8 10:58:34 2025] >> testing accuracy: 0.8351
[Fri Aug  8 10:58:34 2025] >> testing accuracy: 0.8351
[Fri Aug  8 10:58:34 2025] >> testing accuracy: 0.8351
[Fri Aug  8 10:58:34 2025] >> testing accuracy: 0.8351
[Fri Aug  8 10:58:34 2025] >> testing accuracy: 0.8351
[Fri Aug  8 10:58:37 2025] >> testing accuracy: 0.8346
[Fri Aug  8 10:58:37 2025] >> testing accuracy: 0.8346
[Fri Aug  8 10:58:37 2025] >> testing accuracy: 0.8346
[Fri Aug  8 10:58:40 2025] >> testing accuracy: 0.8321
[Fri Aug  8 10:58:42 2025] >> testing accuracy: 0.8316
[Fri Aug  8 10:58:45 2025] >> testing accuracy: 0.8277
[Fri Aug  8 10:58:45 2025] >> testing accuracy: 0.8277
[Fri Aug  8 10:58:48 2025] >> testing accuracy: 0.8297
[Fri Aug  8 10:58:50 2025] >> testing accuracy: 0.8290
[Fri Aug  8 10:58:53 2025] >> testing accuracy: 0.8282
[Fri Aug  8 10:58:56 2025] >> testing accuracy: 0.8222
[Fri Aug  8 10:58:56 2025] >> testing accuracy: 0.8222
[Fri Aug  8 10:58:56 2025] >> testing accuracy: 0.8222
[Fri Aug  8 10:58:59 2025] >> testing accuracy: 0.8176
[Fri Aug  8 10:59:02 2025] >> testing accuracy: 0.8194
[Fri Aug  8 10:59:05 2025] >> testing accuracy: 0.8167
[Fri Aug  8 10:59:07 2025] >> testing accuracy: 0.8144
[Fri Aug  8 10:59:10 2025] >> testing accuracy: 0.8132
[Fri Aug  8 10:59:13 2025] >> testing accuracy: 0.8126
[Fri Aug  8 10:59:15 2025] >> testing accuracy: 0.8101
[Fri Aug  8 10:59:18 2025] >> testing accuracy: 0.8061
[Fri Aug  8 10:59:21 2025] >> testing accuracy: 0.8015
[Fri Aug  8 10:59:23 2025] >> testing accuracy: 0.7992
[Fri Aug  8 10:59:23 2025] >> testing accuracy: 0.7992
[Fri Aug  8 10:59:26 2025] >> testing accuracy: 0.7998
[Fri Aug  8 10:59:29 2025] >> testing accuracy: 0.7965
[Fri Aug  8 10:59:32 2025] >> testing accuracy: 0.7887
[Fri Aug  8 10:59:34 2025] >> testing accuracy: 0.7898
[Fri Aug  8 10:59:37 2025] >> testing accuracy: 0.7867
[Fri Aug  8 10:59:40 2025] >> testing accuracy: 0.7773
[Fri Aug  8 10:59:43 2025] >> testing accuracy: 0.7760
[Fri Aug  8 10:59:45 2025] >> testing accuracy: 0.7692
[Fri Aug  8 10:59:48 2025] >> testing accuracy: 0.7613
[Fri Aug  8 10:59:51 2025] >> testing accuracy: 0.7559
[Fri Aug  8 10:59:54 2025] >> testing accuracy: 0.7489
[Fri Aug  8 10:59:56 2025] >> testing accuracy: 0.7422
[Fri Aug  8 10:59:59 2025] >> testing accuracy: 0.7400
[Fri Aug  8 11:00:02 2025] >> testing accuracy: 0.7349
[Fri Aug  8 11:00:05 2025] >> testing accuracy: 0.7303
[Fri Aug  8 11:00:08 2025] >> testing accuracy: 0.7123
[Fri Aug  8 11:00:10 2025] >> testing accuracy: 0.7075
[Fri Aug  8 11:00:13 2025] >> testing accuracy: 0.6952
[Fri Aug  8 11:00:16 2025] >> testing accuracy: 0.6898
[Fri Aug  8 11:00:19 2025] >> testing accuracy: 0.6830
[Fri Aug  8 11:00:22 2025] >> testing accuracy: 0.6826
[Fri Aug  8 11:00:25 2025] >> testing accuracy: 0.6647
[Fri Aug  8 11:00:27 2025] >> testing accuracy: 0.6643
[Fri Aug  8 11:00:30 2025] >> testing accuracy: 0.6593
[Fri Aug  8 11:00:33 2025] >> testing accuracy: 0.6492
[Fri Aug  8 11:00:36 2025] >> testing accuracy: 0.6413
[Fri Aug  8 11:00:39 2025] >> testing accuracy: 0.6343
[Fri Aug  8 11:00:42 2025] >> testing accuracy: 0.6328
[Fri Aug  8 11:00:44 2025] >> testing accuracy: 0.6201
[Fri Aug  8 11:00:47 2025] >> testing accuracy: 0.6185
[Fri Aug  8 11:00:50 2025] >> testing accuracy: 0.6023
[Fri Aug  8 11:00:53 2025] >> testing accuracy: 0.5940
[Fri Aug  8 11:00:55 2025] >> testing accuracy: 0.5958
[Fri Aug  8 11:00:58 2025] >> testing accuracy: 0.5893
[Fri Aug  8 11:01:01 2025] >> testing accuracy: 0.5770
[Fri Aug  8 11:01:04 2025] >> testing accuracy: 0.5631
[Fri Aug  8 11:01:06 2025] >> testing accuracy: 0.5595
[Fri Aug  8 11:01:09 2025] >> testing accuracy: 0.5608
[Fri Aug  8 11:01:12 2025] >> testing accuracy: 0.5530
[Fri Aug  8 11:01:15 2025] >> testing accuracy: 0.5519
[Fri Aug  8 11:01:17 2025] >> testing accuracy: 0.5451
[Fri Aug  8 11:01:20 2025] >> testing accuracy: 0.5395
[Fri Aug  8 11:01:23 2025] >> testing accuracy: 0.5453
[Fri Aug  8 11:01:26 2025] >> testing accuracy: 0.5351
[Fri Aug  8 11:01:29 2025] >> testing accuracy: 0.5256
[Fri Aug  8 11:01:31 2025] >> testing accuracy: 0.5209
[Fri Aug  8 11:01:34 2025] >> testing accuracy: 0.5261
[Fri Aug  8 11:01:37 2025] >> testing accuracy: 0.5219
[Fri Aug  8 11:01:40 2025] >> testing accuracy: 0.5245
[Fri Aug  8 11:01:43 2025] >> testing accuracy: 0.5182
[Fri Aug  8 11:01:45 2025] >> testing accuracy: 0.5189
[Fri Aug  8 11:01:48 2025] >> testing accuracy: 0.5131
[Fri Aug  8 11:01:51 2025] >> testing accuracy: 0.5083
[Fri Aug  8 11:01:54 2025] >> testing accuracy: 0.5054
[Fri Aug  8 11:01:57 2025] >> testing accuracy: 0.4983
[Fri Aug  8 11:02:00 2025] >> testing accuracy: 0.4878
[Fri Aug  8 11:02:02 2025] >> testing accuracy: 0.4904
[Fri Aug  8 11:02:05 2025] >> testing accuracy: 0.4967
[Fri Aug  8 11:02:08 2025] >> testing accuracy: 0.4902
[Fri Aug  8 11:02:11 2025] >> testing accuracy: 0.4861
[Fri Aug  8 11:02:14 2025] >> testing accuracy: 0.4799
[Fri Aug  8 11:02:17 2025] >> testing accuracy: 0.4831
[Fri Aug  8 11:02:20 2025] >> testing accuracy: 0.4688
[Fri Aug  8 11:02:23 2025] >> testing accuracy: 0.4712
[Fri Aug  8 11:02:26 2025] >> testing accuracy: 0.4724
[Fri Aug  8 11:02:28 2025] >> testing accuracy: 0.4602
[Fri Aug  8 11:02:31 2025] >> testing accuracy: 0.4605
[Fri Aug  8 11:02:34 2025] >> testing accuracy: 0.4514
[Fri Aug  8 11:02:37 2025] >> testing accuracy: 0.4565
[Fri Aug  8 11:02:40 2025] >> testing accuracy: 0.4529
[Fri Aug  8 11:02:43 2025] >> testing accuracy: 0.4458
[Fri Aug  8 11:02:46 2025] >> testing accuracy: 0.4353
[Fri Aug  8 11:02:49 2025] >> testing accuracy: 0.4471
[Fri Aug  8 11:02:49 2025] >> 
[Fri Aug  8 11:02:49 2025] >> network: squeezenetManiCifar10
[Fri Aug  8 11:02:51 2025] >> testing accuracy: 0.8350
[Fri Aug  8 11:02:51 2025] >> testing accuracy: 0.8350
[Fri Aug  8 11:02:51 2025] >> testing accuracy: 0.8350
[Fri Aug  8 11:02:51 2025] >> testing accuracy: 0.8350
[Fri Aug  8 11:02:51 2025] >> testing accuracy: 0.8350
[Fri Aug  8 11:02:51 2025] >> testing accuracy: 0.8350
[Fri Aug  8 11:02:51 2025] >> testing accuracy: 0.8350
[Fri Aug  8 11:02:51 2025] >> testing accuracy: 0.8350
[Fri Aug  8 11:02:51 2025] >> testing accuracy: 0.8350
[Fri Aug  8 11:02:51 2025] >> testing accuracy: 0.8350
[Fri Aug  8 11:02:51 2025] >> testing accuracy: 0.8350
[Fri Aug  8 11:02:51 2025] >> testing accuracy: 0.8350
[Fri Aug  8 11:02:51 2025] >> testing accuracy: 0.8350
[Fri Aug  8 11:02:51 2025] >> testing accuracy: 0.8350
[Fri Aug  8 11:02:51 2025] >> testing accuracy: 0.8350
[Fri Aug  8 11:02:51 2025] >> testing accuracy: 0.8350
[Fri Aug  8 11:02:51 2025] >> testing accuracy: 0.8350
[Fri Aug  8 11:02:51 2025] >> testing accuracy: 0.8350
[Fri Aug  8 11:02:51 2025] >> testing accuracy: 0.8350
[Fri Aug  8 11:02:51 2025] >> testing accuracy: 0.8350
[Fri Aug  8 11:02:51 2025] >> testing accuracy: 0.8350
[Fri Aug  8 11:02:51 2025] >> testing accuracy: 0.8350
[Fri Aug  8 11:02:51 2025] >> testing accuracy: 0.8350
[Fri Aug  8 11:02:51 2025] >> testing accuracy: 0.8350
[Fri Aug  8 11:02:51 2025] >> testing accuracy: 0.8350
[Fri Aug  8 11:02:51 2025] >> testing accuracy: 0.8350
[Fri Aug  8 11:02:51 2025] >> testing accuracy: 0.8350
[Fri Aug  8 11:02:51 2025] >> testing accuracy: 0.8350
[Fri Aug  8 11:02:51 2025] >> testing accuracy: 0.8350
[Fri Aug  8 11:02:51 2025] >> testing accuracy: 0.8350
[Fri Aug  8 11:02:51 2025] >> testing accuracy: 0.8350
[Fri Aug  8 11:02:51 2025] >> testing accuracy: 0.8350
[Fri Aug  8 11:02:51 2025] >> testing accuracy: 0.8350
[Fri Aug  8 11:02:51 2025] >> testing accuracy: 0.8350
[Fri Aug  8 11:02:51 2025] >> testing accuracy: 0.8350
[Fri Aug  8 11:02:51 2025] >> testing accuracy: 0.8350
[Fri Aug  8 11:02:51 2025] >> testing accuracy: 0.8350
[Fri Aug  8 11:02:51 2025] >> testing accuracy: 0.8350
[Fri Aug  8 11:02:51 2025] >> testing accuracy: 0.8350
[Fri Aug  8 11:02:51 2025] >> testing accuracy: 0.8350
[Fri Aug  8 11:02:51 2025] >> testing accuracy: 0.8350
[Fri Aug  8 11:02:51 2025] >> testing accuracy: 0.8350
[Fri Aug  8 11:02:51 2025] >> testing accuracy: 0.8350
[Fri Aug  8 11:02:51 2025] >> testing accuracy: 0.8350
[Fri Aug  8 11:02:51 2025] >> testing accuracy: 0.8350
[Fri Aug  8 11:02:51 2025] >> testing accuracy: 0.8350
[Fri Aug  8 11:02:51 2025] >> testing accuracy: 0.8350
[Fri Aug  8 11:02:51 2025] >> testing accuracy: 0.8350
[Fri Aug  8 11:02:51 2025] >> testing accuracy: 0.8350
[Fri Aug  8 11:02:51 2025] >> testing accuracy: 0.8350
[Fri Aug  8 11:02:51 2025] >> testing accuracy: 0.8350
[Fri Aug  8 11:02:51 2025] >> testing accuracy: 0.8350
[Fri Aug  8 11:02:51 2025] >> testing accuracy: 0.8350
[Fri Aug  8 11:02:51 2025] >> testing accuracy: 0.8350
[Fri Aug  8 11:02:51 2025] >> testing accuracy: 0.8350
[Fri Aug  8 11:02:51 2025] >> testing accuracy: 0.8350
[Fri Aug  8 11:02:51 2025] >> testing accuracy: 0.8350
[Fri Aug  8 11:02:51 2025] >> testing accuracy: 0.8350
[Fri Aug  8 11:02:51 2025] >> testing accuracy: 0.8350
[Fri Aug  8 11:02:51 2025] >> testing accuracy: 0.8350
[Fri Aug  8 11:02:51 2025] >> testing accuracy: 0.8350
[Fri Aug  8 11:02:51 2025] >> testing accuracy: 0.8350
[Fri Aug  8 11:02:51 2025] >> testing accuracy: 0.8350
[Fri Aug  8 11:02:51 2025] >> testing accuracy: 0.8350
[Fri Aug  8 11:02:51 2025] >> testing accuracy: 0.8350
[Fri Aug  8 11:02:51 2025] >> testing accuracy: 0.8350
[Fri Aug  8 11:02:51 2025] >> testing accuracy: 0.8350
[Fri Aug  8 11:02:51 2025] >> testing accuracy: 0.8350
[Fri Aug  8 11:02:51 2025] >> testing accuracy: 0.8350
[Fri Aug  8 11:02:51 2025] >> testing accuracy: 0.8350
[Fri Aug  8 11:02:51 2025] >> testing accuracy: 0.8350
[Fri Aug  8 11:02:51 2025] >> testing accuracy: 0.8350
[Fri Aug  8 11:02:51 2025] >> testing accuracy: 0.8350
[Fri Aug  8 11:02:51 2025] >> testing accuracy: 0.8350
[Fri Aug  8 11:02:51 2025] >> testing accuracy: 0.8350
[Fri Aug  8 11:02:51 2025] >> testing accuracy: 0.8350
[Fri Aug  8 11:02:51 2025] >> testing accuracy: 0.8350
[Fri Aug  8 11:02:51 2025] >> testing accuracy: 0.8350
[Fri Aug  8 11:02:51 2025] >> testing accuracy: 0.8350
[Fri Aug  8 11:02:51 2025] >> testing accuracy: 0.8350
[Fri Aug  8 11:02:51 2025] >> testing accuracy: 0.8350
[Fri Aug  8 11:02:51 2025] >> testing accuracy: 0.8350
[Fri Aug  8 11:02:51 2025] >> testing accuracy: 0.8350
[Fri Aug  8 11:02:51 2025] >> testing accuracy: 0.8350
[Fri Aug  8 11:02:51 2025] >> testing accuracy: 0.8350
[Fri Aug  8 11:02:51 2025] >> testing accuracy: 0.8350
[Fri Aug  8 11:02:51 2025] >> testing accuracy: 0.8350
[Fri Aug  8 11:02:51 2025] >> testing accuracy: 0.8350
[Fri Aug  8 11:02:51 2025] >> testing accuracy: 0.8350
[Fri Aug  8 11:02:51 2025] >> testing accuracy: 0.8350
[Fri Aug  8 11:02:51 2025] >> testing accuracy: 0.8350
[Fri Aug  8 11:02:51 2025] >> testing accuracy: 0.8350
[Fri Aug  8 11:02:51 2025] >> testing accuracy: 0.8350
[Fri Aug  8 11:02:51 2025] >> testing accuracy: 0.8350
[Fri Aug  8 11:02:51 2025] >> testing accuracy: 0.8350
[Fri Aug  8 11:02:51 2025] >> testing accuracy: 0.8350
[Fri Aug  8 11:02:51 2025] >> testing accuracy: 0.8350
[Fri Aug  8 11:02:51 2025] >> testing accuracy: 0.8350
[Fri Aug  8 11:02:51 2025] >> testing accuracy: 0.8350
[Fri Aug  8 11:02:51 2025] >> testing accuracy: 0.8350
[Fri Aug  8 11:02:51 2025] >> testing accuracy: 0.8350
[Fri Aug  8 11:02:51 2025] >> testing accuracy: 0.8350
[Fri Aug  8 11:02:51 2025] >> testing accuracy: 0.8350
[Fri Aug  8 11:02:54 2025] >> testing accuracy: 0.8311
[Fri Aug  8 11:02:54 2025] >> testing accuracy: 0.8311
[Fri Aug  8 11:02:54 2025] >> testing accuracy: 0.8311
[Fri Aug  8 11:02:57 2025] >> testing accuracy: 0.8229
[Fri Aug  8 11:03:00 2025] >> testing accuracy: 0.8052
[Fri Aug  8 11:03:03 2025] >> testing accuracy: 0.7758
[Fri Aug  8 11:03:03 2025] >> testing accuracy: 0.7758
[Fri Aug  8 11:03:06 2025] >> testing accuracy: 0.7768
[Fri Aug  8 11:03:09 2025] >> testing accuracy: 0.7630
[Fri Aug  8 11:03:12 2025] >> testing accuracy: 0.7559
[Fri Aug  8 11:03:15 2025] >> testing accuracy: 0.7116
[Fri Aug  8 11:03:15 2025] >> testing accuracy: 0.7116
[Fri Aug  8 11:03:15 2025] >> testing accuracy: 0.7116
[Fri Aug  8 11:03:18 2025] >> testing accuracy: 0.6802
[Fri Aug  8 11:03:21 2025] >> testing accuracy: 0.6674
[Fri Aug  8 11:03:24 2025] >> testing accuracy: 0.6481
[Fri Aug  8 11:03:27 2025] >> testing accuracy: 0.6271
[Fri Aug  8 11:03:30 2025] >> testing accuracy: 0.6211
[Fri Aug  8 11:03:33 2025] >> testing accuracy: 0.5882
[Fri Aug  8 11:03:36 2025] >> testing accuracy: 0.5886
[Fri Aug  8 11:03:39 2025] >> testing accuracy: 0.5787
[Fri Aug  8 11:03:42 2025] >> testing accuracy: 0.5308
[Fri Aug  8 11:03:45 2025] >> testing accuracy: 0.5239
[Fri Aug  8 11:03:45 2025] >> testing accuracy: 0.5239
[Fri Aug  8 11:03:48 2025] >> testing accuracy: 0.4954
[Fri Aug  8 11:03:51 2025] >> testing accuracy: 0.4758
[Fri Aug  8 11:03:54 2025] >> testing accuracy: 0.4471
[Fri Aug  8 11:03:57 2025] >> testing accuracy: 0.4273
[Fri Aug  8 11:04:00 2025] >> testing accuracy: 0.4102
[Fri Aug  8 11:04:03 2025] >> testing accuracy: 0.3919
[Fri Aug  8 11:04:06 2025] >> testing accuracy: 0.3700
[Fri Aug  8 11:04:09 2025] >> testing accuracy: 0.3489
[Fri Aug  8 11:04:12 2025] >> testing accuracy: 0.3150
[Fri Aug  8 11:04:15 2025] >> testing accuracy: 0.2973
[Fri Aug  8 11:04:18 2025] >> testing accuracy: 0.2766
[Fri Aug  8 11:04:21 2025] >> testing accuracy: 0.2674
[Fri Aug  8 11:04:24 2025] >> testing accuracy: 0.2735
[Fri Aug  8 11:04:28 2025] >> testing accuracy: 0.2579
[Fri Aug  8 11:04:31 2025] >> testing accuracy: 0.2489
[Fri Aug  8 11:04:34 2025] >> testing accuracy: 0.2338
[Fri Aug  8 11:04:37 2025] >> testing accuracy: 0.2292
[Fri Aug  8 11:04:41 2025] >> testing accuracy: 0.2272
[Fri Aug  8 11:04:44 2025] >> testing accuracy: 0.2254
[Fri Aug  8 11:04:48 2025] >> testing accuracy: 0.2197
[Fri Aug  8 11:04:51 2025] >> testing accuracy: 0.2189
[Fri Aug  8 11:04:54 2025] >> testing accuracy: 0.2125
[Fri Aug  8 11:04:58 2025] >> testing accuracy: 0.2167
[Fri Aug  8 11:05:01 2025] >> testing accuracy: 0.2112
[Fri Aug  8 11:05:04 2025] >> testing accuracy: 0.2150
[Fri Aug  8 11:05:08 2025] >> testing accuracy: 0.2087
[Fri Aug  8 11:05:11 2025] >> testing accuracy: 0.2126
[Fri Aug  8 11:05:15 2025] >> testing accuracy: 0.2069
[Fri Aug  8 11:05:18 2025] >> testing accuracy: 0.2037
[Fri Aug  8 11:05:22 2025] >> testing accuracy: 0.2063
[Fri Aug  8 11:05:25 2025] >> testing accuracy: 0.2020
[Fri Aug  8 11:05:29 2025] >> testing accuracy: 0.1966
[Fri Aug  8 11:05:32 2025] >> testing accuracy: 0.2004
[Fri Aug  8 11:05:36 2025] >> testing accuracy: 0.1965
[Fri Aug  8 11:05:40 2025] >> testing accuracy: 0.1947
[Fri Aug  8 11:05:44 2025] >> testing accuracy: 0.1929
[Fri Aug  8 11:05:47 2025] >> testing accuracy: 0.1943
[Fri Aug  8 11:05:51 2025] >> testing accuracy: 0.1945
[Fri Aug  8 11:05:55 2025] >> testing accuracy: 0.1912
[Fri Aug  8 11:05:59 2025] >> testing accuracy: 0.1903
[Fri Aug  8 11:06:03 2025] >> testing accuracy: 0.1900
[Fri Aug  8 11:06:07 2025] >> testing accuracy: 0.1905
[Fri Aug  8 11:06:10 2025] >> testing accuracy: 0.1846
[Fri Aug  8 11:06:14 2025] >> testing accuracy: 0.1844
[Fri Aug  8 11:06:18 2025] >> testing accuracy: 0.1789
[Fri Aug  8 11:06:22 2025] >> testing accuracy: 0.1827
[Fri Aug  8 11:06:26 2025] >> testing accuracy: 0.1830
[Fri Aug  8 11:06:30 2025] >> testing accuracy: 0.1782
[Fri Aug  8 11:06:33 2025] >> testing accuracy: 0.1801
[Fri Aug  8 11:06:37 2025] >> testing accuracy: 0.1817
[Fri Aug  8 11:06:41 2025] >> testing accuracy: 0.1827
[Fri Aug  8 11:06:45 2025] >> testing accuracy: 0.1781
[Fri Aug  8 11:06:49 2025] >> testing accuracy: 0.1808
[Fri Aug  8 11:06:53 2025] >> testing accuracy: 0.1723
[Fri Aug  8 11:06:57 2025] >> testing accuracy: 0.1766
[Fri Aug  8 11:07:02 2025] >> testing accuracy: 0.1768
[Fri Aug  8 11:07:06 2025] >> testing accuracy: 0.1779
[Fri Aug  8 11:07:10 2025] >> testing accuracy: 0.1737
[Fri Aug  8 11:07:14 2025] >> testing accuracy: 0.1778
[Fri Aug  8 11:07:18 2025] >> testing accuracy: 0.1757
[Fri Aug  8 11:07:23 2025] >> testing accuracy: 0.1687
[Fri Aug  8 11:07:27 2025] >> testing accuracy: 0.1740
[Fri Aug  8 11:07:31 2025] >> testing accuracy: 0.1721
[Fri Aug  8 11:07:36 2025] >> testing accuracy: 0.1751
[Fri Aug  8 11:07:40 2025] >> testing accuracy: 0.1711
[Fri Aug  8 11:07:45 2025] >> testing accuracy: 0.1709
[Fri Aug  8 11:07:49 2025] >> testing accuracy: 0.1769
[Fri Aug  8 11:07:54 2025] >> testing accuracy: 0.1772
[Fri Aug  8 11:07:58 2025] >> testing accuracy: 0.1729
[Fri Aug  8 11:08:02 2025] >> testing accuracy: 0.1668
[Fri Aug  8 11:08:07 2025] >> testing accuracy: 0.1745
[Fri Aug  8 11:08:11 2025] >> testing accuracy: 0.1656
[Fri Aug  8 11:08:15 2025] >> testing accuracy: 0.1685
[Fri Aug  8 11:08:15 2025] >> 
[Fri Aug  8 11:08:15 2025] >> network: resnet18ManiCifar10
[Fri Aug  8 11:08:17 2025] >> testing accuracy: 0.8653
[Fri Aug  8 11:08:17 2025] >> testing accuracy: 0.8653
[Fri Aug  8 11:08:17 2025] >> testing accuracy: 0.8653
[Fri Aug  8 11:08:17 2025] >> testing accuracy: 0.8653
[Fri Aug  8 11:08:17 2025] >> testing accuracy: 0.8653
[Fri Aug  8 11:08:17 2025] >> testing accuracy: 0.8653
[Fri Aug  8 11:08:17 2025] >> testing accuracy: 0.8653
[Fri Aug  8 11:08:17 2025] >> testing accuracy: 0.8653
[Fri Aug  8 11:08:17 2025] >> testing accuracy: 0.8653
[Fri Aug  8 11:08:17 2025] >> testing accuracy: 0.8653
[Fri Aug  8 11:08:17 2025] >> testing accuracy: 0.8653
[Fri Aug  8 11:08:17 2025] >> testing accuracy: 0.8653
[Fri Aug  8 11:08:17 2025] >> testing accuracy: 0.8653
[Fri Aug  8 11:08:17 2025] >> testing accuracy: 0.8653
[Fri Aug  8 11:08:17 2025] >> testing accuracy: 0.8653
[Fri Aug  8 11:08:17 2025] >> testing accuracy: 0.8653
[Fri Aug  8 11:08:17 2025] >> testing accuracy: 0.8653
[Fri Aug  8 11:08:17 2025] >> testing accuracy: 0.8653
[Fri Aug  8 11:08:17 2025] >> testing accuracy: 0.8653
[Fri Aug  8 11:08:17 2025] >> testing accuracy: 0.8653
[Fri Aug  8 11:08:17 2025] >> testing accuracy: 0.8653
[Fri Aug  8 11:08:17 2025] >> testing accuracy: 0.8653
[Fri Aug  8 11:08:17 2025] >> testing accuracy: 0.8653
[Fri Aug  8 11:08:17 2025] >> testing accuracy: 0.8653
[Fri Aug  8 11:08:17 2025] >> testing accuracy: 0.8653
[Fri Aug  8 11:08:17 2025] >> testing accuracy: 0.8653
[Fri Aug  8 11:08:17 2025] >> testing accuracy: 0.8653
[Fri Aug  8 11:08:17 2025] >> testing accuracy: 0.8653
[Fri Aug  8 11:08:17 2025] >> testing accuracy: 0.8653
[Fri Aug  8 11:08:17 2025] >> testing accuracy: 0.8653
[Fri Aug  8 11:08:17 2025] >> testing accuracy: 0.8653
[Fri Aug  8 11:08:17 2025] >> testing accuracy: 0.8653
[Fri Aug  8 11:08:17 2025] >> testing accuracy: 0.8653
[Fri Aug  8 11:08:17 2025] >> testing accuracy: 0.8653
[Fri Aug  8 11:08:17 2025] >> testing accuracy: 0.8653
[Fri Aug  8 11:08:17 2025] >> testing accuracy: 0.8653
[Fri Aug  8 11:08:17 2025] >> testing accuracy: 0.8653
[Fri Aug  8 11:08:17 2025] >> testing accuracy: 0.8653
[Fri Aug  8 11:08:17 2025] >> testing accuracy: 0.8653
[Fri Aug  8 11:08:17 2025] >> testing accuracy: 0.8653
[Fri Aug  8 11:08:17 2025] >> testing accuracy: 0.8653
[Fri Aug  8 11:08:17 2025] >> testing accuracy: 0.8653
[Fri Aug  8 11:08:17 2025] >> testing accuracy: 0.8653
[Fri Aug  8 11:08:17 2025] >> testing accuracy: 0.8653
[Fri Aug  8 11:08:17 2025] >> testing accuracy: 0.8653
[Fri Aug  8 11:08:17 2025] >> testing accuracy: 0.8653
[Fri Aug  8 11:08:17 2025] >> testing accuracy: 0.8653
[Fri Aug  8 11:08:17 2025] >> testing accuracy: 0.8653
[Fri Aug  8 11:08:17 2025] >> testing accuracy: 0.8653
[Fri Aug  8 11:08:17 2025] >> testing accuracy: 0.8653
[Fri Aug  8 11:08:17 2025] >> testing accuracy: 0.8653
[Fri Aug  8 11:08:17 2025] >> testing accuracy: 0.8653
[Fri Aug  8 11:08:17 2025] >> testing accuracy: 0.8653
[Fri Aug  8 11:08:17 2025] >> testing accuracy: 0.8653
[Fri Aug  8 11:08:17 2025] >> testing accuracy: 0.8653
[Fri Aug  8 11:08:17 2025] >> testing accuracy: 0.8653
[Fri Aug  8 11:08:17 2025] >> testing accuracy: 0.8653
[Fri Aug  8 11:08:17 2025] >> testing accuracy: 0.8653
[Fri Aug  8 11:08:17 2025] >> testing accuracy: 0.8653
[Fri Aug  8 11:08:17 2025] >> testing accuracy: 0.8653
[Fri Aug  8 11:08:17 2025] >> testing accuracy: 0.8653
[Fri Aug  8 11:08:17 2025] >> testing accuracy: 0.8653
[Fri Aug  8 11:08:17 2025] >> testing accuracy: 0.8653
[Fri Aug  8 11:08:17 2025] >> testing accuracy: 0.8653
[Fri Aug  8 11:08:17 2025] >> testing accuracy: 0.8653
[Fri Aug  8 11:08:17 2025] >> testing accuracy: 0.8653
[Fri Aug  8 11:08:17 2025] >> testing accuracy: 0.8653
[Fri Aug  8 11:08:17 2025] >> testing accuracy: 0.8653
[Fri Aug  8 11:08:17 2025] >> testing accuracy: 0.8653
[Fri Aug  8 11:08:17 2025] >> testing accuracy: 0.8653
[Fri Aug  8 11:08:17 2025] >> testing accuracy: 0.8653
[Fri Aug  8 11:08:17 2025] >> testing accuracy: 0.8653
[Fri Aug  8 11:08:17 2025] >> testing accuracy: 0.8653
[Fri Aug  8 11:08:17 2025] >> testing accuracy: 0.8653
[Fri Aug  8 11:08:17 2025] >> testing accuracy: 0.8653
[Fri Aug  8 11:08:17 2025] >> testing accuracy: 0.8653
[Fri Aug  8 11:08:17 2025] >> testing accuracy: 0.8653
[Fri Aug  8 11:08:17 2025] >> testing accuracy: 0.8653
[Fri Aug  8 11:08:17 2025] >> testing accuracy: 0.8653
[Fri Aug  8 11:08:17 2025] >> testing accuracy: 0.8653
[Fri Aug  8 11:08:17 2025] >> testing accuracy: 0.8653
[Fri Aug  8 11:08:17 2025] >> testing accuracy: 0.8653
[Fri Aug  8 11:08:17 2025] >> testing accuracy: 0.8653
[Fri Aug  8 11:08:17 2025] >> testing accuracy: 0.8653
[Fri Aug  8 11:08:17 2025] >> testing accuracy: 0.8653
[Fri Aug  8 11:08:17 2025] >> testing accuracy: 0.8653
[Fri Aug  8 11:08:17 2025] >> testing accuracy: 0.8653
[Fri Aug  8 11:08:17 2025] >> testing accuracy: 0.8653
[Fri Aug  8 11:08:17 2025] >> testing accuracy: 0.8653
[Fri Aug  8 11:08:17 2025] >> testing accuracy: 0.8653
[Fri Aug  8 11:08:17 2025] >> testing accuracy: 0.8653
[Fri Aug  8 11:08:17 2025] >> testing accuracy: 0.8653
[Fri Aug  8 11:08:17 2025] >> testing accuracy: 0.8653
[Fri Aug  8 11:08:17 2025] >> testing accuracy: 0.8653
[Fri Aug  8 11:08:17 2025] >> testing accuracy: 0.8653
[Fri Aug  8 11:08:17 2025] >> testing accuracy: 0.8653
[Fri Aug  8 11:08:17 2025] >> testing accuracy: 0.8653
[Fri Aug  8 11:08:17 2025] >> testing accuracy: 0.8653
[Fri Aug  8 11:08:17 2025] >> testing accuracy: 0.8653
[Fri Aug  8 11:08:17 2025] >> testing accuracy: 0.8653
[Fri Aug  8 11:08:17 2025] >> testing accuracy: 0.8653
[Fri Aug  8 11:08:17 2025] >> testing accuracy: 0.8653
[Fri Aug  8 11:08:17 2025] >> testing accuracy: 0.8653
[Fri Aug  8 11:08:20 2025] >> testing accuracy: 0.8632
[Fri Aug  8 11:08:20 2025] >> testing accuracy: 0.8632
[Fri Aug  8 11:08:20 2025] >> testing accuracy: 0.8632
[Fri Aug  8 11:08:23 2025] >> testing accuracy: 0.8652
[Fri Aug  8 11:08:25 2025] >> testing accuracy: 0.8625
[Fri Aug  8 11:08:28 2025] >> testing accuracy: 0.8607
[Fri Aug  8 11:08:28 2025] >> testing accuracy: 0.8607
[Fri Aug  8 11:08:30 2025] >> testing accuracy: 0.8610
[Fri Aug  8 11:08:33 2025] >> testing accuracy: 0.8609
[Fri Aug  8 11:08:36 2025] >> testing accuracy: 0.8592
[Fri Aug  8 11:08:38 2025] >> testing accuracy: 0.8522
[Fri Aug  8 11:08:38 2025] >> testing accuracy: 0.8522
[Fri Aug  8 11:08:38 2025] >> testing accuracy: 0.8522
[Fri Aug  8 11:08:41 2025] >> testing accuracy: 0.8492
[Fri Aug  8 11:08:44 2025] >> testing accuracy: 0.8485
[Fri Aug  8 11:08:46 2025] >> testing accuracy: 0.8449
[Fri Aug  8 11:08:49 2025] >> testing accuracy: 0.8408
[Fri Aug  8 11:08:52 2025] >> testing accuracy: 0.8407
[Fri Aug  8 11:08:54 2025] >> testing accuracy: 0.8378
[Fri Aug  8 11:08:57 2025] >> testing accuracy: 0.8324
[Fri Aug  8 11:08:59 2025] >> testing accuracy: 0.8311
[Fri Aug  8 11:09:02 2025] >> testing accuracy: 0.8213
[Fri Aug  8 11:09:05 2025] >> testing accuracy: 0.8175
[Fri Aug  8 11:09:05 2025] >> testing accuracy: 0.8175
[Fri Aug  8 11:09:07 2025] >> testing accuracy: 0.8105
[Fri Aug  8 11:09:10 2025] >> testing accuracy: 0.8058
[Fri Aug  8 11:09:12 2025] >> testing accuracy: 0.8020
[Fri Aug  8 11:09:15 2025] >> testing accuracy: 0.8004
[Fri Aug  8 11:09:18 2025] >> testing accuracy: 0.7976
[Fri Aug  8 11:09:20 2025] >> testing accuracy: 0.7992
[Fri Aug  8 11:09:23 2025] >> testing accuracy: 0.7939
[Fri Aug  8 11:09:26 2025] >> testing accuracy: 0.7910
[Fri Aug  8 11:09:28 2025] >> testing accuracy: 0.7861
[Fri Aug  8 11:09:31 2025] >> testing accuracy: 0.7907
[Fri Aug  8 11:09:34 2025] >> testing accuracy: 0.7897
[Fri Aug  8 11:09:36 2025] >> testing accuracy: 0.7831
[Fri Aug  8 11:09:39 2025] >> testing accuracy: 0.7850
[Fri Aug  8 11:09:42 2025] >> testing accuracy: 0.7846
[Fri Aug  8 11:09:45 2025] >> testing accuracy: 0.7819
[Fri Aug  8 11:09:47 2025] >> testing accuracy: 0.7726
[Fri Aug  8 11:09:50 2025] >> testing accuracy: 0.7717
[Fri Aug  8 11:09:53 2025] >> testing accuracy: 0.7709
[Fri Aug  8 11:09:56 2025] >> testing accuracy: 0.7697
[Fri Aug  8 11:09:58 2025] >> testing accuracy: 0.7710
[Fri Aug  8 11:10:01 2025] >> testing accuracy: 0.7717
[Fri Aug  8 11:10:04 2025] >> testing accuracy: 0.7614
[Fri Aug  8 11:10:07 2025] >> testing accuracy: 0.7638
[Fri Aug  8 11:10:10 2025] >> testing accuracy: 0.7597
[Fri Aug  8 11:10:13 2025] >> testing accuracy: 0.7647
[Fri Aug  8 11:10:15 2025] >> testing accuracy: 0.7545
[Fri Aug  8 11:10:18 2025] >> testing accuracy: 0.7522
[Fri Aug  8 11:10:21 2025] >> testing accuracy: 0.7546
[Fri Aug  8 11:10:24 2025] >> testing accuracy: 0.7503
[Fri Aug  8 11:10:27 2025] >> testing accuracy: 0.7549
[Fri Aug  8 11:10:29 2025] >> testing accuracy: 0.7468
[Fri Aug  8 11:10:32 2025] >> testing accuracy: 0.7495
[Fri Aug  8 11:10:36 2025] >> testing accuracy: 0.7409
[Fri Aug  8 11:10:39 2025] >> testing accuracy: 0.7387
[Fri Aug  8 11:10:42 2025] >> testing accuracy: 0.7311
[Fri Aug  8 11:10:45 2025] >> testing accuracy: 0.7353
[Fri Aug  8 11:10:48 2025] >> testing accuracy: 0.7360
[Fri Aug  8 11:10:51 2025] >> testing accuracy: 0.7342
[Fri Aug  8 11:10:54 2025] >> testing accuracy: 0.7276
[Fri Aug  8 11:10:57 2025] >> testing accuracy: 0.7302
[Fri Aug  8 11:11:00 2025] >> testing accuracy: 0.7315
[Fri Aug  8 11:11:03 2025] >> testing accuracy: 0.7194
[Fri Aug  8 11:11:06 2025] >> testing accuracy: 0.7197
[Fri Aug  8 11:11:09 2025] >> testing accuracy: 0.7227
[Fri Aug  8 11:11:12 2025] >> testing accuracy: 0.7148
[Fri Aug  8 11:11:15 2025] >> testing accuracy: 0.7166
[Fri Aug  8 11:11:18 2025] >> testing accuracy: 0.7107
[Fri Aug  8 11:11:21 2025] >> testing accuracy: 0.7171
[Fri Aug  8 11:11:24 2025] >> testing accuracy: 0.7134
[Fri Aug  8 11:11:27 2025] >> testing accuracy: 0.7060
[Fri Aug  8 11:11:30 2025] >> testing accuracy: 0.7071
[Fri Aug  8 11:11:34 2025] >> testing accuracy: 0.7051
[Fri Aug  8 11:11:37 2025] >> testing accuracy: 0.7005
[Fri Aug  8 11:11:40 2025] >> testing accuracy: 0.7034
[Fri Aug  8 11:11:43 2025] >> testing accuracy: 0.7021
[Fri Aug  8 11:11:46 2025] >> testing accuracy: 0.7036
[Fri Aug  8 11:11:49 2025] >> testing accuracy: 0.7018
[Fri Aug  8 11:11:52 2025] >> testing accuracy: 0.7020
[Fri Aug  8 11:11:56 2025] >> testing accuracy: 0.7018
[Fri Aug  8 11:11:59 2025] >> testing accuracy: 0.6970
[Fri Aug  8 11:12:02 2025] >> testing accuracy: 0.6966
[Fri Aug  8 11:12:05 2025] >> testing accuracy: 0.6957
[Fri Aug  8 11:12:08 2025] >> testing accuracy: 0.6968
[Fri Aug  8 11:12:11 2025] >> testing accuracy: 0.6866
[Fri Aug  8 11:12:15 2025] >> testing accuracy: 0.6847
[Fri Aug  8 11:12:18 2025] >> testing accuracy: 0.6875
[Fri Aug  8 11:12:21 2025] >> testing accuracy: 0.6845
[Fri Aug  8 11:12:25 2025] >> testing accuracy: 0.6835
[Fri Aug  8 11:12:28 2025] >> testing accuracy: 0.6863
[Fri Aug  8 11:12:31 2025] >> testing accuracy: 0.6864
[Fri Aug  8 11:12:34 2025] >> testing accuracy: 0.6812
[Fri Aug  8 11:12:38 2025] >> testing accuracy: 0.6768
[Fri Aug  8 11:12:41 2025] >> testing accuracy: 0.6803
[Fri Aug  8 11:12:41 2025] >> 
[Fri Aug  8 11:12:41 2025] >> network: vgg11ManiCifar10
[Fri Aug  8 11:12:43 2025] >> testing accuracy: 0.8584,
[Fri Aug  8 11:12:43 2025] >> testing accuracy: 0.8584,
[Fri Aug  8 11:12:43 2025] >> testing accuracy: 0.8584,
[Fri Aug  8 11:12:43 2025] >> testing accuracy: 0.8584,
[Fri Aug  8 11:12:43 2025] >> testing accuracy: 0.8584,
[Fri Aug  8 11:12:43 2025] >> testing accuracy: 0.8584,
[Fri Aug  8 11:12:43 2025] >> testing accuracy: 0.8584,
[Fri Aug  8 11:12:43 2025] >> testing accuracy: 0.8584,
[Fri Aug  8 11:12:43 2025] >> testing accuracy: 0.8584,
[Fri Aug  8 11:12:43 2025] >> testing accuracy: 0.8584,
[Fri Aug  8 11:12:43 2025] >> testing accuracy: 0.8584,
[Fri Aug  8 11:12:43 2025] >> testing accuracy: 0.8584,
[Fri Aug  8 11:12:43 2025] >> testing accuracy: 0.8584,
[Fri Aug  8 11:12:43 2025] >> testing accuracy: 0.8584,
[Fri Aug  8 11:12:43 2025] >> testing accuracy: 0.8584,
[Fri Aug  8 11:12:43 2025] >> testing accuracy: 0.8584,
[Fri Aug  8 11:12:43 2025] >> testing accuracy: 0.8584,
[Fri Aug  8 11:12:43 2025] >> testing accuracy: 0.8584,
[Fri Aug  8 11:12:43 2025] >> testing accuracy: 0.8584,
[Fri Aug  8 11:12:43 2025] >> testing accuracy: 0.8584,
[Fri Aug  8 11:12:43 2025] >> testing accuracy: 0.8584,
[Fri Aug  8 11:12:43 2025] >> testing accuracy: 0.8584,
[Fri Aug  8 11:12:43 2025] >> testing accuracy: 0.8584,
[Fri Aug  8 11:12:43 2025] >> testing accuracy: 0.8584,
[Fri Aug  8 11:12:43 2025] >> testing accuracy: 0.8584,
[Fri Aug  8 11:12:43 2025] >> testing accuracy: 0.8584,
[Fri Aug  8 11:12:43 2025] >> testing accuracy: 0.8584,
[Fri Aug  8 11:12:43 2025] >> testing accuracy: 0.8584,
[Fri Aug  8 11:12:43 2025] >> testing accuracy: 0.8584,
[Fri Aug  8 11:12:43 2025] >> testing accuracy: 0.8584,
[Fri Aug  8 11:12:43 2025] >> testing accuracy: 0.8584,
[Fri Aug  8 11:12:43 2025] >> testing accuracy: 0.8584,
[Fri Aug  8 11:12:43 2025] >> testing accuracy: 0.8584,
[Fri Aug  8 11:12:43 2025] >> testing accuracy: 0.8584,
[Fri Aug  8 11:12:43 2025] >> testing accuracy: 0.8584,
[Fri Aug  8 11:12:43 2025] >> testing accuracy: 0.8584,
[Fri Aug  8 11:12:43 2025] >> testing accuracy: 0.8584,
[Fri Aug  8 11:12:43 2025] >> testing accuracy: 0.8584,
[Fri Aug  8 11:12:43 2025] >> testing accuracy: 0.8584,
[Fri Aug  8 11:12:43 2025] >> testing accuracy: 0.8584,
[Fri Aug  8 11:12:43 2025] >> testing accuracy: 0.8584,
[Fri Aug  8 11:12:43 2025] >> testing accuracy: 0.8584,
[Fri Aug  8 11:12:43 2025] >> testing accuracy: 0.8584,
[Fri Aug  8 11:12:43 2025] >> testing accuracy: 0.8584,
[Fri Aug  8 11:12:43 2025] >> testing accuracy: 0.8584,
[Fri Aug  8 11:12:43 2025] >> testing accuracy: 0.8584,
[Fri Aug  8 11:12:43 2025] >> testing accuracy: 0.8584,
[Fri Aug  8 11:12:43 2025] >> testing accuracy: 0.8584,
[Fri Aug  8 11:12:43 2025] >> testing accuracy: 0.8584,
[Fri Aug  8 11:12:43 2025] >> testing accuracy: 0.8584,
[Fri Aug  8 11:12:43 2025] >> testing accuracy: 0.8584,
[Fri Aug  8 11:12:43 2025] >> testing accuracy: 0.8584,
[Fri Aug  8 11:12:43 2025] >> testing accuracy: 0.8584,
[Fri Aug  8 11:12:43 2025] >> testing accuracy: 0.8584,
[Fri Aug  8 11:12:43 2025] >> testing accuracy: 0.8584,
[Fri Aug  8 11:12:43 2025] >> testing accuracy: 0.8584,
[Fri Aug  8 11:12:43 2025] >> testing accuracy: 0.8584,
[Fri Aug  8 11:12:43 2025] >> testing accuracy: 0.8584,
[Fri Aug  8 11:12:43 2025] >> testing accuracy: 0.8584,
[Fri Aug  8 11:12:43 2025] >> testing accuracy: 0.8584,
[Fri Aug  8 11:12:43 2025] >> testing accuracy: 0.8584,
[Fri Aug  8 11:12:43 2025] >> testing accuracy: 0.8584,
[Fri Aug  8 11:12:43 2025] >> testing accuracy: 0.8584,
[Fri Aug  8 11:12:43 2025] >> testing accuracy: 0.8584,
[Fri Aug  8 11:12:43 2025] >> testing accuracy: 0.8584,
[Fri Aug  8 11:12:43 2025] >> testing accuracy: 0.8584,
[Fri Aug  8 11:12:43 2025] >> testing accuracy: 0.8584,
[Fri Aug  8 11:12:43 2025] >> testing accuracy: 0.8584,
[Fri Aug  8 11:12:43 2025] >> testing accuracy: 0.8584,
[Fri Aug  8 11:12:43 2025] >> testing accuracy: 0.8584,
[Fri Aug  8 11:12:43 2025] >> testing accuracy: 0.8584,
[Fri Aug  8 11:12:43 2025] >> testing accuracy: 0.8584,
[Fri Aug  8 11:12:43 2025] >> testing accuracy: 0.8584,
[Fri Aug  8 11:12:43 2025] >> testing accuracy: 0.8584,
[Fri Aug  8 11:12:43 2025] >> testing accuracy: 0.8584,
[Fri Aug  8 11:12:43 2025] >> testing accuracy: 0.8584,
[Fri Aug  8 11:12:43 2025] >> testing accuracy: 0.8584,
[Fri Aug  8 11:12:43 2025] >> testing accuracy: 0.8584,
[Fri Aug  8 11:12:43 2025] >> testing accuracy: 0.8584,
[Fri Aug  8 11:12:43 2025] >> testing accuracy: 0.8584,
[Fri Aug  8 11:12:43 2025] >> testing accuracy: 0.8584,
[Fri Aug  8 11:12:43 2025] >> testing accuracy: 0.8584,
[Fri Aug  8 11:12:43 2025] >> testing accuracy: 0.8584,
[Fri Aug  8 11:12:43 2025] >> testing accuracy: 0.8584,
[Fri Aug  8 11:12:43 2025] >> testing accuracy: 0.8584,
[Fri Aug  8 11:12:43 2025] >> testing accuracy: 0.8584,
[Fri Aug  8 11:12:43 2025] >> testing accuracy: 0.8584,
[Fri Aug  8 11:12:43 2025] >> testing accuracy: 0.8584,
[Fri Aug  8 11:12:43 2025] >> testing accuracy: 0.8584,
[Fri Aug  8 11:12:43 2025] >> testing accuracy: 0.8584,
[Fri Aug  8 11:12:43 2025] >> testing accuracy: 0.8584,
[Fri Aug  8 11:12:43 2025] >> testing accuracy: 0.8584,
[Fri Aug  8 11:12:43 2025] >> testing accuracy: 0.8584,
[Fri Aug  8 11:12:43 2025] >> testing accuracy: 0.8584,
[Fri Aug  8 11:12:43 2025] >> testing accuracy: 0.8584,
[Fri Aug  8 11:12:43 2025] >> testing accuracy: 0.8584,
[Fri Aug  8 11:12:43 2025] >> testing accuracy: 0.8584,
[Fri Aug  8 11:12:43 2025] >> testing accuracy: 0.8584,
[Fri Aug  8 11:12:43 2025] >> testing accuracy: 0.8584,
[Fri Aug  8 11:12:43 2025] >> testing accuracy: 0.8584,
[Fri Aug  8 11:12:43 2025] >> testing accuracy: 0.8584,
[Fri Aug  8 11:12:43 2025] >> testing accuracy: 0.8584,
[Fri Aug  8 11:12:43 2025] >> testing accuracy: 0.8584,
[Fri Aug  8 11:12:45 2025] >> testing accuracy: 0.8578,
[Fri Aug  8 11:12:45 2025] >> testing accuracy: 0.8578,
[Fri Aug  8 11:12:45 2025] >> testing accuracy: 0.8578,
[Fri Aug  8 11:12:48 2025] >> testing accuracy: 0.8583,
[Fri Aug  8 11:12:50 2025] >> testing accuracy: 0.8557,
[Fri Aug  8 11:12:52 2025] >> testing accuracy: 0.8525,
[Fri Aug  8 11:12:52 2025] >> testing accuracy: 0.8525,
[Fri Aug  8 11:12:54 2025] >> testing accuracy: 0.8532,
[Fri Aug  8 11:12:57 2025] >> testing accuracy: 0.8514,
[Fri Aug  8 11:12:59 2025] >> testing accuracy: 0.8524,
[Fri Aug  8 11:13:01 2025] >> testing accuracy: 0.8319,
[Fri Aug  8 11:13:01 2025] >> testing accuracy: 0.8319,
[Fri Aug  8 11:13:01 2025] >> testing accuracy: 0.8319,
[Fri Aug  8 11:13:04 2025] >> testing accuracy: 0.8160,
[Fri Aug  8 11:13:06 2025] >> testing accuracy: 0.8040,
[Fri Aug  8 11:13:09 2025] >> testing accuracy: 0.7970,
[Fri Aug  8 11:13:11 2025] >> testing accuracy: 0.7810,
[Fri Aug  8 11:13:13 2025] >> testing accuracy: 0.7779,
[Fri Aug  8 11:13:16 2025] >> testing accuracy: 0.7656,
[Fri Aug  8 11:13:18 2025] >> testing accuracy: 0.7609,
[Fri Aug  8 11:13:20 2025] >> testing accuracy: 0.7506,
[Fri Aug  8 11:13:23 2025] >> testing accuracy: 0.7345,
[Fri Aug  8 11:13:25 2025] >> testing accuracy: 0.7248,
[Fri Aug  8 11:13:25 2025] >> testing accuracy: 0.7248,
[Fri Aug  8 11:13:27 2025] >> testing accuracy: 0.7221,
[Fri Aug  8 11:13:30 2025] >> testing accuracy: 0.7116,
[Fri Aug  8 11:13:32 2025] >> testing accuracy: 0.7055,
[Fri Aug  8 11:13:35 2025] >> testing accuracy: 0.6932,
[Fri Aug  8 11:13:37 2025] >> testing accuracy: 0.6911,
[Fri Aug  8 11:13:39 2025] >> testing accuracy: 0.6794,
[Fri Aug  8 11:13:42 2025] >> testing accuracy: 0.6814,
[Fri Aug  8 11:13:44 2025] >> testing accuracy: 0.6678,
[Fri Aug  8 11:13:46 2025] >> testing accuracy: 0.6635,
[Fri Aug  8 11:13:49 2025] >> testing accuracy: 0.6564,
[Fri Aug  8 11:13:51 2025] >> testing accuracy: 0.6552,
[Fri Aug  8 11:13:53 2025] >> testing accuracy: 0.6460,
[Fri Aug  8 11:13:56 2025] >> testing accuracy: 0.6528,
[Fri Aug  8 11:13:58 2025] >> testing accuracy: 0.6473,
[Fri Aug  8 11:14:00 2025] >> testing accuracy: 0.6439,
[Fri Aug  8 11:14:03 2025] >> testing accuracy: 0.6358,
[Fri Aug  8 11:14:05 2025] >> testing accuracy: 0.6329,
[Fri Aug  8 11:14:08 2025] >> testing accuracy: 0.6328,
[Fri Aug  8 11:14:10 2025] >> testing accuracy: 0.6228,
[Fri Aug  8 11:14:13 2025] >> testing accuracy: 0.6230,
[Fri Aug  8 11:14:15 2025] >> testing accuracy: 0.6254,
[Fri Aug  8 11:14:17 2025] >> testing accuracy: 0.6165,
[Fri Aug  8 11:14:20 2025] >> testing accuracy: 0.6230,
[Fri Aug  8 11:14:22 2025] >> testing accuracy: 0.6183,
[Fri Aug  8 11:14:25 2025] >> testing accuracy: 0.6190,
[Fri Aug  8 11:14:27 2025] >> testing accuracy: 0.6195,
[Fri Aug  8 11:14:29 2025] >> testing accuracy: 0.6204,
[Fri Aug  8 11:14:32 2025] >> testing accuracy: 0.6172,
[Fri Aug  8 11:14:34 2025] >> testing accuracy: 0.6129,
[Fri Aug  8 11:14:37 2025] >> testing accuracy: 0.6215,
[Fri Aug  8 11:14:39 2025] >> testing accuracy: 0.6148,
[Fri Aug  8 11:14:42 2025] >> testing accuracy: 0.6084,
[Fri Aug  8 11:14:45 2025] >> testing accuracy: 0.6061,
[Fri Aug  8 11:14:47 2025] >> testing accuracy: 0.6087,
[Fri Aug  8 11:14:50 2025] >> testing accuracy: 0.6093,
[Fri Aug  8 11:14:52 2025] >> testing accuracy: 0.6040,
[Fri Aug  8 11:14:55 2025] >> testing accuracy: 0.6010,
[Fri Aug  8 11:14:58 2025] >> testing accuracy: 0.5971,
[Fri Aug  8 11:15:00 2025] >> testing accuracy: 0.5984,
[Fri Aug  8 11:15:03 2025] >> testing accuracy: 0.5919,
[Fri Aug  8 11:15:05 2025] >> testing accuracy: 0.5924,
[Fri Aug  8 11:15:08 2025] >> testing accuracy: 0.5843,
[Fri Aug  8 11:15:11 2025] >> testing accuracy: 0.5827,
[Fri Aug  8 11:15:13 2025] >> testing accuracy: 0.5789,
[Fri Aug  8 11:15:16 2025] >> testing accuracy: 0.5826,
[Fri Aug  8 11:15:19 2025] >> testing accuracy: 0.5738,
[Fri Aug  8 11:15:21 2025] >> testing accuracy: 0.5666,
[Fri Aug  8 11:15:24 2025] >> testing accuracy: 0.5722,
[Fri Aug  8 11:15:27 2025] >> testing accuracy: 0.5706,
[Fri Aug  8 11:15:29 2025] >> testing accuracy: 0.5639,
[Fri Aug  8 11:15:32 2025] >> testing accuracy: 0.5674,
[Fri Aug  8 11:15:35 2025] >> testing accuracy: 0.5642,
[Fri Aug  8 11:15:37 2025] >> testing accuracy: 0.5626,
[Fri Aug  8 11:15:40 2025] >> testing accuracy: 0.5459,
[Fri Aug  8 11:15:43 2025] >> testing accuracy: 0.5444,
[Fri Aug  8 11:15:46 2025] >> testing accuracy: 0.5390,
[Fri Aug  8 11:15:48 2025] >> testing accuracy: 0.5473,
[Fri Aug  8 11:15:51 2025] >> testing accuracy: 0.5425,
[Fri Aug  8 11:15:54 2025] >> testing accuracy: 0.5293,
[Fri Aug  8 11:15:57 2025] >> testing accuracy: 0.5257,
[Fri Aug  8 11:16:00 2025] >> testing accuracy: 0.5231,
[Fri Aug  8 11:16:02 2025] >> testing accuracy: 0.5205,
[Fri Aug  8 11:16:05 2025] >> testing accuracy: 0.5181,
[Fri Aug  8 11:16:08 2025] >> testing accuracy: 0.5062,
[Fri Aug  8 11:16:11 2025] >> testing accuracy: 0.5136,
[Fri Aug  8 11:16:14 2025] >> testing accuracy: 0.4966,
[Fri Aug  8 11:16:17 2025] >> testing accuracy: 0.5069,
[Fri Aug  8 11:16:19 2025] >> testing accuracy: 0.4932,
[Fri Aug  8 11:16:22 2025] >> testing accuracy: 0.4909,
[Fri Aug  8 11:16:25 2025] >> testing accuracy: 0.4858,
[Fri Aug  8 11:16:28 2025] >> testing accuracy: 0.4835,
[Fri Aug  8 11:16:31 2025] >> testing accuracy: 0.4791,
[Fri Aug  8 11:16:34 2025] >> testing accuracy: 0.4718,
[Fri Aug  8 11:16:34 2025] >> 
[Fri Aug  8 11:16:34 2025] >> network: vgg19ManiCifar10
[Fri Aug  8 11:16:36 2025] >> testing accuracy: 0.8889
[Fri Aug  8 11:16:36 2025] >> testing accuracy: 0.8889
[Fri Aug  8 11:16:36 2025] >> testing accuracy: 0.8889
[Fri Aug  8 11:16:36 2025] >> testing accuracy: 0.8889
[Fri Aug  8 11:16:36 2025] >> testing accuracy: 0.8889
[Fri Aug  8 11:16:36 2025] >> testing accuracy: 0.8889
[Fri Aug  8 11:16:36 2025] >> testing accuracy: 0.8889
[Fri Aug  8 11:16:36 2025] >> testing accuracy: 0.8889
[Fri Aug  8 11:16:36 2025] >> testing accuracy: 0.8889
[Fri Aug  8 11:16:36 2025] >> testing accuracy: 0.8889
[Fri Aug  8 11:16:36 2025] >> testing accuracy: 0.8889
[Fri Aug  8 11:16:36 2025] >> testing accuracy: 0.8889
[Fri Aug  8 11:16:36 2025] >> testing accuracy: 0.8889
[Fri Aug  8 11:16:36 2025] >> testing accuracy: 0.8889
[Fri Aug  8 11:16:36 2025] >> testing accuracy: 0.8889
[Fri Aug  8 11:16:36 2025] >> testing accuracy: 0.8889
[Fri Aug  8 11:16:36 2025] >> testing accuracy: 0.8889
[Fri Aug  8 11:16:36 2025] >> testing accuracy: 0.8889
[Fri Aug  8 11:16:36 2025] >> testing accuracy: 0.8889
[Fri Aug  8 11:16:36 2025] >> testing accuracy: 0.8889
[Fri Aug  8 11:16:36 2025] >> testing accuracy: 0.8889
[Fri Aug  8 11:16:36 2025] >> testing accuracy: 0.8889
[Fri Aug  8 11:16:36 2025] >> testing accuracy: 0.8889
[Fri Aug  8 11:16:36 2025] >> testing accuracy: 0.8889
[Fri Aug  8 11:16:36 2025] >> testing accuracy: 0.8889
[Fri Aug  8 11:16:36 2025] >> testing accuracy: 0.8889
[Fri Aug  8 11:16:36 2025] >> testing accuracy: 0.8889
[Fri Aug  8 11:16:36 2025] >> testing accuracy: 0.8889
[Fri Aug  8 11:16:36 2025] >> testing accuracy: 0.8889
[Fri Aug  8 11:16:36 2025] >> testing accuracy: 0.8889
[Fri Aug  8 11:16:36 2025] >> testing accuracy: 0.8889
[Fri Aug  8 11:16:36 2025] >> testing accuracy: 0.8889
[Fri Aug  8 11:16:36 2025] >> testing accuracy: 0.8889
[Fri Aug  8 11:16:36 2025] >> testing accuracy: 0.8889
[Fri Aug  8 11:16:36 2025] >> testing accuracy: 0.8889
[Fri Aug  8 11:16:36 2025] >> testing accuracy: 0.8889
[Fri Aug  8 11:16:36 2025] >> testing accuracy: 0.8889
[Fri Aug  8 11:16:36 2025] >> testing accuracy: 0.8889
[Fri Aug  8 11:16:36 2025] >> testing accuracy: 0.8889
[Fri Aug  8 11:16:36 2025] >> testing accuracy: 0.8889
[Fri Aug  8 11:16:36 2025] >> testing accuracy: 0.8889
[Fri Aug  8 11:16:36 2025] >> testing accuracy: 0.8889
[Fri Aug  8 11:16:36 2025] >> testing accuracy: 0.8889
[Fri Aug  8 11:16:36 2025] >> testing accuracy: 0.8889
[Fri Aug  8 11:16:36 2025] >> testing accuracy: 0.8889
[Fri Aug  8 11:16:36 2025] >> testing accuracy: 0.8889
[Fri Aug  8 11:16:36 2025] >> testing accuracy: 0.8889
[Fri Aug  8 11:16:36 2025] >> testing accuracy: 0.8889
[Fri Aug  8 11:16:36 2025] >> testing accuracy: 0.8889
[Fri Aug  8 11:16:36 2025] >> testing accuracy: 0.8889
[Fri Aug  8 11:16:36 2025] >> testing accuracy: 0.8889
[Fri Aug  8 11:16:36 2025] >> testing accuracy: 0.8889
[Fri Aug  8 11:16:36 2025] >> testing accuracy: 0.8889
[Fri Aug  8 11:16:36 2025] >> testing accuracy: 0.8889
[Fri Aug  8 11:16:36 2025] >> testing accuracy: 0.8889
[Fri Aug  8 11:16:36 2025] >> testing accuracy: 0.8889
[Fri Aug  8 11:16:36 2025] >> testing accuracy: 0.8889
[Fri Aug  8 11:16:36 2025] >> testing accuracy: 0.8889
[Fri Aug  8 11:16:36 2025] >> testing accuracy: 0.8889
[Fri Aug  8 11:16:36 2025] >> testing accuracy: 0.8889
[Fri Aug  8 11:16:36 2025] >> testing accuracy: 0.8889
[Fri Aug  8 11:16:36 2025] >> testing accuracy: 0.8889
[Fri Aug  8 11:16:36 2025] >> testing accuracy: 0.8889
[Fri Aug  8 11:16:36 2025] >> testing accuracy: 0.8889
[Fri Aug  8 11:16:36 2025] >> testing accuracy: 0.8889
[Fri Aug  8 11:16:36 2025] >> testing accuracy: 0.8889
[Fri Aug  8 11:16:36 2025] >> testing accuracy: 0.8889
[Fri Aug  8 11:16:36 2025] >> testing accuracy: 0.8889
[Fri Aug  8 11:16:36 2025] >> testing accuracy: 0.8889
[Fri Aug  8 11:16:36 2025] >> testing accuracy: 0.8889
[Fri Aug  8 11:16:36 2025] >> testing accuracy: 0.8889
[Fri Aug  8 11:16:36 2025] >> testing accuracy: 0.8889
[Fri Aug  8 11:16:36 2025] >> testing accuracy: 0.8889
[Fri Aug  8 11:16:36 2025] >> testing accuracy: 0.8889
[Fri Aug  8 11:16:36 2025] >> testing accuracy: 0.8889
[Fri Aug  8 11:16:36 2025] >> testing accuracy: 0.8889
[Fri Aug  8 11:16:36 2025] >> testing accuracy: 0.8889
[Fri Aug  8 11:16:36 2025] >> testing accuracy: 0.8889
[Fri Aug  8 11:16:36 2025] >> testing accuracy: 0.8889
[Fri Aug  8 11:16:36 2025] >> testing accuracy: 0.8889
[Fri Aug  8 11:16:36 2025] >> testing accuracy: 0.8889
[Fri Aug  8 11:16:36 2025] >> testing accuracy: 0.8889
[Fri Aug  8 11:16:36 2025] >> testing accuracy: 0.8889
[Fri Aug  8 11:16:36 2025] >> testing accuracy: 0.8889
[Fri Aug  8 11:16:36 2025] >> testing accuracy: 0.8889
[Fri Aug  8 11:16:36 2025] >> testing accuracy: 0.8889
[Fri Aug  8 11:16:36 2025] >> testing accuracy: 0.8889
[Fri Aug  8 11:16:36 2025] >> testing accuracy: 0.8889
[Fri Aug  8 11:16:36 2025] >> testing accuracy: 0.8889
[Fri Aug  8 11:16:36 2025] >> testing accuracy: 0.8889
[Fri Aug  8 11:16:36 2025] >> testing accuracy: 0.8889
[Fri Aug  8 11:16:36 2025] >> testing accuracy: 0.8889
[Fri Aug  8 11:16:36 2025] >> testing accuracy: 0.8889
[Fri Aug  8 11:16:36 2025] >> testing accuracy: 0.8889
[Fri Aug  8 11:16:36 2025] >> testing accuracy: 0.8889
[Fri Aug  8 11:16:36 2025] >> testing accuracy: 0.8889
[Fri Aug  8 11:16:36 2025] >> testing accuracy: 0.8889
[Fri Aug  8 11:16:36 2025] >> testing accuracy: 0.8889
[Fri Aug  8 11:16:36 2025] >> testing accuracy: 0.8889
[Fri Aug  8 11:16:36 2025] >> testing accuracy: 0.8889
[Fri Aug  8 11:16:36 2025] >> testing accuracy: 0.8889
[Fri Aug  8 11:16:36 2025] >> testing accuracy: 0.8889
[Fri Aug  8 11:16:36 2025] >> testing accuracy: 0.8889
[Fri Aug  8 11:16:39 2025] >> testing accuracy: 0.8896
[Fri Aug  8 11:16:39 2025] >> testing accuracy: 0.8896
[Fri Aug  8 11:16:39 2025] >> testing accuracy: 0.8896
[Fri Aug  8 11:16:42 2025] >> testing accuracy: 0.8894
[Fri Aug  8 11:16:45 2025] >> testing accuracy: 0.8888
[Fri Aug  8 11:16:48 2025] >> testing accuracy: 0.8893
[Fri Aug  8 11:16:48 2025] >> testing accuracy: 0.8893
[Fri Aug  8 11:16:51 2025] >> testing accuracy: 0.8879
[Fri Aug  8 11:16:53 2025] >> testing accuracy: 0.8864
[Fri Aug  8 11:16:56 2025] >> testing accuracy: 0.8868
[Fri Aug  8 11:16:59 2025] >> testing accuracy: 0.8882
[Fri Aug  8 11:16:59 2025] >> testing accuracy: 0.8882
[Fri Aug  8 11:16:59 2025] >> testing accuracy: 0.8882
[Fri Aug  8 11:17:02 2025] >> testing accuracy: 0.8845
[Fri Aug  8 11:17:05 2025] >> testing accuracy: 0.8851
[Fri Aug  8 11:17:08 2025] >> testing accuracy: 0.8862
[Fri Aug  8 11:17:10 2025] >> testing accuracy: 0.8858
[Fri Aug  8 11:17:13 2025] >> testing accuracy: 0.8828
[Fri Aug  8 11:17:16 2025] >> testing accuracy: 0.8843
[Fri Aug  8 11:17:19 2025] >> testing accuracy: 0.8848
[Fri Aug  8 11:17:22 2025] >> testing accuracy: 0.8850
[Fri Aug  8 11:17:25 2025] >> testing accuracy: 0.8809
[Fri Aug  8 11:17:28 2025] >> testing accuracy: 0.8802
[Fri Aug  8 11:17:28 2025] >> testing accuracy: 0.8802
[Fri Aug  8 11:17:31 2025] >> testing accuracy: 0.8819
[Fri Aug  8 11:17:33 2025] >> testing accuracy: 0.8813
[Fri Aug  8 11:17:36 2025] >> testing accuracy: 0.8788
[Fri Aug  8 11:17:39 2025] >> testing accuracy: 0.8816
[Fri Aug  8 11:17:42 2025] >> testing accuracy: 0.8786
[Fri Aug  8 11:17:45 2025] >> testing accuracy: 0.8768
[Fri Aug  8 11:17:48 2025] >> testing accuracy: 0.8761
[Fri Aug  8 11:17:51 2025] >> testing accuracy: 0.8747
[Fri Aug  8 11:17:54 2025] >> testing accuracy: 0.8706
[Fri Aug  8 11:17:57 2025] >> testing accuracy: 0.8693
[Fri Aug  8 11:18:00 2025] >> testing accuracy: 0.8682
[Fri Aug  8 11:18:03 2025] >> testing accuracy: 0.8665
[Fri Aug  8 11:18:06 2025] >> testing accuracy: 0.8658
[Fri Aug  8 11:18:09 2025] >> testing accuracy: 0.8645
[Fri Aug  8 11:18:12 2025] >> testing accuracy: 0.8657
[Fri Aug  8 11:18:15 2025] >> testing accuracy: 0.8569
[Fri Aug  8 11:18:18 2025] >> testing accuracy: 0.8525
[Fri Aug  8 11:18:21 2025] >> testing accuracy: 0.8510
[Fri Aug  8 11:18:24 2025] >> testing accuracy: 0.8515
[Fri Aug  8 11:18:27 2025] >> testing accuracy: 0.8567
[Fri Aug  8 11:18:30 2025] >> testing accuracy: 0.8549
[Fri Aug  8 11:18:33 2025] >> testing accuracy: 0.8479
[Fri Aug  8 11:18:36 2025] >> testing accuracy: 0.8501
[Fri Aug  8 11:18:39 2025] >> testing accuracy: 0.8472
[Fri Aug  8 11:18:42 2025] >> testing accuracy: 0.8440
[Fri Aug  8 11:18:45 2025] >> testing accuracy: 0.8429
[Fri Aug  8 11:18:48 2025] >> testing accuracy: 0.8440
[Fri Aug  8 11:18:51 2025] >> testing accuracy: 0.8394
[Fri Aug  8 11:18:54 2025] >> testing accuracy: 0.8395
[Fri Aug  8 11:18:57 2025] >> testing accuracy: 0.8400
[Fri Aug  8 11:19:00 2025] >> testing accuracy: 0.8403
[Fri Aug  8 11:19:03 2025] >> testing accuracy: 0.8357
[Fri Aug  8 11:19:07 2025] >> testing accuracy: 0.8324
[Fri Aug  8 11:19:10 2025] >> testing accuracy: 0.8321
[Fri Aug  8 11:19:14 2025] >> testing accuracy: 0.8292
[Fri Aug  8 11:19:17 2025] >> testing accuracy: 0.8306
[Fri Aug  8 11:19:20 2025] >> testing accuracy: 0.8214
[Fri Aug  8 11:19:23 2025] >> testing accuracy: 0.8280
[Fri Aug  8 11:19:27 2025] >> testing accuracy: 0.8238
[Fri Aug  8 11:19:30 2025] >> testing accuracy: 0.8202
[Fri Aug  8 11:19:33 2025] >> testing accuracy: 0.8223
[Fri Aug  8 11:19:37 2025] >> testing accuracy: 0.8202
[Fri Aug  8 11:19:40 2025] >> testing accuracy: 0.8178
[Fri Aug  8 11:19:43 2025] >> testing accuracy: 0.8133
[Fri Aug  8 11:19:47 2025] >> testing accuracy: 0.8129
[Fri Aug  8 11:19:50 2025] >> testing accuracy: 0.8110
[Fri Aug  8 11:19:54 2025] >> testing accuracy: 0.8112
[Fri Aug  8 11:19:57 2025] >> testing accuracy: 0.8063
[Fri Aug  8 11:20:01 2025] >> testing accuracy: 0.8107
[Fri Aug  8 11:20:04 2025] >> testing accuracy: 0.8048
[Fri Aug  8 11:20:08 2025] >> testing accuracy: 0.8052
[Fri Aug  8 11:20:11 2025] >> testing accuracy: 0.7992
[Fri Aug  8 11:20:15 2025] >> testing accuracy: 0.8024
[Fri Aug  8 11:20:18 2025] >> testing accuracy: 0.7973
[Fri Aug  8 11:20:22 2025] >> testing accuracy: 0.7951
[Fri Aug  8 11:20:25 2025] >> testing accuracy: 0.7922
[Fri Aug  8 11:20:29 2025] >> testing accuracy: 0.7898
[Fri Aug  8 11:20:32 2025] >> testing accuracy: 0.7872
[Fri Aug  8 11:20:36 2025] >> testing accuracy: 0.7843
[Fri Aug  8 11:20:40 2025] >> testing accuracy: 0.7857
[Fri Aug  8 11:20:43 2025] >> testing accuracy: 0.7800
[Fri Aug  8 11:20:47 2025] >> testing accuracy: 0.7848
[Fri Aug  8 11:20:51 2025] >> testing accuracy: 0.7782
[Fri Aug  8 11:20:54 2025] >> testing accuracy: 0.7742
[Fri Aug  8 11:20:58 2025] >> testing accuracy: 0.7694
[Fri Aug  8 11:21:02 2025] >> testing accuracy: 0.7674
[Fri Aug  8 11:21:05 2025] >> testing accuracy: 0.7652
[Fri Aug  8 11:21:09 2025] >> testing accuracy: 0.7625
[Fri Aug  8 11:21:13 2025] >> testing accuracy: 0.7678
[Fri Aug  8 11:21:17 2025] >> testing accuracy: 0.7649
[Fri Aug  8 11:21:21 2025] >> testing accuracy: 0.7596
[Fri Aug  8 11:21:24 2025] >> testing accuracy: 0.7523
[Fri Aug  8 11:21:28 2025] >> testing accuracy: 0.7561
[Fri Aug  8 11:21:28 2025] >> 
[Fri Aug  8 11:21:28 2025] >> PROGRAM FINISHED